10.100.81.100 - - [07/May/2022:14:54:58 +0800] "GET /static/index.js HTTP/1.1" 304 0 "http://10.100.80.14/task1" "Mozilla/5.0 (Windows NT 6.1; WOW64; Trident/7.0; rv:11.0) like Gecko"
10.100.81.100 - - [07/May/2022:14:54:58 +0800] "GET /favicon.ico HTTP/1.1" 404 232 "-" "Mozilla/5.0 (Windows NT 6.1; WOW64; Trident/7.0; rv:11.0) like Gecko"
10.100.81.100 - - [07/May/2022:14:54:58 +0800] "GET /task1 HTTP/1.1" 200 7342 "http://10.100.80.14/task1" "Mozilla/5.0 (Windows NT 6.1; WOW64; Trident/7.0; rv:11.0) like Gecko"
10.100.81.100 - - [07/May/2022:14:54:58 +0800] "GET /static/assets/css/bootstrap.css HTTP/1.1" 304 0 "http://10.100.80.14/task1" "Mozilla/5.0 (Windows NT 6.1; WOW64; Trident/7.0; rv:11.0) like Gecko"
10.100.81.100 - - [07/May/2022:14:54:58 +0800] "GET /static/assets/js/bootstrap.min.js HTTP/1.1" 304 0 "http://10.100.80.14/task1" "Mozilla/5.0 (Windows NT 6.1; WOW64; Trident/7.0; rv:11.0) like Gecko"
10.100.81.100 - - [07/May/2022:14:54:58 +0800] "GET /static/index.js HTTP/1.1" 304 0 "http://10.100.80.14/task1" "Mozilla/5.0 (Windows NT 6.1; WOW64; Trident/7.0; rv:11.0) like Gecko"
10.100.81.100 - - [07/May/2022:14:54:58 +0800] "GET /static/assets/js/hover.zoom.js HTTP/1.1" 304 0 "http://10.100.80.14/task1" "Mozilla/5.0 (Windows NT 6.1; WOW64; Trident/7.0; rv:11.0) like Gecko"
10.100.81.100 - - [07/May/2022:14:54:58 +0800] "GET /static/jquery-3.6.0.min.js HTTP/1.1" 304 0 "http://10.100.80.14/task1" "Mozilla/5.0 (Windows NT 6.1; WOW64; Trident/7.0; rv:11.0) like Gecko"
10.100.81.100 - - [07/May/2022:14:54:58 +0800] "GET /static/assets/js/hover.zoom.conf.js HTTP/1.1" 304 0 "http://10.100.80.14/task1" "Mozilla/5.0 (Windows NT 6.1; WOW64; Trident/7.0; rv:11.0) like Gecko"
10.100.81.100 - - [07/May/2022:14:54:58 +0800] "GET /static/assets/css/main.css HTTP/1.1" 304 0 "http://10.100.80.14/task1" "Mozilla/5.0 (Windows NT 6.1; WOW64; Trident/7.0; rv:11.0) like Gecko"
10.100.81.79 - - [07/May/2022:14:54:58 +0800] "POST /task_1_run HTTP/1.1" 200 22 "http://10.100.80.14/task1" "Mozilla/5.0 (Windows NT 6.1; Trident/7.0; rv:11.0) like Gecko"
10.100.81.79 - - [07/May/2022:14:54:58 +0800] "POST /task_1_run HTTP/1.1" 200 22 "http://10.100.80.14/task1" "Mozilla/5.0 (Windows NT 6.1; Trident/7.0; rv:11.0) like Gecko"
10.100.81.77 - - [07/May/2022:14:54:58 +0800] "POST /task_1_run HTTP/1.1" 200 28 "http://10.100.80.14/task1" "Mozilla/5.0 (Windows NT 6.1; Trident/7.0; rv:11.0) like Gecko"
10.100.81.79 - - [07/May/2022:14:54:59 +0800] "POST /task_1_run HTTP/1.1" 200 22 "http://10.100.80.14/task1" "Mozilla/5.0 (Windows NT 6.1; Trident/7.0; rv:11.0) like Gecko"
10.100.81.129 - - [07/May/2022:14:54:59 +0800] "POST /task_1_run HTTP/1.1" 200 22 "http://10.100.80.14/task1" "Mozilla/5.0 (Windows NT 6.1; WOW64; Trident/7.0; rv:11.0) like Gecko"
10.100.81.88 - - [07/May/2022:14:55:00 +0800] "POST /task_1_run HTTP/1.1" 200 28 "http://10.100.80.14/task1" "Mozilla/5.0 (Windows NT 6.1; Trident/7.0; rv:11.0) like Gecko"
10.100.81.104 - - [07/May/2022:14:55:01 +0800] "POST /task_1_run HTTP/1.1" 200 28 "http://10.100.80.14/task1" "Mozilla/5.0 (Windows NT 6.1; WOW64; Trident/7.0; rv:11.0) like Gecko"
10.100.81.133 - - [07/May/2022:14:55:01 +0800] "POST /task_1_run HTTP/1.1" 200 22 "http://10.100.80.14/task1" "Mozilla/5.0 (Windows NT 6.1; WOW64; Trident/7.0; rv:11.0) like Gecko"
10.100.81.101 - - [07/May/2022:14:55:02 +0800] "POST /task_1_run HTTP/1.1" 200 28 "http://10.100.80.14/task1" "Mozilla/5.0 (Windows NT 6.1; WOW64; Trident/7.0; rv:11.0) like Gecko"
10.100.81.133 - - [07/May/2022:14:55:02 +0800] "POST /task_1_run HTTP/1.1" 200 22 "http://10.100.80.14/task1" "Mozilla/5.0 (Windows NT 6.1; WOW64; Trident/7.0; rv:11.0) like Gecko"
10.100.81.82 - - [07/May/2022:14:55:02 +0800] "POST /task_1_run HTTP/1.1" 200 22 "http://10.100.80.14/task1" "Mozilla/5.0 (Windows NT 6.1; WOW64; Trident/7.0; rv:11.0) like Gecko"
10.100.81.133 - - [07/May/2022:14:55:02 +0800] "POST /task_1_run HTTP/1.1" 200 22 "http://10.100.80.14/task1" "Mozilla/5.0 (Windows NT 6.1; WOW64; Trident/7.0; rv:11.0) like Gecko"
10.100.81.133 - - [07/May/2022:14:55:02 +0800] "POST /task_1_run HTTP/1.1" 200 22 "http://10.100.80.14/task1" "Mozilla/5.0 (Windows NT 6.1; WOW64; Trident/7.0; rv:11.0) like Gecko"
10.100.81.133 - - [07/May/2022:14:55:03 +0800] "POST /task_1_run HTTP/1.1" 200 22 "http://10.100.80.14/task1" "Mozilla/5.0 (Windows NT 6.1; WOW64; Trident/7.0; rv:11.0) like Gecko"
10.100.81.133 - - [07/May/2022:14:55:03 +0800] "POST /task_1_run HTTP/1.1" 200 22 "http://10.100.80.14/task1" "Mozilla/5.0 (Windows NT 6.1; WOW64; Trident/7.0; rv:11.0) like Gecko"
10.100.81.105 - - [07/May/2022:14:55:03 +0800] "POST /task_2_run HTTP/1.1" 200 22 "http://10.100.80.14/task1" "Mozilla/5.0 (Windows NT 6.1; WOW64) AppleWebKit/537.36 (KHTML, like Gecko) Chrome/86.0.4240.198 Safari/537.36"
10.100.81.101 - - [07/May/2022:14:55:04 +0800] "POST /task_1_run HTTP/1.1" 200 28 "http://10.100.80.14/task1" "Mozilla/5.0 (Windows NT 6.1; WOW64; Trident/7.0; rv:11.0) like Gecko"
10.100.81.70 - - [07/May/2022:14:55:04 +0800] "POST /task_1_run HTTP/1.1" 200 22 "http://10.100.80.14/task1" "Mozilla/5.0 (Windows NT 6.1; Trident/7.0; rv:11.0) like Gecko"
10.100.81.78 - - [07/May/2022:14:55:05 +0800] "POST /task_1_run HTTP/1.1" 200 22 "http://10.100.80.14/task1" "Mozilla/5.0 (Windows NT 6.1; Trident/7.0; rv:11.0) like Gecko"
10.100.81.78 - - [07/May/2022:14:55:06 +0800] "POST /task_1_run HTTP/1.1" 200 22 "http://10.100.80.14/task1" "Mozilla/5.0 (Windows NT 6.1; Trident/7.0; rv:11.0) like Gecko"
10.100.81.78 - - [07/May/2022:14:55:06 +0800] "POST /task_1_run HTTP/1.1" 200 22 "http://10.100.80.14/task1" "Mozilla/5.0 (Windows NT 6.1; Trident/7.0; rv:11.0) like Gecko"
10.100.81.78 - - [07/May/2022:14:55:07 +0800] "POST /task_1_run HTTP/1.1" 200 22 "http://10.100.80.14/task1" "Mozilla/5.0 (Windows NT 6.1; Trident/7.0; rv:11.0) like Gecko"
10.100.81.78 - - [07/May/2022:14:55:07 +0800] "POST /task_1_run HTTP/1.1" 200 22 "http://10.100.80.14/task1" "Mozilla/5.0 (Windows NT 6.1; Trident/7.0; rv:11.0) like Gecko"
10.100.81.78 - - [07/May/2022:14:55:07 +0800] "POST /task_1_run HTTP/1.1" 200 22 "http://10.100.80.14/task1" "Mozilla/5.0 (Windows NT 6.1; Trident/7.0; rv:11.0) like Gecko"
10.100.81.78 - - [07/May/2022:14:55:07 +0800] "POST /task_1_run HTTP/1.1" 200 22 "http://10.100.80.14/task1" "Mozilla/5.0 (Windows NT 6.1; Trident/7.0; rv:11.0) like Gecko"
10.100.81.78 - - [07/May/2022:14:55:08 +0800] "POST /task_1_run HTTP/1.1" 200 22 "http://10.100.80.14/task1" "Mozilla/5.0 (Windows NT 6.1; Trident/7.0; rv:11.0) like Gecko"
10.100.81.78 - - [07/May/2022:14:55:08 +0800] "POST /task_1_run HTTP/1.1" 200 22 "http://10.100.80.14/task1" "Mozilla/5.0 (Windows NT 6.1; Trident/7.0; rv:11.0) like Gecko"
10.100.81.78 - - [07/May/2022:14:55:08 +0800] "POST /task_1_run HTTP/1.1" 200 22 "http://10.100.80.14/task1" "Mozilla/5.0 (Windows NT 6.1; Trident/7.0; rv:11.0) like Gecko"
10.100.81.107 - - [07/May/2022:14:55:08 +0800] "POST /task_1_run HTTP/1.1" 200 28 "http://10.100.80.14/task1" "Mozilla/5.0 (Windows NT 6.1; WOW64; Trident/7.0; rv:11.0) like Gecko"
10.100.81.102 - - [07/May/2022:14:55:09 +0800] "POST /task_1_run HTTP/1.1" 200 22 "http://10.100.80.14/task1" "Mozilla/5.0 (Windows NT 6.1; WOW64) AppleWebKit/537.36 (KHTML, like Gecko) Chrome/86.0.4240.198 Safari/537.36"
10.100.81.129 - - [07/May/2022:14:55:09 +0800] "POST /task_1_run HTTP/1.1" 200 22 "http://10.100.80.14/task1" "Mozilla/5.0 (Windows NT 6.1; WOW64; Trident/7.0; rv:11.0) like Gecko"
10.100.81.100 - - [07/May/2022:14:55:10 +0800] "POST /task_1_run HTTP/1.1" 200 22 "http://10.100.80.14/task1" "Mozilla/5.0 (Windows NT 6.1; WOW64; Trident/7.0; rv:11.0) like Gecko"
10.100.81.100 - - [07/May/2022:14:55:10 +0800] "POST /task_1_run HTTP/1.1" 200 22 "http://10.100.80.14/task1" "Mozilla/5.0 (Windows NT 6.1; WOW64; Trident/7.0; rv:11.0) like Gecko"
10.100.81.100 - - [07/May/2022:14:55:10 +0800] "POST /task_1_run HTTP/1.1" 200 22 "http://10.100.80.14/task1" "Mozilla/5.0 (Windows NT 6.1; WOW64; Trident/7.0; rv:11.0) like Gecko"
10.100.81.103 - - [07/May/2022:14:55:10 +0800] "POST /task_1_run HTTP/1.1" 200 28 "http://10.100.80.14/task1" "Mozilla/5.0 (Windows NT 6.1; WOW64) AppleWebKit/537.36 (KHTML, like Gecko) Chrome/86.0.4240.198 Safari/537.36"
10.100.81.100 - - [07/May/2022:14:55:11 +0800] "POST /task_1_run HTTP/1.1" 200 22 "http://10.100.80.14/task1" "Mozilla/5.0 (Windows NT 6.1; WOW64; Trident/7.0; rv:11.0) like Gecko"
10.100.81.102 - - [07/May/2022:14:55:11 +0800] "POST /task_1_run HTTP/1.1" 200 22 "http://10.100.80.14/task1" "Mozilla/5.0 (Windows NT 6.1; WOW64) AppleWebKit/537.36 (KHTML, like Gecko) Chrome/86.0.4240.198 Safari/537.36"
10.100.81.105 - - [07/May/2022:14:55:11 +0800] "POST /task_2_run HTTP/1.1" 200 22 "http://10.100.80.14/task1" "Mozilla/5.0 (Windows NT 6.1; WOW64) AppleWebKit/537.36 (KHTML, like Gecko) Chrome/86.0.4240.198 Safari/537.36"
10.100.81.109 - - [07/May/2022:14:55:11 +0800] "GET /favicon.ico HTTP/1.1" 404 232 "-" "Mozilla/5.0 (Windows NT 6.1; WOW64; Trident/7.0; rv:11.0) like Gecko"
10.100.81.100 - - [07/May/2022:14:55:11 +0800] "POST /task_1_run HTTP/1.1" 200 22 "http://10.100.80.14/task1" "Mozilla/5.0 (Windows NT 6.1; WOW64; Trident/7.0; rv:11.0) like Gecko"
10.100.81.100 - - [07/May/2022:14:55:11 +0800] "POST /task_1_run HTTP/1.1" 200 22 "http://10.100.80.14/task1" "Mozilla/5.0 (Windows NT 6.1; WOW64; Trident/7.0; rv:11.0) like Gecko"
10.100.81.105 - - [07/May/2022:14:55:12 +0800] "POST /task_2_run HTTP/1.1" 200 22 "http://10.100.80.14/task1" "Mozilla/5.0 (Windows NT 6.1; WOW64) AppleWebKit/537.36 (KHTML, like Gecko) Chrome/86.0.4240.198 Safari/537.36"
10.100.81.110 - - [07/May/2022:14:55:12 +0800] "POST /task_1_run HTTP/1.1" 200 22 "http://10.100.80.14/task1" "Mozilla/5.0 (Windows NT 6.1; WOW64) AppleWebKit/537.36 (KHTML, like Gecko) Chrome/86.0.4240.198 Safari/537.36"
10.100.81.110 - - [07/May/2022:14:55:13 +0800] "POST /task_1_run HTTP/1.1" 200 22 "http://10.100.80.14/task1" "Mozilla/5.0 (Windows NT 6.1; WOW64) AppleWebKit/537.36 (KHTML, like Gecko) Chrome/86.0.4240.198 Safari/537.36"
10.100.81.110 - - [07/May/2022:14:55:13 +0800] "POST /task_1_run HTTP/1.1" 200 22 "http://10.100.80.14/task1" "Mozilla/5.0 (Windows NT 6.1; WOW64) AppleWebKit/537.36 (KHTML, like Gecko) Chrome/86.0.4240.198 Safari/537.36"
10.100.81.110 - - [07/May/2022:14:55:13 +0800] "POST /task_1_run HTTP/1.1" 200 22 "http://10.100.80.14/task1" "Mozilla/5.0 (Windows NT 6.1; WOW64) AppleWebKit/537.36 (KHTML, like Gecko) Chrome/86.0.4240.198 Safari/537.36"
10.100.81.110 - - [07/May/2022:14:55:14 +0800] "POST /task_1_run HTTP/1.1" 200 22 "http://10.100.80.14/task1" "Mozilla/5.0 (Windows NT 6.1; WOW64) AppleWebKit/537.36 (KHTML, like Gecko) Chrome/86.0.4240.198 Safari/537.36"
10.100.81.110 - - [07/May/2022:14:55:14 +0800] "POST /task_1_run HTTP/1.1" 200 22 "http://10.100.80.14/task1" "Mozilla/5.0 (Windows NT 6.1; WOW64) AppleWebKit/537.36 (KHTML, like Gecko) Chrome/86.0.4240.198 Safari/537.36"
10.100.81.110 - - [07/May/2022:14:55:14 +0800] "POST /task_1_run HTTP/1.1" 200 22 "http://10.100.80.14/task1" "Mozilla/5.0 (Windows NT 6.1; WOW64) AppleWebKit/537.36 (KHTML, like Gecko) Chrome/86.0.4240.198 Safari/537.36"
10.100.81.133 - - [07/May/2022:14:55:14 +0800] "POST /task_1_run HTTP/1.1" 200 28 "http://10.100.80.14/task1" "Mozilla/5.0 (Windows NT 6.1; WOW64; Trident/7.0; rv:11.0) like Gecko"
10.100.81.73 - - [07/May/2022:14:55:15 +0800] "POST /task_1_run HTTP/1.1" 200 22 "http://10.100.80.14/task1" "Mozilla/5.0 (Windows NT 6.1; Trident/7.0; rv:11.0) like Gecko"
10.100.81.103 - - [07/May/2022:14:55:17 +0800] "POST /task_1_run HTTP/1.1" 200 28 "http://10.100.80.14/task1" "Mozilla/5.0 (Windows NT 6.1; WOW64) AppleWebKit/537.36 (KHTML, like Gecko) Chrome/86.0.4240.198 Safari/537.36"
10.100.81.100 - - [07/May/2022:14:55:17 +0800] "POST /task_1_run HTTP/1.1" 200 28 "http://10.100.80.14/task1" "Mozilla/5.0 (Windows NT 6.1; WOW64; Trident/7.0; rv:11.0) like Gecko"
10.100.81.71 - - [07/May/2022:14:55:17 +0800] "POST /task_2_run HTTP/1.1" 200 16 "http://10.100.80.14/task1" "Mozilla/5.0 (Windows NT 6.1; Trident/7.0; rv:11.0) like Gecko"
10.100.81.100 - - [07/May/2022:14:55:17 +0800] "POST /task_1_run HTTP/1.1" 200 28 "http://10.100.80.14/task1" "Mozilla/5.0 (Windows NT 6.1; WOW64; Trident/7.0; rv:11.0) like Gecko"
10.100.81.100 - - [07/May/2022:14:55:17 +0800] "POST /task_1_run HTTP/1.1" 200 28 "http://10.100.80.14/task1" "Mozilla/5.0 (Windows NT 6.1; WOW64; Trident/7.0; rv:11.0) like Gecko"
10.100.81.100 - - [07/May/2022:14:55:17 +0800] "POST /task_1_run HTTP/1.1" 200 28 "http://10.100.80.14/task1" "Mozilla/5.0 (Windows NT 6.1; WOW64; Trident/7.0; rv:11.0) like Gecko"
10.100.81.100 - - [07/May/2022:14:55:18 +0800] "POST /task_1_run HTTP/1.1" 200 28 "http://10.100.80.14/task1" "Mozilla/5.0 (Windows NT 6.1; WOW64; Trident/7.0; rv:11.0) like Gecko"
10.100.81.100 - - [07/May/2022:14:55:18 +0800] "POST /task_1_run HTTP/1.1" 200 28 "http://10.100.80.14/task1" "Mozilla/5.0 (Windows NT 6.1; WOW64; Trident/7.0; rv:11.0) like Gecko"
10.100.81.101 - - [07/May/2022:14:55:18 +0800] "POST /task_1_run HTTP/1.1" 200 28 "http://10.100.80.14/task1" "Mozilla/5.0 (Windows NT 6.1; WOW64; Trident/7.0; rv:11.0) like Gecko"
10.100.81.101 - - [07/May/2022:14:55:19 +0800] "POST /task_1_run HTTP/1.1" 200 28 "http://10.100.80.14/task1" "Mozilla/5.0 (Windows NT 6.1; WOW64; Trident/7.0; rv:11.0) like Gecko"
10.100.81.82 - - [07/May/2022:14:55:22 +0800] "POST /task_1_run HTTP/1.1" 200 28 "http://10.100.80.14/task1" "Mozilla/5.0 (Windows NT 6.1; WOW64; Trident/7.0; rv:11.0) like Gecko"
10.100.81.101 - - [07/May/2022:14:55:23 +0800] "POST /task_1_run HTTP/1.1" 200 28 "http://10.100.80.14/task1" "Mozilla/5.0 (Windows NT 6.1; WOW64; Trident/7.0; rv:11.0) like Gecko"
10.100.81.102 - - [07/May/2022:14:55:24 +0800] "POST /task_1_run HTTP/1.1" 200 22 "http://10.100.80.14/task1" "Mozilla/5.0 (Windows NT 6.1; WOW64) AppleWebKit/537.36 (KHTML, like Gecko) Chrome/86.0.4240.198 Safari/537.36"
10.100.81.71 - - [07/May/2022:14:55:24 +0800] "POST /task_2_run HTTP/1.1" 200 22 "http://10.100.80.14/task1" "Mozilla/5.0 (Windows NT 6.1; Trident/7.0; rv:11.0) like Gecko"
10.100.81.71 - - [07/May/2022:14:55:24 +0800] "POST /task_2_run HTTP/1.1" 200 22 "http://10.100.80.14/task1" "Mozilla/5.0 (Windows NT 6.1; Trident/7.0; rv:11.0) like Gecko"
10.100.81.71 - - [07/May/2022:14:55:24 +0800] "POST /task_2_run HTTP/1.1" 200 22 "http://10.100.80.14/task1" "Mozilla/5.0 (Windows NT 6.1; Trident/7.0; rv:11.0) like Gecko"
10.100.81.110 - - [07/May/2022:14:55:26 +0800] "POST /task_1_run HTTP/1.1" 200 22 "http://10.100.80.14/task1" "Mozilla/5.0 (Windows NT 6.1; WOW64) AppleWebKit/537.36 (KHTML, like Gecko) Chrome/86.0.4240.198 Safari/537.36"
10.100.81.110 - - [07/May/2022:14:55:27 +0800] "POST /task_1_run HTTP/1.1" 200 22 "http://10.100.80.14/task1" "Mozilla/5.0 (Windows NT 6.1; WOW64) AppleWebKit/537.36 (KHTML, like Gecko) Chrome/86.0.4240.198 Safari/537.36"
10.100.81.110 - - [07/May/2022:14:55:27 +0800] "POST /task_1_run HTTP/1.1" 200 22 "http://10.100.80.14/task1" "Mozilla/5.0 (Windows NT 6.1; WOW64) AppleWebKit/537.36 (KHTML, like Gecko) Chrome/86.0.4240.198 Safari/537.36"
10.100.81.110 - - [07/May/2022:14:55:27 +0800] "POST /task_1_run HTTP/1.1" 200 22 "http://10.100.80.14/task1" "Mozilla/5.0 (Windows NT 6.1; WOW64) AppleWebKit/537.36 (KHTML, like Gecko) Chrome/86.0.4240.198 Safari/537.36"
10.100.81.110 - - [07/May/2022:14:55:28 +0800] "POST /task_1_run HTTP/1.1" 200 22 "http://10.100.80.14/task1" "Mozilla/5.0 (Windows NT 6.1; WOW64) AppleWebKit/537.36 (KHTML, like Gecko) Chrome/86.0.4240.198 Safari/537.36"
10.100.81.78 - - [07/May/2022:14:55:28 +0800] "POST /task_1_run HTTP/1.1" 200 22 "http://10.100.80.14/task1" "Mozilla/5.0 (Windows NT 6.1; Trident/7.0; rv:11.0) like Gecko"
10.100.81.73 - - [07/May/2022:14:55:29 +0800] "POST /task_1_run HTTP/1.1" 200 22 "http://10.100.80.14/task1" "Mozilla/5.0 (Windows NT 6.1; Trident/7.0; rv:11.0) like Gecko"
10.100.81.78 - - [07/May/2022:14:55:29 +0800] "POST /task_1_run HTTP/1.1" 200 22 "http://10.100.80.14/task1" "Mozilla/5.0 (Windows NT 6.1; Trident/7.0; rv:11.0) like Gecko"
10.100.81.78 - - [07/May/2022:14:55:29 +0800] "POST /task_1_run HTTP/1.1" 200 22 "http://10.100.80.14/task1" "Mozilla/5.0 (Windows NT 6.1; Trident/7.0; rv:11.0) like Gecko"
10.100.81.78 - - [07/May/2022:14:55:29 +0800] "POST /task_1_run HTTP/1.1" 200 22 "http://10.100.80.14/task1" "Mozilla/5.0 (Windows NT 6.1; Trident/7.0; rv:11.0) like Gecko"
10.100.81.78 - - [07/May/2022:14:55:29 +0800] "POST /task_1_run HTTP/1.1" 200 22 "http://10.100.80.14/task1" "Mozilla/5.0 (Windows NT 6.1; Trident/7.0; rv:11.0) like Gecko"
10.100.81.78 - - [07/May/2022:14:55:30 +0800] "POST /task_1_run HTTP/1.1" 200 22 "http://10.100.80.14/task1" "Mozilla/5.0 (Windows NT 6.1; Trident/7.0; rv:11.0) like Gecko"
10.100.81.109 - - [07/May/2022:14:55:30 +0800] "GET /task1 HTTP/1.1" 200 7342 "http://10.100.80.14/" "Mozilla/5.0 (Windows NT 6.1; WOW64; Trident/7.0; rv:11.0) like Gecko"
10.100.81.78 - - [07/May/2022:14:55:30 +0800] "POST /task_1_run HTTP/1.1" 200 22 "http://10.100.80.14/task1" "Mozilla/5.0 (Windows NT 6.1; Trident/7.0; rv:11.0) like Gecko"
10.100.81.109 - - [07/May/2022:14:55:30 +0800] "GET /static/assets/css/bootstrap.css HTTP/1.1" 304 0 "http://10.100.80.14/task1" "Mozilla/5.0 (Windows NT 6.1; WOW64; Trident/7.0; rv:11.0) like Gecko"
10.100.81.109 - - [07/May/2022:14:55:30 +0800] "GET /static/assets/css/main.css HTTP/1.1" 304 0 "http://10.100.80.14/task1" "Mozilla/5.0 (Windows NT 6.1; WOW64; Trident/7.0; rv:11.0) like Gecko"
10.100.81.109 - - [07/May/2022:14:55:30 +0800] "GET /static/jquery-3.6.0.min.js HTTP/1.1" 304 0 "http://10.100.80.14/task1" "Mozilla/5.0 (Windows NT 6.1; WOW64; Trident/7.0; rv:11.0) like Gecko"
10.100.81.109 - - [07/May/2022:14:55:30 +0800] "GET /static/assets/js/hover.zoom.js HTTP/1.1" 304 0 "http://10.100.80.14/task1" "Mozilla/5.0 (Windows NT 6.1; WOW64; Trident/7.0; rv:11.0) like Gecko"
10.100.81.133 - - [07/May/2022:14:55:30 +0800] "POST /task_1_run HTTP/1.1" 200 28 "http://10.100.80.14/task1" "Mozilla/5.0 (Windows NT 6.1; WOW64; Trident/7.0; rv:11.0) like Gecko"
10.100.81.109 - - [07/May/2022:14:55:30 +0800] "GET /static/assets/js/hover.zoom.conf.js HTTP/1.1" 304 0 "http://10.100.80.14/task1" "Mozilla/5.0 (Windows NT 6.1; WOW64; Trident/7.0; rv:11.0) like Gecko"
10.100.81.109 - - [07/May/2022:14:55:30 +0800] "GET /static/assets/js/bootstrap.min.js HTTP/1.1" 304 0 "http://10.100.80.14/task1" "Mozilla/5.0 (Windows NT 6.1; WOW64; Trident/7.0; rv:11.0) like Gecko"
10.100.81.109 - - [07/May/2022:14:55:30 +0800] "GET /static/index.js HTTP/1.1" 304 0 "http://10.100.80.14/task1" "Mozilla/5.0 (Windows NT 6.1; WOW64; Trident/7.0; rv:11.0) like Gecko"
10.100.81.109 - - [07/May/2022:14:55:30 +0800] "GET /favicon.ico HTTP/1.1" 404 232 "-" "Mozilla/5.0 (Windows NT 6.1; WOW64; Trident/7.0; rv:11.0) like Gecko"
10.100.81.109 - - [07/May/2022:14:55:31 +0800] "GET /task1 HTTP/1.1" 200 7342 "http://10.100.80.14/" "Mozilla/5.0 (Windows NT 6.1; WOW64; Trident/7.0; rv:11.0) like Gecko"
10.100.81.109 - - [07/May/2022:14:55:31 +0800] "GET /static/assets/css/bootstrap.css HTTP/1.1" 304 0 "http://10.100.80.14/task1" "Mozilla/5.0 (Windows NT 6.1; WOW64; Trident/7.0; rv:11.0) like Gecko"
10.100.81.109 - - [07/May/2022:14:55:31 +0800] "GET /static/assets/css/main.css HTTP/1.1" 304 0 "http://10.100.80.14/task1" "Mozilla/5.0 (Windows NT 6.1; WOW64; Trident/7.0; rv:11.0) like Gecko"
10.100.81.109 - - [07/May/2022:14:55:31 +0800] "GET /static/jquery-3.6.0.min.js HTTP/1.1" 304 0 "http://10.100.80.14/task1" "Mozilla/5.0 (Windows NT 6.1; WOW64; Trident/7.0; rv:11.0) like Gecko"
10.100.81.109 - - [07/May/2022:14:55:31 +0800] "GET /static/assets/js/hover.zoom.js HTTP/1.1" 304 0 "http://10.100.80.14/task1" "Mozilla/5.0 (Windows NT 6.1; WOW64; Trident/7.0; rv:11.0) like Gecko"
10.100.81.109 - - [07/May/2022:14:55:31 +0800] "GET /static/assets/js/hover.zoom.conf.js HTTP/1.1" 304 0 "http://10.100.80.14/task1" "Mozilla/5.0 (Windows NT 6.1; WOW64; Trident/7.0; rv:11.0) like Gecko"
10.100.81.109 - - [07/May/2022:14:55:31 +0800] "GET /static/assets/js/bootstrap.min.js HTTP/1.1" 304 0 "http://10.100.80.14/task1" "Mozilla/5.0 (Windows NT 6.1; WOW64; Trident/7.0; rv:11.0) like Gecko"
10.100.81.109 - - [07/May/2022:14:55:31 +0800] "GET /static/index.js HTTP/1.1" 304 0 "http://10.100.80.14/task1" "Mozilla/5.0 (Windows NT 6.1; WOW64; Trident/7.0; rv:11.0) like Gecko"
10.100.81.109 - - [07/May/2022:14:55:31 +0800] "GET /favicon.ico HTTP/1.1" 404 232 "-" "Mozilla/5.0 (Windows NT 6.1; WOW64; Trident/7.0; rv:11.0) like Gecko"
10.100.81.101 - - [07/May/2022:14:55:31 +0800] "POST /task_1_run HTTP/1.1" 200 28 "http://10.100.80.14/task1" "Mozilla/5.0 (Windows NT 6.1; WOW64; Trident/7.0; rv:11.0) like Gecko"
10.100.81.89 - - [07/May/2022:14:55:33 +0800] "POST /task_2_run HTTP/1.1" 200 22 "http://10.100.80.14/task1" "Mozilla/5.0 (Windows NT 6.1; Trident/7.0; rv:11.0) like Gecko"
10.100.81.105 - - [07/May/2022:14:55:34 +0800] "POST /task_2_run HTTP/1.1" 200 22 "http://10.100.80.14/task1" "Mozilla/5.0 (Windows NT 6.1; WOW64) AppleWebKit/537.36 (KHTML, like Gecko) Chrome/86.0.4240.198 Safari/537.36"
10.100.81.105 - - [07/May/2022:14:55:35 +0800] "POST /task_2_run HTTP/1.1" 200 22 "http://10.100.80.14/task1" "Mozilla/5.0 (Windows NT 6.1; WOW64) AppleWebKit/537.36 (KHTML, like Gecko) Chrome/86.0.4240.198 Safari/537.36"
10.100.81.105 - - [07/May/2022:14:55:35 +0800] "POST /task_2_run HTTP/1.1" 200 22 "http://10.100.80.14/task1" "Mozilla/5.0 (Windows NT 6.1; WOW64) AppleWebKit/537.36 (KHTML, like Gecko) Chrome/86.0.4240.198 Safari/537.36"
10.100.81.73 - - [07/May/2022:14:55:36 +0800] "POST /task_1_run HTTP/1.1" 200 28 "http://10.100.80.14/task1" "Mozilla/5.0 (Windows NT 6.1; Trident/7.0; rv:11.0) like Gecko"
10.100.81.105 - - [07/May/2022:14:55:36 +0800] "POST /task_2_run HTTP/1.1" 200 22 "http://10.100.80.14/task1" "Mozilla/5.0 (Windows NT 6.1; WOW64) AppleWebKit/537.36 (KHTML, like Gecko) Chrome/86.0.4240.198 Safari/537.36"
10.100.81.133 - - [07/May/2022:14:55:36 +0800] "POST /task_1_run HTTP/1.1" 200 28 "http://10.100.80.14/task1" "Mozilla/5.0 (Windows NT 6.1; WOW64; Trident/7.0; rv:11.0) like Gecko"
10.100.81.133 - - [07/May/2022:14:55:36 +0800] "POST /task_1_run HTTP/1.1" 200 28 "http://10.100.80.14/task1" "Mozilla/5.0 (Windows NT 6.1; WOW64; Trident/7.0; rv:11.0) like Gecko"
10.100.81.133 - - [07/May/2022:14:55:37 +0800] "POST /task_1_run HTTP/1.1" 200 28 "http://10.100.80.14/task1" "Mozilla/5.0 (Windows NT 6.1; WOW64; Trident/7.0; rv:11.0) like Gecko"
10.100.81.72 - - [07/May/2022:14:55:37 +0800] "POST /task_2_run HTTP/1.1" 200 22 "http://10.100.80.14/task1" "Mozilla/5.0 (Windows NT 6.1; Trident/7.0; rv:11.0) like Gecko"
10.100.81.101 - - [07/May/2022:14:55:37 +0800] "POST /task_1_run HTTP/1.1" 200 28 "http://10.100.80.14/task1" "Mozilla/5.0 (Windows NT 6.1; WOW64; Trident/7.0; rv:11.0) like Gecko"
10.100.81.83 - - [07/May/2022:14:55:38 +0800] "POST /task_2_run HTTP/1.1" 200 22 "http://10.100.80.14/task1" "Mozilla/5.0 (Windows NT 6.1; Trident/7.0; rv:11.0) like Gecko"
10.100.81.117 - - [07/May/2022:14:55:38 +0800] "POST /task_2_run HTTP/1.1" 200 22 "http://10.100.80.14/task1" "Mozilla/5.0 (Windows NT 6.1; WOW64; Trident/7.0; rv:11.0) like Gecko"
10.100.81.78 - - [07/May/2022:14:55:38 +0800] "GET /favicon.ico HTTP/1.1" 404 232 "-" "Mozilla/5.0 (Windows NT 6.1; Trident/7.0; rv:11.0) like Gecko"
10.100.81.101 - - [07/May/2022:14:55:38 +0800] "POST /task_1_run HTTP/1.1" 200 28 "http://10.100.80.14/task1" "Mozilla/5.0 (Windows NT 6.1; WOW64; Trident/7.0; rv:11.0) like Gecko"
10.100.81.71 - - [07/May/2022:14:55:38 +0800] "POST /task_2_run HTTP/1.1" 200 16 "http://10.100.80.14/task1" "Mozilla/5.0 (Windows NT 6.1; Trident/7.0; rv:11.0) like Gecko"
10.100.81.88 - - [07/May/2022:14:55:39 +0800] "POST /task_2_run HTTP/1.1" 200 22 "http://10.100.80.14/task1" "Mozilla/5.0 (Windows NT 6.1; Trident/7.0; rv:11.0) like Gecko"
10.100.81.104 - - [07/May/2022:14:55:41 +0800] "POST /task_2_run HTTP/1.1" 200 22 "http://10.100.80.14/task1" "Mozilla/5.0 (Windows NT 6.1; WOW64; Trident/7.0; rv:11.0) like Gecko"
10.100.81.133 - - [07/May/2022:14:55:41 +0800] "POST /task_1_run HTTP/1.1" 200 28 "http://10.100.80.14/task1" "Mozilla/5.0 (Windows NT 6.1; WOW64; Trident/7.0; rv:11.0) like Gecko"
10.100.81.78 - - [07/May/2022:14:55:42 +0800] "GET /task1 HTTP/1.1" 200 7342 "http://10.100.80.14/" "Mozilla/5.0 (Windows NT 6.1; Trident/7.0; rv:11.0) like Gecko"
10.100.81.78 - - [07/May/2022:14:55:42 +0800] "GET /static/assets/css/bootstrap.css HTTP/1.1" 304 0 "http://10.100.80.14/task1" "Mozilla/5.0 (Windows NT 6.1; Trident/7.0; rv:11.0) like Gecko"
10.100.81.78 - - [07/May/2022:14:55:42 +0800] "GET /static/assets/css/main.css HTTP/1.1" 304 0 "http://10.100.80.14/task1" "Mozilla/5.0 (Windows NT 6.1; Trident/7.0; rv:11.0) like Gecko"
10.100.81.78 - - [07/May/2022:14:55:42 +0800] "GET /static/jquery-3.6.0.min.js HTTP/1.1" 304 0 "http://10.100.80.14/task1" "Mozilla/5.0 (Windows NT 6.1; Trident/7.0; rv:11.0) like Gecko"
10.100.81.78 - - [07/May/2022:14:55:42 +0800] "GET /static/assets/js/hover.zoom.js HTTP/1.1" 304 0 "http://10.100.80.14/task1" "Mozilla/5.0 (Windows NT 6.1; Trident/7.0; rv:11.0) like Gecko"
10.100.81.78 - - [07/May/2022:14:55:42 +0800] "GET /static/assets/js/bootstrap.min.js HTTP/1.1" 304 0 "http://10.100.80.14/task1" "Mozilla/5.0 (Windows NT 6.1; Trident/7.0; rv:11.0) like Gecko"
10.100.81.78 - - [07/May/2022:14:55:42 +0800] "GET /static/assets/js/hover.zoom.conf.js HTTP/1.1" 304 0 "http://10.100.80.14/task1" "Mozilla/5.0 (Windows NT 6.1; Trident/7.0; rv:11.0) like Gecko"
10.100.81.78 - - [07/May/2022:14:55:42 +0800] "GET /static/index.js HTTP/1.1" 304 0 "http://10.100.80.14/task1" "Mozilla/5.0 (Windows NT 6.1; Trident/7.0; rv:11.0) like Gecko"
10.100.81.78 - - [07/May/2022:14:55:42 +0800] "GET /favicon.ico HTTP/1.1" 404 232 "-" "Mozilla/5.0 (Windows NT 6.1; Trident/7.0; rv:11.0) like Gecko"
10.100.81.104 - - [07/May/2022:14:55:42 +0800] "POST /task_2_run HTTP/1.1" 200 22 "http://10.100.80.14/task1" "Mozilla/5.0 (Windows NT 6.1; WOW64; Trident/7.0; rv:11.0) like Gecko"
10.100.81.104 - - [07/May/2022:14:55:43 +0800] "POST /task_2_run HTTP/1.1" 200 22 "http://10.100.80.14/task1" "Mozilla/5.0 (Windows NT 6.1; WOW64; Trident/7.0; rv:11.0) like Gecko"
10.100.81.104 - - [07/May/2022:14:55:43 +0800] "POST /task_2_run HTTP/1.1" 200 22 "http://10.100.80.14/task1" "Mozilla/5.0 (Windows NT 6.1; WOW64; Trident/7.0; rv:11.0) like Gecko"
10.100.81.128 - - [07/May/2022:14:55:43 +0800] "POST /task_1_run HTTP/1.1" 200 22 "http://10.100.80.14/task1" "Mozilla/5.0 (Windows NT 6.1; WOW64; Trident/7.0; rv:11.0) like Gecko"
10.100.81.104 - - [07/May/2022:14:55:43 +0800] "POST /task_2_run HTTP/1.1" 200 22 "http://10.100.80.14/task1" "Mozilla/5.0 (Windows NT 6.1; WOW64; Trident/7.0; rv:11.0) like Gecko"
10.100.81.104 - - [07/May/2022:14:55:43 +0800] "POST /task_2_run HTTP/1.1" 200 22 "http://10.100.80.14/task1" "Mozilla/5.0 (Windows NT 6.1; WOW64; Trident/7.0; rv:11.0) like Gecko"
10.100.81.104 - - [07/May/2022:14:55:43 +0800] "POST /task_2_run HTTP/1.1" 200 22 "http://10.100.80.14/task1" "Mozilla/5.0 (Windows NT 6.1; WOW64; Trident/7.0; rv:11.0) like Gecko"
10.100.81.79 - - [07/May/2022:14:55:44 +0800] "POST /task_1_run HTTP/1.1" 200 22 "http://10.100.80.14/task1" "Mozilla/5.0 (Windows NT 6.1; Trident/7.0; rv:11.0) like Gecko"
10.100.81.104 - - [07/May/2022:14:55:44 +0800] "POST /task_2_run HTTP/1.1" 200 22 "http://10.100.80.14/task1" "Mozilla/5.0 (Windows NT 6.1; WOW64; Trident/7.0; rv:11.0) like Gecko"
10.100.81.89 - - [07/May/2022:14:55:44 +0800] "POST /task_2_run HTTP/1.1" 200 22 "http://10.100.80.14/task1" "Mozilla/5.0 (Windows NT 6.1; Trident/7.0; rv:11.0) like Gecko"
10.100.81.104 - - [07/May/2022:14:55:44 +0800] "POST /task_2_run HTTP/1.1" 200 22 "http://10.100.80.14/task1" "Mozilla/5.0 (Windows NT 6.1; WOW64; Trident/7.0; rv:11.0) like Gecko"
10.100.81.72 - - [07/May/2022:14:55:44 +0800] "POST /task_2_run HTTP/1.1" 200 22 "http://10.100.80.14/task1" "Mozilla/5.0 (Windows NT 6.1; Trident/7.0; rv:11.0) like Gecko"
10.100.81.104 - - [07/May/2022:14:55:44 +0800] "POST /task_2_run HTTP/1.1" 200 22 "http://10.100.80.14/task1" "Mozilla/5.0 (Windows NT 6.1; WOW64; Trident/7.0; rv:11.0) like Gecko"
10.100.81.104 - - [07/May/2022:14:55:44 +0800] "POST /task_2_run HTTP/1.1" 200 22 "http://10.100.80.14/task1" "Mozilla/5.0 (Windows NT 6.1; WOW64; Trident/7.0; rv:11.0) like Gecko"
10.100.81.79 - - [07/May/2022:14:55:44 +0800] "POST /task_1_run HTTP/1.1" 200 22 "http://10.100.80.14/task1" "Mozilla/5.0 (Windows NT 6.1; Trident/7.0; rv:11.0) like Gecko"
10.100.81.104 - - [07/May/2022:14:55:45 +0800] "POST /task_2_run HTTP/1.1" 200 22 "http://10.100.80.14/task1" "Mozilla/5.0 (Windows NT 6.1; WOW64; Trident/7.0; rv:11.0) like Gecko"
10.100.81.79 - - [07/May/2022:14:55:45 +0800] "POST /task_1_run HTTP/1.1" 200 22 "http://10.100.80.14/task1" "Mozilla/5.0 (Windows NT 6.1; Trident/7.0; rv:11.0) like Gecko"
10.100.81.72 - - [07/May/2022:14:55:45 +0800] "POST /task_2_run HTTP/1.1" 200 22 "http://10.100.80.14/task1" "Mozilla/5.0 (Windows NT 6.1; Trident/7.0; rv:11.0) like Gecko"
10.100.81.89 - - [07/May/2022:14:55:45 +0800] "POST /task_2_run HTTP/1.1" 200 22 "http://10.100.80.14/task1" "Mozilla/5.0 (Windows NT 6.1; Trident/7.0; rv:11.0) like Gecko"
10.100.81.79 - - [07/May/2022:14:55:45 +0800] "POST /task_1_run HTTP/1.1" 200 22 "http://10.100.80.14/task1" "Mozilla/5.0 (Windows NT 6.1; Trident/7.0; rv:11.0) like Gecko"
10.100.81.104 - - [07/May/2022:14:55:45 +0800] "POST /task_2_run HTTP/1.1" 200 22 "http://10.100.80.14/task1" "Mozilla/5.0 (Windows NT 6.1; WOW64; Trident/7.0; rv:11.0) like Gecko"
10.100.81.104 - - [07/May/2022:14:55:45 +0800] "POST /task_2_run HTTP/1.1" 200 22 "http://10.100.80.14/task1" "Mozilla/5.0 (Windows NT 6.1; WOW64; Trident/7.0; rv:11.0) like Gecko"
10.100.81.104 - - [07/May/2022:14:55:45 +0800] "POST /task_2_run HTTP/1.1" 200 22 "http://10.100.80.14/task1" "Mozilla/5.0 (Windows NT 6.1; WOW64; Trident/7.0; rv:11.0) like Gecko"
10.100.81.104 - - [07/May/2022:14:55:45 +0800] "POST /task_2_run HTTP/1.1" 200 22 "http://10.100.80.14/task1" "Mozilla/5.0 (Windows NT 6.1; WOW64; Trident/7.0; rv:11.0) like Gecko"
10.100.81.104 - - [07/May/2022:14:55:46 +0800] "POST /task_2_run HTTP/1.1" 200 22 "http://10.100.80.14/task1" "Mozilla/5.0 (Windows NT 6.1; WOW64; Trident/7.0; rv:11.0) like Gecko"
10.100.81.104 - - [07/May/2022:14:55:46 +0800] "POST /task_2_run HTTP/1.1" 200 22 "http://10.100.80.14/task1" "Mozilla/5.0 (Windows NT 6.1; WOW64; Trident/7.0; rv:11.0) like Gecko"
10.100.81.103 - - [07/May/2022:14:55:46 +0800] "POST /task_2_run HTTP/1.1" 200 22 "http://10.100.80.14/task1" "Mozilla/5.0 (Windows NT 6.1; WOW64) AppleWebKit/537.36 (KHTML, like Gecko) Chrome/86.0.4240.198 Safari/537.36"
10.100.81.104 - - [07/May/2022:14:55:46 +0800] "POST /task_2_run HTTP/1.1" 200 22 "http://10.100.80.14/task1" "Mozilla/5.0 (Windows NT 6.1; WOW64; Trident/7.0; rv:11.0) like Gecko"
10.100.81.104 - - [07/May/2022:14:55:46 +0800] "POST /task_2_run HTTP/1.1" 200 22 "http://10.100.80.14/task1" "Mozilla/5.0 (Windows NT 6.1; WOW64; Trident/7.0; rv:11.0) like Gecko"
10.100.81.104 - - [07/May/2022:14:55:47 +0800] "POST /task_2_run HTTP/1.1" 200 22 "http://10.100.80.14/task1" "Mozilla/5.0 (Windows NT 6.1; WOW64; Trident/7.0; rv:11.0) like Gecko"
10.100.81.104 - - [07/May/2022:14:55:47 +0800] "POST /task_2_run HTTP/1.1" 200 22 "http://10.100.80.14/task1" "Mozilla/5.0 (Windows NT 6.1; WOW64; Trident/7.0; rv:11.0) like Gecko"
10.100.81.104 - - [07/May/2022:14:55:47 +0800] "POST /task_2_run HTTP/1.1" 200 22 "http://10.100.80.14/task1" "Mozilla/5.0 (Windows NT 6.1; WOW64; Trident/7.0; rv:11.0) like Gecko"
10.100.81.79 - - [07/May/2022:14:55:47 +0800] "POST /task_1_run HTTP/1.1" 200 22 "http://10.100.80.14/task1" "Mozilla/5.0 (Windows NT 6.1; Trident/7.0; rv:11.0) like Gecko"
10.100.81.110 - - [07/May/2022:14:55:47 +0800] "POST /task_1_run HTTP/1.1" 200 22 "http://10.100.80.14/task1" "Mozilla/5.0 (Windows NT 6.1; WOW64) AppleWebKit/537.36 (KHTML, like Gecko) Chrome/86.0.4240.198 Safari/537.36"
10.100.81.104 - - [07/May/2022:14:55:47 +0800] "POST /task_2_run HTTP/1.1" 200 22 "http://10.100.80.14/task1" "Mozilla/5.0 (Windows NT 6.1; WOW64; Trident/7.0; rv:11.0) like Gecko"
10.100.81.79 - - [07/May/2022:14:55:47 +0800] "POST /task_1_run HTTP/1.1" 200 22 "http://10.100.80.14/task1" "Mozilla/5.0 (Windows NT 6.1; Trident/7.0; rv:11.0) like Gecko"
10.100.81.110 - - [07/May/2022:14:55:47 +0800] "POST /task_1_run HTTP/1.1" 200 22 "http://10.100.80.14/task1" "Mozilla/5.0 (Windows NT 6.1; WOW64) AppleWebKit/537.36 (KHTML, like Gecko) Chrome/86.0.4240.198 Safari/537.36"
10.100.81.79 - - [07/May/2022:14:55:48 +0800] "POST /task_1_run HTTP/1.1" 200 22 "http://10.100.80.14/task1" "Mozilla/5.0 (Windows NT 6.1; Trident/7.0; rv:11.0) like Gecko"
10.100.81.104 - - [07/May/2022:14:55:48 +0800] "POST /task_2_run HTTP/1.1" 200 22 "http://10.100.80.14/task1" "Mozilla/5.0 (Windows NT 6.1; WOW64; Trident/7.0; rv:11.0) like Gecko"
10.100.81.105 - - [07/May/2022:14:55:48 +0800] "POST /task_2_run HTTP/1.1" 200 22 "http://10.100.80.14/task1" "Mozilla/5.0 (Windows NT 6.1; WOW64) AppleWebKit/537.36 (KHTML, like Gecko) Chrome/86.0.4240.198 Safari/537.36"
10.100.81.110 - - [07/May/2022:14:55:48 +0800] "POST /task_1_run HTTP/1.1" 200 22 "http://10.100.80.14/task1" "Mozilla/5.0 (Windows NT 6.1; WOW64) AppleWebKit/537.36 (KHTML, like Gecko) Chrome/86.0.4240.198 Safari/537.36"
10.100.81.104 - - [07/May/2022:14:55:48 +0800] "POST /task_2_run HTTP/1.1" 200 22 "http://10.100.80.14/task1" "Mozilla/5.0 (Windows NT 6.1; WOW64; Trident/7.0; rv:11.0) like Gecko"
10.100.81.110 - - [07/May/2022:14:55:48 +0800] "POST /task_1_run HTTP/1.1" 200 22 "http://10.100.80.14/task1" "Mozilla/5.0 (Windows NT 6.1; WOW64) AppleWebKit/537.36 (KHTML, like Gecko) Chrome/86.0.4240.198 Safari/537.36"
10.100.81.105 - - [07/May/2022:14:55:48 +0800] "POST /task_2_run HTTP/1.1" 200 22 "http://10.100.80.14/task1" "Mozilla/5.0 (Windows NT 6.1; WOW64) AppleWebKit/537.36 (KHTML, like Gecko) Chrome/86.0.4240.198 Safari/537.36"
10.100.81.104 - - [07/May/2022:14:55:48 +0800] "POST /task_2_run HTTP/1.1" 200 22 "http://10.100.80.14/task1" "Mozilla/5.0 (Windows NT 6.1; WOW64; Trident/7.0; rv:11.0) like Gecko"
10.100.81.105 - - [07/May/2022:14:55:48 +0800] "POST /task_2_run HTTP/1.1" 200 22 "http://10.100.80.14/task1" "Mozilla/5.0 (Windows NT 6.1; WOW64) AppleWebKit/537.36 (KHTML, like Gecko) Chrome/86.0.4240.198 Safari/537.36"
10.100.81.110 - - [07/May/2022:14:55:48 +0800] "POST /task_1_run HTTP/1.1" 200 22 "http://10.100.80.14/task1" "Mozilla/5.0 (Windows NT 6.1; WOW64) AppleWebKit/537.36 (KHTML, like Gecko) Chrome/86.0.4240.198 Safari/537.36"
10.100.81.104 - - [07/May/2022:14:55:48 +0800] "POST /task_2_run HTTP/1.1" 200 22 "http://10.100.80.14/task1" "Mozilla/5.0 (Windows NT 6.1; WOW64; Trident/7.0; rv:11.0) like Gecko"
10.100.81.110 - - [07/May/2022:14:55:48 +0800] "POST /task_1_run HTTP/1.1" 200 22 "http://10.100.80.14/task1" "Mozilla/5.0 (Windows NT 6.1; WOW64) AppleWebKit/537.36 (KHTML, like Gecko) Chrome/86.0.4240.198 Safari/537.36"
10.100.81.104 - - [07/May/2022:14:55:48 +0800] "POST /task_2_run HTTP/1.1" 200 22 "http://10.100.80.14/task1" "Mozilla/5.0 (Windows NT 6.1; WOW64; Trident/7.0; rv:11.0) like Gecko"
10.100.81.110 - - [07/May/2022:14:55:49 +0800] "POST /task_1_run HTTP/1.1" 200 22 "http://10.100.80.14/task1" "Mozilla/5.0 (Windows NT 6.1; WOW64) AppleWebKit/537.36 (KHTML, like Gecko) Chrome/86.0.4240.198 Safari/537.36"
10.100.81.104 - - [07/May/2022:14:55:49 +0800] "POST /task_2_run HTTP/1.1" 200 22 "http://10.100.80.14/task1" "Mozilla/5.0 (Windows NT 6.1; WOW64; Trident/7.0; rv:11.0) like Gecko"
10.100.81.105 - - [07/May/2022:14:55:49 +0800] "POST /task_2_run HTTP/1.1" 200 22 "http://10.100.80.14/task1" "Mozilla/5.0 (Windows NT 6.1; WOW64) AppleWebKit/537.36 (KHTML, like Gecko) Chrome/86.0.4240.198 Safari/537.36"
10.100.81.110 - - [07/May/2022:14:55:49 +0800] "POST /task_1_run HTTP/1.1" 200 22 "http://10.100.80.14/task1" "Mozilla/5.0 (Windows NT 6.1; WOW64) AppleWebKit/537.36 (KHTML, like Gecko) Chrome/86.0.4240.198 Safari/537.36"
10.100.81.104 - - [07/May/2022:14:55:49 +0800] "POST /task_2_run HTTP/1.1" 200 22 "http://10.100.80.14/task1" "Mozilla/5.0 (Windows NT 6.1; WOW64; Trident/7.0; rv:11.0) like Gecko"
10.100.81.104 - - [07/May/2022:14:55:49 +0800] "POST /task_2_run HTTP/1.1" 200 22 "http://10.100.80.14/task1" "Mozilla/5.0 (Windows NT 6.1; WOW64; Trident/7.0; rv:11.0) like Gecko"
10.100.81.105 - - [07/May/2022:14:55:49 +0800] "POST /task_2_run HTTP/1.1" 200 22 "http://10.100.80.14/task1" "Mozilla/5.0 (Windows NT 6.1; WOW64) AppleWebKit/537.36 (KHTML, like Gecko) Chrome/86.0.4240.198 Safari/537.36"
10.100.81.110 - - [07/May/2022:14:55:49 +0800] "POST /task_1_run HTTP/1.1" 200 22 "http://10.100.80.14/task1" "Mozilla/5.0 (Windows NT 6.1; WOW64) AppleWebKit/537.36 (KHTML, like Gecko) Chrome/86.0.4240.198 Safari/537.36"
10.100.81.105 - - [07/May/2022:14:55:49 +0800] "POST /task_2_run HTTP/1.1" 200 22 "http://10.100.80.14/task1" "Mozilla/5.0 (Windows NT 6.1; WOW64) AppleWebKit/537.36 (KHTML, like Gecko) Chrome/86.0.4240.198 Safari/537.36"
10.100.81.110 - - [07/May/2022:14:55:49 +0800] "POST /task_1_run HTTP/1.1" 200 22 "http://10.100.80.14/task1" "Mozilla/5.0 (Windows NT 6.1; WOW64) AppleWebKit/537.36 (KHTML, like Gecko) Chrome/86.0.4240.198 Safari/537.36"
10.100.81.110 - - [07/May/2022:14:55:50 +0800] "POST /task_1_run HTTP/1.1" 200 22 "http://10.100.80.14/task1" "Mozilla/5.0 (Windows NT 6.1; WOW64) AppleWebKit/537.36 (KHTML, like Gecko) Chrome/86.0.4240.198 Safari/537.36"
10.100.81.110 - - [07/May/2022:14:55:50 +0800] "POST /task_1_run HTTP/1.1" 200 22 "http://10.100.80.14/task1" "Mozilla/5.0 (Windows NT 6.1; WOW64) AppleWebKit/537.36 (KHTML, like Gecko) Chrome/86.0.4240.198 Safari/537.36"
10.100.81.101 - - [07/May/2022:14:55:50 +0800] "POST /task_1_run HTTP/1.1" 200 28 "http://10.100.80.14/task1" "Mozilla/5.0 (Windows NT 6.1; WOW64; Trident/7.0; rv:11.0) like Gecko"
10.100.81.110 - - [07/May/2022:14:55:50 +0800] "POST /task_1_run HTTP/1.1" 200 22 "http://10.100.80.14/task1" "Mozilla/5.0 (Windows NT 6.1; WOW64) AppleWebKit/537.36 (KHTML, like Gecko) Chrome/86.0.4240.198 Safari/537.36"
10.100.81.129 - - [07/May/2022:14:55:50 +0800] "POST /task_1_run HTTP/1.1" 200 22 "http://10.100.80.14/task1" "Mozilla/5.0 (Windows NT 6.1; WOW64; Trident/7.0; rv:11.0) like Gecko"
10.100.81.129 - - [07/May/2022:14:55:51 +0800] "POST /task_1_run HTTP/1.1" 200 22 "http://10.100.80.14/task1" "Mozilla/5.0 (Windows NT 6.1; WOW64; Trident/7.0; rv:11.0) like Gecko"
10.100.81.102 - - [07/May/2022:14:55:52 +0800] "POST /task_1_run HTTP/1.1" 200 22 "http://10.100.80.14/task1" "Mozilla/5.0 (Windows NT 6.1; WOW64) AppleWebKit/537.36 (KHTML, like Gecko) Chrome/86.0.4240.198 Safari/537.36"
10.100.81.70 - - [07/May/2022:14:55:53 +0800] "POST /task_1_run HTTP/1.1" 200 28 "http://10.100.80.14/task1" "Mozilla/5.0 (Windows NT 6.1; Trident/7.0; rv:11.0) like Gecko"
10.100.81.105 - - [07/May/2022:14:55:53 +0800] "POST /task_2_run HTTP/1.1" 200 22 "http://10.100.80.14/task1" "Mozilla/5.0 (Windows NT 6.1; WOW64) AppleWebKit/537.36 (KHTML, like Gecko) Chrome/86.0.4240.198 Safari/537.36"
10.100.81.105 - - [07/May/2022:14:55:54 +0800] "POST /task_2_run HTTP/1.1" 200 22 "http://10.100.80.14/task1" "Mozilla/5.0 (Windows NT 6.1; WOW64) AppleWebKit/537.36 (KHTML, like Gecko) Chrome/86.0.4240.198 Safari/537.36"
10.100.81.100 - - [07/May/2022:14:55:54 +0800] "GET /favicon.ico HTTP/1.1" 404 232 "-" "Mozilla/5.0 (Windows NT 6.1; WOW64) AppleWebKit/537.36 (KHTML, like Gecko) Chrome/78.0.3904.108 Safari/537.36"
10.100.81.102 - - [07/May/2022:14:55:54 +0800] "POST /task_1_run HTTP/1.1" 200 22 "http://10.100.80.14/task1" "Mozilla/5.0 (Windows NT 6.1; WOW64) AppleWebKit/537.36 (KHTML, like Gecko) Chrome/86.0.4240.198 Safari/537.36"
10.100.81.83 - - [07/May/2022:14:55:54 +0800] "POST /task_2_run HTTP/1.1" 200 22 "http://10.100.80.14/task1" "Mozilla/5.0 (Windows NT 6.1; Trident/7.0; rv:11.0) like Gecko"
10.100.81.100 - - [07/May/2022:14:55:55 +0800] "GET /favicon.ico HTTP/1.1" 404 232 "-" "Mozilla/5.0 (Windows NT 6.1; WOW64) AppleWebKit/537.36 (KHTML, like Gecko) Chrome/78.0.3904.108 Safari/537.36"
10.100.81.100 - - [07/May/2022:14:55:55 +0800] "GET /favicon.ico HTTP/1.1" 404 232 "-" "Mozilla/5.0 (Windows NT 6.1; WOW64) AppleWebKit/537.36 (KHTML, like Gecko) Chrome/78.0.3904.108 Safari/537.36"
10.100.81.100 - - [07/May/2022:14:55:56 +0800] "GET /favicon.ico HTTP/1.1" 404 232 "-" "Mozilla/5.0 (Windows NT 6.1; WOW64) AppleWebKit/537.36 (KHTML, like Gecko) Chrome/78.0.3904.108 Safari/537.36"
10.100.81.100 - - [07/May/2022:14:55:56 +0800] "GET / HTTP/1.1" 200 5613 "-" "Mozilla/5.0 (Windows NT 6.1; WOW64; Trident/7.0; rv:11.0) like Gecko"
10.100.81.100 - - [07/May/2022:14:55:56 +0800] "GET /static/assets/css/bootstrap.css HTTP/1.1" 304 0 "http://10.100.80.14/" "Mozilla/5.0 (Windows NT 6.1; WOW64; Trident/7.0; rv:11.0) like Gecko"
10.100.81.100 - - [07/May/2022:14:55:56 +0800] "GET /static/assets/css/main.css HTTP/1.1" 304 0 "http://10.100.80.14/" "Mozilla/5.0 (Windows NT 6.1; WOW64; Trident/7.0; rv:11.0) like Gecko"
10.100.81.100 - - [07/May/2022:14:55:56 +0800] "GET /static/jquery-3.6.0.min.js HTTP/1.1" 304 0 "http://10.100.80.14/" "Mozilla/5.0 (Windows NT 6.1; WOW64; Trident/7.0; rv:11.0) like Gecko"
10.100.81.100 - - [07/May/2022:14:55:56 +0800] "GET /static/assets/js/hover.zoom.js HTTP/1.1" 304 0 "http://10.100.80.14/" "Mozilla/5.0 (Windows NT 6.1; WOW64; Trident/7.0; rv:11.0) like Gecko"
10.100.81.100 - - [07/May/2022:14:55:56 +0800] "GET /static/assets/img/python.png HTTP/1.1" 304 0 "http://10.100.80.14/" "Mozilla/5.0 (Windows NT 6.1; WOW64; Trident/7.0; rv:11.0) like Gecko"
10.100.81.100 - - [07/May/2022:14:55:56 +0800] "GET /static/assets/js/hover.zoom.conf.js HTTP/1.1" 304 0 "http://10.100.80.14/" "Mozilla/5.0 (Windows NT 6.1; WOW64; Trident/7.0; rv:11.0) like Gecko"
10.100.81.100 - - [07/May/2022:14:55:56 +0800] "GET /static/assets/img/example.jpg HTTP/1.1" 304 0 "http://10.100.80.14/" "Mozilla/5.0 (Windows NT 6.1; WOW64; Trident/7.0; rv:11.0) like Gecko"
10.100.81.100 - - [07/May/2022:14:55:56 +0800] "GET /static/assets/js/bootstrap.min.js HTTP/1.1" 304 0 "http://10.100.80.14/" "Mozilla/5.0 (Windows NT 6.1; WOW64; Trident/7.0; rv:11.0) like Gecko"
10.100.81.100 - - [07/May/2022:14:55:56 +0800] "GET /static/index.js HTTP/1.1" 304 0 "http://10.100.80.14/" "Mozilla/5.0 (Windows NT 6.1; WOW64; Trident/7.0; rv:11.0) like Gecko"
10.100.81.88 - - [07/May/2022:14:55:56 +0800] "POST /task_2_run HTTP/1.1" 200 22 "http://10.100.80.14/task1" "Mozilla/5.0 (Windows NT 6.1; Trident/7.0; rv:11.0) like Gecko"
10.100.81.100 - - [07/May/2022:14:55:57 +0800] "GET /favicon.ico HTTP/1.1" 404 232 "-" "Mozilla/5.0 (Windows NT 6.1; WOW64; Trident/7.0; rv:11.0) like Gecko"
10.100.81.88 - - [07/May/2022:14:55:58 +0800] "POST /task_2_run HTTP/1.1" 200 22 "http://10.100.80.14/task1" "Mozilla/5.0 (Windows NT 6.1; Trident/7.0; rv:11.0) like Gecko"
10.100.81.128 - - [07/May/2022:14:55:58 +0800] "POST /task_1_run HTTP/1.1" 200 22 "http://10.100.80.14/task1" "Mozilla/5.0 (Windows NT 6.1; WOW64; Trident/7.0; rv:11.0) like Gecko"
10.100.81.105 - - [07/May/2022:14:56:00 +0800] "GET /task1 HTTP/1.1" 200 7342 "http://10.100.80.14/" "Mozilla/5.0 (Windows NT 6.1; WOW64) AppleWebKit/537.36 (KHTML, like Gecko) Chrome/86.0.4240.198 Safari/537.36"
10.100.81.105 - - [07/May/2022:14:56:00 +0800] "GET /static/assets/css/bootstrap.css HTTP/1.1" 304 0 "http://10.100.80.14/task1" "Mozilla/5.0 (Windows NT 6.1; WOW64) AppleWebKit/537.36 (KHTML, like Gecko) Chrome/86.0.4240.198 Safari/537.36"
10.100.81.105 - - [07/May/2022:14:56:00 +0800] "GET /static/jquery-3.6.0.min.js HTTP/1.1" 304 0 "http://10.100.80.14/task1" "Mozilla/5.0 (Windows NT 6.1; WOW64) AppleWebKit/537.36 (KHTML, like Gecko) Chrome/86.0.4240.198 Safari/537.36"
10.100.81.105 - - [07/May/2022:14:56:00 +0800] "GET /static/assets/js/hover.zoom.js HTTP/1.1" 304 0 "http://10.100.80.14/task1" "Mozilla/5.0 (Windows NT 6.1; WOW64) AppleWebKit/537.36 (KHTML, like Gecko) Chrome/86.0.4240.198 Safari/537.36"
10.100.81.105 - - [07/May/2022:14:56:00 +0800] "GET /static/assets/js/hover.zoom.conf.js HTTP/1.1" 304 0 "http://10.100.80.14/task1" "Mozilla/5.0 (Windows NT 6.1; WOW64) AppleWebKit/537.36 (KHTML, like Gecko) Chrome/86.0.4240.198 Safari/537.36"
10.100.81.105 - - [07/May/2022:14:56:00 +0800] "GET /static/assets/js/bootstrap.min.js HTTP/1.1" 304 0 "http://10.100.80.14/task1" "Mozilla/5.0 (Windows NT 6.1; WOW64) AppleWebKit/537.36 (KHTML, like Gecko) Chrome/86.0.4240.198 Safari/537.36"
10.100.81.105 - - [07/May/2022:14:56:00 +0800] "GET /static/index.js HTTP/1.1" 304 0 "http://10.100.80.14/task1" "Mozilla/5.0 (Windows NT 6.1; WOW64) AppleWebKit/537.36 (KHTML, like Gecko) Chrome/86.0.4240.198 Safari/537.36"
10.100.81.122 - - [07/May/2022:14:56:00 +0800] "GET /task1 HTTP/1.1" 200 7342 "http://10.100.80.14/task1" "Mozilla/5.0 (Windows NT 6.1; WOW64; Trident/7.0; rv:11.0) like Gecko"
10.100.81.122 - - [07/May/2022:14:56:00 +0800] "GET /static/assets/css/bootstrap.css HTTP/1.1" 304 0 "http://10.100.80.14/task1" "Mozilla/5.0 (Windows NT 6.1; WOW64; Trident/7.0; rv:11.0) like Gecko"
10.100.81.72 - - [07/May/2022:14:56:00 +0800] "POST /task_2_run HTTP/1.1" 200 22 "http://10.100.80.14/task1" "Mozilla/5.0 (Windows NT 6.1; Trident/7.0; rv:11.0) like Gecko"
10.100.81.122 - - [07/May/2022:14:56:00 +0800] "GET /static/assets/css/main.css HTTP/1.1" 304 0 "http://10.100.80.14/task1" "Mozilla/5.0 (Windows NT 6.1; WOW64; Trident/7.0; rv:11.0) like Gecko"
10.100.81.122 - - [07/May/2022:14:56:00 +0800] "GET /static/jquery-3.6.0.min.js HTTP/1.1" 304 0 "http://10.100.80.14/task1" "Mozilla/5.0 (Windows NT 6.1; WOW64; Trident/7.0; rv:11.0) like Gecko"
10.100.81.122 - - [07/May/2022:14:56:00 +0800] "GET /static/assets/js/hover.zoom.js HTTP/1.1" 304 0 "http://10.100.80.14/task1" "Mozilla/5.0 (Windows NT 6.1; WOW64; Trident/7.0; rv:11.0) like Gecko"
10.100.81.122 - - [07/May/2022:14:56:00 +0800] "GET /static/assets/js/hover.zoom.conf.js HTTP/1.1" 304 0 "http://10.100.80.14/task1" "Mozilla/5.0 (Windows NT 6.1; WOW64; Trident/7.0; rv:11.0) like Gecko"
10.100.81.122 - - [07/May/2022:14:56:00 +0800] "GET /static/assets/js/bootstrap.min.js HTTP/1.1" 304 0 "http://10.100.80.14/task1" "Mozilla/5.0 (Windows NT 6.1; WOW64; Trident/7.0; rv:11.0) like Gecko"
10.100.81.122 - - [07/May/2022:14:56:00 +0800] "GET /static/index.js HTTP/1.1" 304 0 "http://10.100.80.14/task1" "Mozilla/5.0 (Windows NT 6.1; WOW64; Trident/7.0; rv:11.0) like Gecko"
10.100.81.90 - - [07/May/2022:14:56:00 +0800] "POST /task_1_run HTTP/1.1" 200 28 "http://10.100.80.14/task1" "Mozilla/5.0 (Windows NT 6.1; Trident/7.0; rv:11.0) like Gecko"
10.100.81.105 - - [07/May/2022:14:56:01 +0800] "GET /static/assets/css/main.css HTTP/1.1" 304 0 "http://10.100.80.14/task1" "Mozilla/5.0 (Windows NT 6.1; WOW64) AppleWebKit/537.36 (KHTML, like Gecko) Chrome/86.0.4240.198 Safari/537.36"
10.100.81.128 - - [07/May/2022:14:56:01 +0800] "POST /task_1_run HTTP/1.1" 200 22 "http://10.100.80.14/task1" "Mozilla/5.0 (Windows NT 6.1; WOW64; Trident/7.0; rv:11.0) like Gecko"
10.100.81.128 - - [07/May/2022:14:56:01 +0800] "POST /task_1_run HTTP/1.1" 200 22 "http://10.100.80.14/task1" "Mozilla/5.0 (Windows NT 6.1; WOW64; Trident/7.0; rv:11.0) like Gecko"
10.100.81.128 - - [07/May/2022:14:56:01 +0800] "POST /task_1_run HTTP/1.1" 200 22 "http://10.100.80.14/task1" "Mozilla/5.0 (Windows NT 6.1; WOW64; Trident/7.0; rv:11.0) like Gecko"
10.100.81.110 - - [07/May/2022:14:56:02 +0800] "POST /task_2_run HTTP/1.1" 200 22 "http://10.100.80.14/task1" "Mozilla/5.0 (Windows NT 6.1; WOW64) AppleWebKit/537.36 (KHTML, like Gecko) Chrome/86.0.4240.198 Safari/537.36"
10.100.81.122 - - [07/May/2022:14:56:02 +0800] "GET /task1 HTTP/1.1" 200 7342 "http://10.100.80.14/task1" "Mozilla/5.0 (Windows NT 6.1; WOW64; Trident/7.0; rv:11.0) like Gecko"
10.100.81.122 - - [07/May/2022:14:56:02 +0800] "GET /static/assets/css/bootstrap.css HTTP/1.1" 304 0 "http://10.100.80.14/task1" "Mozilla/5.0 (Windows NT 6.1; WOW64; Trident/7.0; rv:11.0) like Gecko"
10.100.81.122 - - [07/May/2022:14:56:02 +0800] "GET /static/assets/css/main.css HTTP/1.1" 304 0 "http://10.100.80.14/task1" "Mozilla/5.0 (Windows NT 6.1; WOW64; Trident/7.0; rv:11.0) like Gecko"
10.100.81.122 - - [07/May/2022:14:56:02 +0800] "GET /static/jquery-3.6.0.min.js HTTP/1.1" 304 0 "http://10.100.80.14/task1" "Mozilla/5.0 (Windows NT 6.1; WOW64; Trident/7.0; rv:11.0) like Gecko"
10.100.81.122 - - [07/May/2022:14:56:02 +0800] "GET /static/assets/js/hover.zoom.js HTTP/1.1" 304 0 "http://10.100.80.14/task1" "Mozilla/5.0 (Windows NT 6.1; WOW64; Trident/7.0; rv:11.0) like Gecko"
10.100.81.122 - - [07/May/2022:14:56:02 +0800] "GET /static/assets/js/hover.zoom.conf.js HTTP/1.1" 304 0 "http://10.100.80.14/task1" "Mozilla/5.0 (Windows NT 6.1; WOW64; Trident/7.0; rv:11.0) like Gecko"
10.100.81.122 - - [07/May/2022:14:56:02 +0800] "GET /static/assets/js/bootstrap.min.js HTTP/1.1" 304 0 "http://10.100.80.14/task1" "Mozilla/5.0 (Windows NT 6.1; WOW64; Trident/7.0; rv:11.0) like Gecko"
10.100.81.122 - - [07/May/2022:14:56:02 +0800] "GET /static/index.js HTTP/1.1" 304 0 "http://10.100.80.14/task1" "Mozilla/5.0 (Windows NT 6.1; WOW64; Trident/7.0; rv:11.0) like Gecko"
10.100.81.122 - - [07/May/2022:14:56:03 +0800] "GET /task1 HTTP/1.1" 200 7342 "http://10.100.80.14/task1" "Mozilla/5.0 (Windows NT 6.1; WOW64; Trident/7.0; rv:11.0) like Gecko"
10.100.81.122 - - [07/May/2022:14:56:03 +0800] "GET /static/assets/css/bootstrap.css HTTP/1.1" 304 0 "http://10.100.80.14/task1" "Mozilla/5.0 (Windows NT 6.1; WOW64; Trident/7.0; rv:11.0) like Gecko"
10.100.81.122 - - [07/May/2022:14:56:03 +0800] "GET /static/assets/css/main.css HTTP/1.1" 304 0 "http://10.100.80.14/task1" "Mozilla/5.0 (Windows NT 6.1; WOW64; Trident/7.0; rv:11.0) like Gecko"
