10.100.81.122 - - [07/May/2022:14:56:03 +0800] "GET /static/jquery-3.6.0.min.js HTTP/1.1" 304 0 "http://10.100.80.14/task1" "Mozilla/5.0 (Windows NT 6.1; WOW64; Trident/7.0; rv:11.0) like Gecko"
10.100.81.122 - - [07/May/2022:14:56:03 +0800] "GET /static/assets/js/hover.zoom.js HTTP/1.1" 304 0 "http://10.100.80.14/task1" "Mozilla/5.0 (Windows NT 6.1; WOW64; Trident/7.0; rv:11.0) like Gecko"
10.100.81.122 - - [07/May/2022:14:56:03 +0800] "GET /static/assets/js/hover.zoom.conf.js HTTP/1.1" 304 0 "http://10.100.80.14/task1" "Mozilla/5.0 (Windows NT 6.1; WOW64; Trident/7.0; rv:11.0) like Gecko"
10.100.81.122 - - [07/May/2022:14:56:03 +0800] "GET /static/assets/js/bootstrap.min.js HTTP/1.1" 304 0 "http://10.100.80.14/task1" "Mozilla/5.0 (Windows NT 6.1; WOW64; Trident/7.0; rv:11.0) like Gecko"
10.100.81.122 - - [07/May/2022:14:56:03 +0800] "GET /static/index.js HTTP/1.1" 304 0 "http://10.100.80.14/task1" "Mozilla/5.0 (Windows NT 6.1; WOW64; Trident/7.0; rv:11.0) like Gecko"
10.100.81.122 - - [07/May/2022:14:56:04 +0800] "GET /task1 HTTP/1.1" 200 7342 "http://10.100.80.14/task1" "Mozilla/5.0 (Windows NT 6.1; WOW64; Trident/7.0; rv:11.0) like Gecko"
10.100.81.122 - - [07/May/2022:14:56:04 +0800] "GET /static/assets/css/bootstrap.css HTTP/1.1" 304 0 "http://10.100.80.14/task1" "Mozilla/5.0 (Windows NT 6.1; WOW64; Trident/7.0; rv:11.0) like Gecko"
10.100.81.122 - - [07/May/2022:14:56:04 +0800] "GET /static/assets/css/main.css HTTP/1.1" 304 0 "http://10.100.80.14/task1" "Mozilla/5.0 (Windows NT 6.1; WOW64; Trident/7.0; rv:11.0) like Gecko"
10.100.81.122 - - [07/May/2022:14:56:04 +0800] "GET /static/jquery-3.6.0.min.js HTTP/1.1" 304 0 "http://10.100.80.14/task1" "Mozilla/5.0 (Windows NT 6.1; WOW64; Trident/7.0; rv:11.0) like Gecko"
10.100.81.122 - - [07/May/2022:14:56:04 +0800] "GET /static/assets/js/hover.zoom.js HTTP/1.1" 304 0 "http://10.100.80.14/task1" "Mozilla/5.0 (Windows NT 6.1; WOW64; Trident/7.0; rv:11.0) like Gecko"
10.100.81.122 - - [07/May/2022:14:56:04 +0800] "GET /static/assets/js/hover.zoom.conf.js HTTP/1.1" 304 0 "http://10.100.80.14/task1" "Mozilla/5.0 (Windows NT 6.1; WOW64; Trident/7.0; rv:11.0) like Gecko"
10.100.81.122 - - [07/May/2022:14:56:04 +0800] "GET /static/assets/js/bootstrap.min.js HTTP/1.1" 304 0 "http://10.100.80.14/task1" "Mozilla/5.0 (Windows NT 6.1; WOW64; Trident/7.0; rv:11.0) like Gecko"
10.100.81.122 - - [07/May/2022:14:56:04 +0800] "GET /static/index.js HTTP/1.1" 304 0 "http://10.100.80.14/task1" "Mozilla/5.0 (Windows NT 6.1; WOW64; Trident/7.0; rv:11.0) like Gecko"
10.100.81.122 - - [07/May/2022:14:56:04 +0800] "GET /task1 HTTP/1.1" 200 7342 "http://10.100.80.14/task1" "Mozilla/5.0 (Windows NT 6.1; WOW64; Trident/7.0; rv:11.0) like Gecko"
10.100.81.122 - - [07/May/2022:14:56:04 +0800] "GET /static/assets/css/bootstrap.css HTTP/1.1" 304 0 "http://10.100.80.14/task1" "Mozilla/5.0 (Windows NT 6.1; WOW64; Trident/7.0; rv:11.0) like Gecko"
10.100.81.122 - - [07/May/2022:14:56:04 +0800] "GET /static/assets/css/main.css HTTP/1.1" 304 0 "http://10.100.80.14/task1" "Mozilla/5.0 (Windows NT 6.1; WOW64; Trident/7.0; rv:11.0) like Gecko"
10.100.81.122 - - [07/May/2022:14:56:04 +0800] "GET /static/jquery-3.6.0.min.js HTTP/1.1" 304 0 "http://10.100.80.14/task1" "Mozilla/5.0 (Windows NT 6.1; WOW64; Trident/7.0; rv:11.0) like Gecko"
10.100.81.122 - - [07/May/2022:14:56:04 +0800] "GET /static/assets/js/hover.zoom.js HTTP/1.1" 304 0 "http://10.100.80.14/task1" "Mozilla/5.0 (Windows NT 6.1; WOW64; Trident/7.0; rv:11.0) like Gecko"
10.100.81.122 - - [07/May/2022:14:56:04 +0800] "GET /static/assets/js/hover.zoom.conf.js HTTP/1.1" 304 0 "http://10.100.80.14/task1" "Mozilla/5.0 (Windows NT 6.1; WOW64; Trident/7.0; rv:11.0) like Gecko"
10.100.81.122 - - [07/May/2022:14:56:04 +0800] "GET /static/assets/js/bootstrap.min.js HTTP/1.1" 304 0 "http://10.100.80.14/task1" "Mozilla/5.0 (Windows NT 6.1; WOW64; Trident/7.0; rv:11.0) like Gecko"
10.100.81.122 - - [07/May/2022:14:56:04 +0800] "GET /static/index.js HTTP/1.1" 304 0 "http://10.100.80.14/task1" "Mozilla/5.0 (Windows NT 6.1; WOW64; Trident/7.0; rv:11.0) like Gecko"
10.100.81.122 - - [07/May/2022:14:56:04 +0800] "GET /task1 HTTP/1.1" 200 7342 "http://10.100.80.14/task1" "Mozilla/5.0 (Windows NT 6.1; WOW64; Trident/7.0; rv:11.0) like Gecko"
10.100.81.122 - - [07/May/2022:14:56:04 +0800] "GET /static/assets/css/bootstrap.css HTTP/1.1" 304 0 "http://10.100.80.14/task1" "Mozilla/5.0 (Windows NT 6.1; WOW64; Trident/7.0; rv:11.0) like Gecko"
10.100.81.122 - - [07/May/2022:14:56:04 +0800] "GET /static/assets/css/main.css HTTP/1.1" 304 0 "http://10.100.80.14/task1" "Mozilla/5.0 (Windows NT 6.1; WOW64; Trident/7.0; rv:11.0) like Gecko"
10.100.81.122 - - [07/May/2022:14:56:04 +0800] "GET /static/jquery-3.6.0.min.js HTTP/1.1" 304 0 "http://10.100.80.14/task1" "Mozilla/5.0 (Windows NT 6.1; WOW64; Trident/7.0; rv:11.0) like Gecko"
10.100.81.122 - - [07/May/2022:14:56:04 +0800] "GET /static/assets/js/hover.zoom.js HTTP/1.1" 304 0 "http://10.100.80.14/task1" "Mozilla/5.0 (Windows NT 6.1; WOW64; Trident/7.0; rv:11.0) like Gecko"
10.100.81.122 - - [07/May/2022:14:56:04 +0800] "GET /static/assets/js/hover.zoom.conf.js HTTP/1.1" 304 0 "http://10.100.80.14/task1" "Mozilla/5.0 (Windows NT 6.1; WOW64; Trident/7.0; rv:11.0) like Gecko"
10.100.81.122 - - [07/May/2022:14:56:04 +0800] "GET /static/assets/js/bootstrap.min.js HTTP/1.1" 304 0 "http://10.100.80.14/task1" "Mozilla/5.0 (Windows NT 6.1; WOW64; Trident/7.0; rv:11.0) like Gecko"
10.100.81.122 - - [07/May/2022:14:56:04 +0800] "GET /static/index.js HTTP/1.1" 304 0 "http://10.100.80.14/task1" "Mozilla/5.0 (Windows NT 6.1; WOW64; Trident/7.0; rv:11.0) like Gecko"
10.100.81.122 - - [07/May/2022:14:56:04 +0800] "GET /task1 HTTP/1.1" 200 7342 "http://10.100.80.14/task1" "Mozilla/5.0 (Windows NT 6.1; WOW64; Trident/7.0; rv:11.0) like Gecko"
10.100.81.122 - - [07/May/2022:14:56:04 +0800] "GET /static/assets/css/bootstrap.css HTTP/1.1" 304 0 "http://10.100.80.14/task1" "Mozilla/5.0 (Windows NT 6.1; WOW64; Trident/7.0; rv:11.0) like Gecko"
10.100.81.122 - - [07/May/2022:14:56:04 +0800] "GET /static/assets/css/main.css HTTP/1.1" 304 0 "http://10.100.80.14/task1" "Mozilla/5.0 (Windows NT 6.1; WOW64; Trident/7.0; rv:11.0) like Gecko"
10.100.81.122 - - [07/May/2022:14:56:04 +0800] "GET /static/jquery-3.6.0.min.js HTTP/1.1" 304 0 "http://10.100.80.14/task1" "Mozilla/5.0 (Windows NT 6.1; WOW64; Trident/7.0; rv:11.0) like Gecko"
10.100.81.122 - - [07/May/2022:14:56:04 +0800] "GET /static/assets/js/hover.zoom.js HTTP/1.1" 304 0 "http://10.100.80.14/task1" "Mozilla/5.0 (Windows NT 6.1; WOW64; Trident/7.0; rv:11.0) like Gecko"
10.100.81.122 - - [07/May/2022:14:56:04 +0800] "GET /static/assets/js/hover.zoom.conf.js HTTP/1.1" 304 0 "http://10.100.80.14/task1" "Mozilla/5.0 (Windows NT 6.1; WOW64; Trident/7.0; rv:11.0) like Gecko"
10.100.81.122 - - [07/May/2022:14:56:04 +0800] "GET /static/assets/js/bootstrap.min.js HTTP/1.1" 304 0 "http://10.100.80.14/task1" "Mozilla/5.0 (Windows NT 6.1; WOW64; Trident/7.0; rv:11.0) like Gecko"
10.100.81.122 - - [07/May/2022:14:56:04 +0800] "GET /static/index.js HTTP/1.1" 304 0 "http://10.100.80.14/task1" "Mozilla/5.0 (Windows NT 6.1; WOW64; Trident/7.0; rv:11.0) like Gecko"
10.100.81.122 - - [07/May/2022:14:56:05 +0800] "GET /task1 HTTP/1.1" 200 7342 "http://10.100.80.14/task1" "Mozilla/5.0 (Windows NT 6.1; WOW64; Trident/7.0; rv:11.0) like Gecko"
10.100.81.122 - - [07/May/2022:14:56:05 +0800] "GET /static/assets/css/bootstrap.css HTTP/1.1" 304 0 "http://10.100.80.14/task1" "Mozilla/5.0 (Windows NT 6.1; WOW64; Trident/7.0; rv:11.0) like Gecko"
10.100.81.122 - - [07/May/2022:14:56:05 +0800] "GET /static/assets/css/main.css HTTP/1.1" 304 0 "http://10.100.80.14/task1" "Mozilla/5.0 (Windows NT 6.1; WOW64; Trident/7.0; rv:11.0) like Gecko"
10.100.81.122 - - [07/May/2022:14:56:05 +0800] "GET /static/jquery-3.6.0.min.js HTTP/1.1" 304 0 "http://10.100.80.14/task1" "Mozilla/5.0 (Windows NT 6.1; WOW64; Trident/7.0; rv:11.0) like Gecko"
10.100.81.122 - - [07/May/2022:14:56:05 +0800] "GET /static/assets/js/hover.zoom.js HTTP/1.1" 304 0 "http://10.100.80.14/task1" "Mozilla/5.0 (Windows NT 6.1; WOW64; Trident/7.0; rv:11.0) like Gecko"
10.100.81.122 - - [07/May/2022:14:56:05 +0800] "GET /static/assets/js/hover.zoom.conf.js HTTP/1.1" 304 0 "http://10.100.80.14/task1" "Mozilla/5.0 (Windows NT 6.1; WOW64; Trident/7.0; rv:11.0) like Gecko"
10.100.81.122 - - [07/May/2022:14:56:05 +0800] "GET /static/assets/js/bootstrap.min.js HTTP/1.1" 304 0 "http://10.100.80.14/task1" "Mozilla/5.0 (Windows NT 6.1; WOW64; Trident/7.0; rv:11.0) like Gecko"
10.100.81.122 - - [07/May/2022:14:56:05 +0800] "GET /static/index.js HTTP/1.1" 304 0 "http://10.100.80.14/task1" "Mozilla/5.0 (Windows NT 6.1; WOW64; Trident/7.0; rv:11.0) like Gecko"
10.100.81.122 - - [07/May/2022:14:56:05 +0800] "GET /task1 HTTP/1.1" 200 7342 "http://10.100.80.14/task1" "Mozilla/5.0 (Windows NT 6.1; WOW64; Trident/7.0; rv:11.0) like Gecko"
10.100.81.122 - - [07/May/2022:14:56:05 +0800] "GET /static/assets/css/bootstrap.css HTTP/1.1" 304 0 "http://10.100.80.14/task1" "Mozilla/5.0 (Windows NT 6.1; WOW64; Trident/7.0; rv:11.0) like Gecko"
10.100.81.122 - - [07/May/2022:14:56:05 +0800] "GET /static/assets/css/main.css HTTP/1.1" 304 0 "http://10.100.80.14/task1" "Mozilla/5.0 (Windows NT 6.1; WOW64; Trident/7.0; rv:11.0) like Gecko"
10.100.81.122 - - [07/May/2022:14:56:05 +0800] "GET /static/jquery-3.6.0.min.js HTTP/1.1" 304 0 "http://10.100.80.14/task1" "Mozilla/5.0 (Windows NT 6.1; WOW64; Trident/7.0; rv:11.0) like Gecko"
10.100.81.122 - - [07/May/2022:14:56:05 +0800] "GET /static/assets/js/hover.zoom.js HTTP/1.1" 304 0 "http://10.100.80.14/task1" "Mozilla/5.0 (Windows NT 6.1; WOW64; Trident/7.0; rv:11.0) like Gecko"
10.100.81.122 - - [07/May/2022:14:56:05 +0800] "GET /static/assets/js/hover.zoom.conf.js HTTP/1.1" 304 0 "http://10.100.80.14/task1" "Mozilla/5.0 (Windows NT 6.1; WOW64; Trident/7.0; rv:11.0) like Gecko"
10.100.81.122 - - [07/May/2022:14:56:05 +0800] "GET /static/assets/js/bootstrap.min.js HTTP/1.1" 304 0 "http://10.100.80.14/task1" "Mozilla/5.0 (Windows NT 6.1; WOW64; Trident/7.0; rv:11.0) like Gecko"
10.100.81.122 - - [07/May/2022:14:56:05 +0800] "GET /static/index.js HTTP/1.1" 304 0 "http://10.100.80.14/task1" "Mozilla/5.0 (Windows NT 6.1; WOW64; Trident/7.0; rv:11.0) like Gecko"
10.100.81.122 - - [07/May/2022:14:56:05 +0800] "GET /task1 HTTP/1.1" 200 7342 "http://10.100.80.14/task1" "Mozilla/5.0 (Windows NT 6.1; WOW64; Trident/7.0; rv:11.0) like Gecko"
10.100.81.122 - - [07/May/2022:14:56:05 +0800] "GET /static/assets/css/bootstrap.css HTTP/1.1" 304 0 "http://10.100.80.14/task1" "Mozilla/5.0 (Windows NT 6.1; WOW64; Trident/7.0; rv:11.0) like Gecko"
10.100.81.122 - - [07/May/2022:14:56:05 +0800] "GET /static/assets/css/main.css HTTP/1.1" 304 0 "http://10.100.80.14/task1" "Mozilla/5.0 (Windows NT 6.1; WOW64; Trident/7.0; rv:11.0) like Gecko"
10.100.81.122 - - [07/May/2022:14:56:05 +0800] "GET /static/jquery-3.6.0.min.js HTTP/1.1" 304 0 "http://10.100.80.14/task1" "Mozilla/5.0 (Windows NT 6.1; WOW64; Trident/7.0; rv:11.0) like Gecko"
10.100.81.122 - - [07/May/2022:14:56:05 +0800] "GET /static/assets/js/hover.zoom.js HTTP/1.1" 304 0 "http://10.100.80.14/task1" "Mozilla/5.0 (Windows NT 6.1; WOW64; Trident/7.0; rv:11.0) like Gecko"
10.100.81.122 - - [07/May/2022:14:56:05 +0800] "GET /static/assets/js/hover.zoom.conf.js HTTP/1.1" 304 0 "http://10.100.80.14/task1" "Mozilla/5.0 (Windows NT 6.1; WOW64; Trident/7.0; rv:11.0) like Gecko"
10.100.81.122 - - [07/May/2022:14:56:05 +0800] "GET /task1 HTTP/1.1" 200 7342 "http://10.100.80.14/task1" "Mozilla/5.0 (Windows NT 6.1; WOW64; Trident/7.0; rv:11.0) like Gecko"
10.100.81.122 - - [07/May/2022:14:56:05 +0800] "GET /static/assets/css/bootstrap.css HTTP/1.1" 304 0 "http://10.100.80.14/task1" "Mozilla/5.0 (Windows NT 6.1; WOW64; Trident/7.0; rv:11.0) like Gecko"
10.100.81.122 - - [07/May/2022:14:56:05 +0800] "GET /static/assets/css/main.css HTTP/1.1" 304 0 "http://10.100.80.14/task1" "Mozilla/5.0 (Windows NT 6.1; WOW64; Trident/7.0; rv:11.0) like Gecko"
10.100.81.122 - - [07/May/2022:14:56:05 +0800] "GET /static/jquery-3.6.0.min.js HTTP/1.1" 304 0 "http://10.100.80.14/task1" "Mozilla/5.0 (Windows NT 6.1; WOW64; Trident/7.0; rv:11.0) like Gecko"
10.100.81.122 - - [07/May/2022:14:56:05 +0800] "GET /static/assets/js/hover.zoom.js HTTP/1.1" 304 0 "http://10.100.80.14/task1" "Mozilla/5.0 (Windows NT 6.1; WOW64; Trident/7.0; rv:11.0) like Gecko"
10.100.81.122 - - [07/May/2022:14:56:05 +0800] "GET /static/assets/js/hover.zoom.conf.js HTTP/1.1" 304 0 "http://10.100.80.14/task1" "Mozilla/5.0 (Windows NT 6.1; WOW64; Trident/7.0; rv:11.0) like Gecko"
10.100.81.122 - - [07/May/2022:14:56:05 +0800] "GET /static/assets/js/bootstrap.min.js HTTP/1.1" 304 0 "http://10.100.80.14/task1" "Mozilla/5.0 (Windows NT 6.1; WOW64; Trident/7.0; rv:11.0) like Gecko"
10.100.81.122 - - [07/May/2022:14:56:05 +0800] "GET /static/index.js HTTP/1.1" 304 0 "http://10.100.80.14/task1" "Mozilla/5.0 (Windows NT 6.1; WOW64; Trident/7.0; rv:11.0) like Gecko"
10.100.81.122 - - [07/May/2022:14:56:05 +0800] "GET /task1 HTTP/1.1" 200 7342 "http://10.100.80.14/task1" "Mozilla/5.0 (Windows NT 6.1; WOW64; Trident/7.0; rv:11.0) like Gecko"
10.100.81.122 - - [07/May/2022:14:56:05 +0800] "GET /static/assets/css/bootstrap.css HTTP/1.1" 304 0 "http://10.100.80.14/task1" "Mozilla/5.0 (Windows NT 6.1; WOW64; Trident/7.0; rv:11.0) like Gecko"
10.100.81.122 - - [07/May/2022:14:56:05 +0800] "GET /static/assets/css/main.css HTTP/1.1" 304 0 "http://10.100.80.14/task1" "Mozilla/5.0 (Windows NT 6.1; WOW64; Trident/7.0; rv:11.0) like Gecko"
10.100.81.102 - - [07/May/2022:14:56:05 +0800] "POST /task_1_run HTTP/1.1" 200 22 "http://10.100.80.14/task1" "Mozilla/5.0 (Windows NT 6.1; WOW64) AppleWebKit/537.36 (KHTML, like Gecko) Chrome/86.0.4240.198 Safari/537.36"
10.100.81.122 - - [07/May/2022:14:56:05 +0800] "GET /static/jquery-3.6.0.min.js HTTP/1.1" 304 0 "http://10.100.80.14/task1" "Mozilla/5.0 (Windows NT 6.1; WOW64; Trident/7.0; rv:11.0) like Gecko"
10.100.81.122 - - [07/May/2022:14:56:06 +0800] "GET /static/assets/js/hover.zoom.js HTTP/1.1" 304 0 "http://10.100.80.14/task1" "Mozilla/5.0 (Windows NT 6.1; WOW64; Trident/7.0; rv:11.0) like Gecko"
10.100.81.122 - - [07/May/2022:14:56:06 +0800] "GET /static/assets/js/hover.zoom.conf.js HTTP/1.1" 304 0 "http://10.100.80.14/task1" "Mozilla/5.0 (Windows NT 6.1; WOW64; Trident/7.0; rv:11.0) like Gecko"
10.100.81.122 - - [07/May/2022:14:56:06 +0800] "GET /static/assets/js/bootstrap.min.js HTTP/1.1" 304 0 "http://10.100.80.14/task1" "Mozilla/5.0 (Windows NT 6.1; WOW64; Trident/7.0; rv:11.0) like Gecko"
10.100.81.122 - - [07/May/2022:14:56:06 +0800] "GET /static/index.js HTTP/1.1" 304 0 "http://10.100.80.14/task1" "Mozilla/5.0 (Windows NT 6.1; WOW64; Trident/7.0; rv:11.0) like Gecko"
10.100.81.102 - - [07/May/2022:14:56:06 +0800] "POST /task_1_run HTTP/1.1" 200 22 "http://10.100.80.14/task1" "Mozilla/5.0 (Windows NT 6.1; WOW64) AppleWebKit/537.36 (KHTML, like Gecko) Chrome/86.0.4240.198 Safari/537.36"
10.100.81.102 - - [07/May/2022:14:56:07 +0800] "POST /task_1_run HTTP/1.1" 200 22 "http://10.100.80.14/task1" "Mozilla/5.0 (Windows NT 6.1; WOW64) AppleWebKit/537.36 (KHTML, like Gecko) Chrome/86.0.4240.198 Safari/537.36"
10.100.81.129 - - [07/May/2022:14:56:08 +0800] "POST /task_1_run HTTP/1.1" 200 22 "http://10.100.80.14/task1" "Mozilla/5.0 (Windows NT 6.1; WOW64; Trident/7.0; rv:11.0) like Gecko"
10.100.81.129 - - [07/May/2022:14:56:09 +0800] "POST /task_1_run HTTP/1.1" 200 22 "http://10.100.80.14/task1" "Mozilla/5.0 (Windows NT 6.1; WOW64; Trident/7.0; rv:11.0) like Gecko"
10.100.81.129 - - [07/May/2022:14:56:09 +0800] "POST /task_1_run HTTP/1.1" 200 22 "http://10.100.80.14/task1" "Mozilla/5.0 (Windows NT 6.1; WOW64; Trident/7.0; rv:11.0) like Gecko"
10.100.81.129 - - [07/May/2022:14:56:09 +0800] "POST /task_1_run HTTP/1.1" 200 22 "http://10.100.80.14/task1" "Mozilla/5.0 (Windows NT 6.1; WOW64; Trident/7.0; rv:11.0) like Gecko"
10.100.81.128 - - [07/May/2022:14:56:11 +0800] "POST /task_1_run HTTP/1.1" 200 22 "http://10.100.80.14/task1" "Mozilla/5.0 (Windows NT 6.1; WOW64; Trident/7.0; rv:11.0) like Gecko"
10.100.81.128 - - [07/May/2022:14:56:12 +0800] "POST /task_1_run HTTP/1.1" 200 22 "http://10.100.80.14/task1" "Mozilla/5.0 (Windows NT 6.1; WOW64; Trident/7.0; rv:11.0) like Gecko"
10.100.81.128 - - [07/May/2022:14:56:12 +0800] "POST /task_1_run HTTP/1.1" 200 22 "http://10.100.80.14/task1" "Mozilla/5.0 (Windows NT 6.1; WOW64; Trident/7.0; rv:11.0) like Gecko"
10.100.81.133 - - [07/May/2022:14:56:15 +0800] "POST /task_1_run HTTP/1.1" 200 28 "http://10.100.80.14/task1" "Mozilla/5.0 (Windows NT 6.1; WOW64; Trident/7.0; rv:11.0) like Gecko"
10.100.81.77 - - [07/May/2022:14:56:16 +0800] "POST /task_2_run HTTP/1.1" 200 22 "http://10.100.80.14/task1" "Mozilla/5.0 (Windows NT 6.1; Trident/7.0; rv:11.0) like Gecko"
10.100.81.89 - - [07/May/2022:14:56:16 +0800] "POST /task_2_run HTTP/1.1" 200 22 "http://10.100.80.14/task1" "Mozilla/5.0 (Windows NT 6.1; Trident/7.0; rv:11.0) like Gecko"
10.100.81.133 - - [07/May/2022:14:56:16 +0800] "POST /task_1_run HTTP/1.1" 200 28 "http://10.100.80.14/task1" "Mozilla/5.0 (Windows NT 6.1; WOW64; Trident/7.0; rv:11.0) like Gecko"
10.100.81.160 - - [07/May/2022:14:56:19 +0800] "POST /task_1_run HTTP/1.1" 200 28 "http://10.100.80.14/task1" "Mozilla/5.0 (Windows NT 6.1) AppleWebKit/537.36 (KHTML, like Gecko) Chrome/100.0.4896.127 Safari/537.36"
10.100.81.160 - - [07/May/2022:14:56:19 +0800] "POST /task_1_run HTTP/1.1" 200 28 "http://10.100.80.14/task1" "Mozilla/5.0 (Windows NT 6.1) AppleWebKit/537.36 (KHTML, like Gecko) Chrome/100.0.4896.127 Safari/537.36"
10.100.81.160 - - [07/May/2022:14:56:20 +0800] "POST /task_1_run HTTP/1.1" 200 28 "http://10.100.80.14/task1" "Mozilla/5.0 (Windows NT 6.1) AppleWebKit/537.36 (KHTML, like Gecko) Chrome/100.0.4896.127 Safari/537.36"
10.100.81.160 - - [07/May/2022:14:56:20 +0800] "POST /task_1_run HTTP/1.1" 200 28 "http://10.100.80.14/task1" "Mozilla/5.0 (Windows NT 6.1) AppleWebKit/537.36 (KHTML, like Gecko) Chrome/100.0.4896.127 Safari/537.36"
10.100.81.160 - - [07/May/2022:14:56:20 +0800] "POST /task_1_run HTTP/1.1" 200 28 "http://10.100.80.14/task1" "Mozilla/5.0 (Windows NT 6.1) AppleWebKit/537.36 (KHTML, like Gecko) Chrome/100.0.4896.127 Safari/537.36"
10.100.81.78 - - [07/May/2022:14:56:22 +0800] "POST /task_1_run HTTP/1.1" 200 28 "http://10.100.80.14/task1" "Mozilla/5.0 (Windows NT 6.1; Trident/7.0; rv:11.0) like Gecko"
10.100.81.88 - - [07/May/2022:14:56:23 +0800] "POST /task_2_run HTTP/1.1" 200 22 "http://10.100.80.14/task1" "Mozilla/5.0 (Windows NT 6.1; Trident/7.0; rv:11.0) like Gecko"
10.100.81.160 - - [07/May/2022:14:56:23 +0800] "POST /task_1_run HTTP/1.1" 200 28 "http://10.100.80.14/task1" "Mozilla/5.0 (Windows NT 6.1) AppleWebKit/537.36 (KHTML, like Gecko) Chrome/100.0.4896.127 Safari/537.36"
10.100.81.88 - - [07/May/2022:14:56:24 +0800] "POST /task_2_run HTTP/1.1" 200 22 "http://10.100.80.14/task1" "Mozilla/5.0 (Windows NT 6.1; Trident/7.0; rv:11.0) like Gecko"
10.100.81.160 - - [07/May/2022:14:56:31 +0800] "POST /task_1_run HTTP/1.1" 200 28 "http://10.100.80.14/task1" "Mozilla/5.0 (Windows NT 6.1) AppleWebKit/537.36 (KHTML, like Gecko) Chrome/100.0.4896.127 Safari/537.36"
10.100.81.129 - - [07/May/2022:14:56:31 +0800] "POST /task_1_run HTTP/1.1" 200 22 "http://10.100.80.14/task1" "Mozilla/5.0 (Windows NT 6.1; WOW64; Trident/7.0; rv:11.0) like Gecko"
10.100.81.129 - - [07/May/2022:14:56:32 +0800] "POST /task_1_run HTTP/1.1" 200 22 "http://10.100.80.14/task1" "Mozilla/5.0 (Windows NT 6.1; WOW64; Trident/7.0; rv:11.0) like Gecko"
10.100.81.90 - - [07/May/2022:14:56:32 +0800] "POST /task_1_run HTTP/1.1" 200 28 "http://10.100.80.14/task1" "Mozilla/5.0 (Windows NT 6.1; Trident/7.0; rv:11.0) like Gecko"
10.100.81.88 - - [07/May/2022:14:56:33 +0800] "POST /task_2_run HTTP/1.1" 200 22 "http://10.100.80.14/task1" "Mozilla/5.0 (Windows NT 6.1; Trident/7.0; rv:11.0) like Gecko"
10.100.81.88 - - [07/May/2022:14:56:34 +0800] "POST /task_2_run HTTP/1.1" 200 22 "http://10.100.80.14/task1" "Mozilla/5.0 (Windows NT 6.1; Trident/7.0; rv:11.0) like Gecko"
10.100.81.79 - - [07/May/2022:14:56:34 +0800] "POST /task_1_run HTTP/1.1" 200 22 "http://10.100.80.14/task1" "Mozilla/5.0 (Windows NT 6.1; Trident/7.0; rv:11.0) like Gecko"
10.100.81.79 - - [07/May/2022:14:56:34 +0800] "POST /task_1_run HTTP/1.1" 200 22 "http://10.100.80.14/task1" "Mozilla/5.0 (Windows NT 6.1; Trident/7.0; rv:11.0) like Gecko"
10.100.81.79 - - [07/May/2022:14:56:35 +0800] "POST /task_1_run HTTP/1.1" 200 22 "http://10.100.80.14/task1" "Mozilla/5.0 (Windows NT 6.1; Trident/7.0; rv:11.0) like Gecko"
10.100.81.79 - - [07/May/2022:14:56:35 +0800] "POST /task_1_run HTTP/1.1" 200 22 "http://10.100.80.14/task1" "Mozilla/5.0 (Windows NT 6.1; Trident/7.0; rv:11.0) like Gecko"
10.100.81.79 - - [07/May/2022:14:56:35 +0800] "POST /task_1_run HTTP/1.1" 200 22 "http://10.100.80.14/task1" "Mozilla/5.0 (Windows NT 6.1; Trident/7.0; rv:11.0) like Gecko"
10.100.81.88 - - [07/May/2022:14:56:36 +0800] "POST /task_2_run HTTP/1.1" 200 22 "http://10.100.80.14/task1" "Mozilla/5.0 (Windows NT 6.1; Trident/7.0; rv:11.0) like Gecko"
10.100.81.102 - - [07/May/2022:14:56:37 +0800] "POST /task_1_run HTTP/1.1" 200 22 "http://10.100.80.14/task1" "Mozilla/5.0 (Windows NT 6.1; WOW64) AppleWebKit/537.36 (KHTML, like Gecko) Chrome/86.0.4240.198 Safari/537.36"
10.100.81.88 - - [07/May/2022:14:56:37 +0800] "POST /task_2_run HTTP/1.1" 200 22 "http://10.100.80.14/task1" "Mozilla/5.0 (Windows NT 6.1; Trident/7.0; rv:11.0) like Gecko"
10.100.81.102 - - [07/May/2022:14:56:38 +0800] "POST /task_1_run HTTP/1.1" 200 22 "http://10.100.80.14/task1" "Mozilla/5.0 (Windows NT 6.1; WOW64) AppleWebKit/537.36 (KHTML, like Gecko) Chrome/86.0.4240.198 Safari/537.36"
10.100.81.106 - - [07/May/2022:14:56:38 +0800] "POST /task_2_run HTTP/1.1" 200 22 "http://10.100.80.14/task1" "Mozilla/5.0 (Windows NT 6.1; WOW64; Trident/7.0; rv:11.0) like Gecko"
10.100.81.129 - - [07/May/2022:14:56:39 +0800] "POST /task_1_run HTTP/1.1" 200 22 "http://10.100.80.14/task1" "Mozilla/5.0 (Windows NT 6.1; WOW64; Trident/7.0; rv:11.0) like Gecko"
10.100.81.129 - - [07/May/2022:14:56:39 +0800] "POST /task_1_run HTTP/1.1" 200 22 "http://10.100.80.14/task1" "Mozilla/5.0 (Windows NT 6.1; WOW64; Trident/7.0; rv:11.0) like Gecko"
10.100.81.129 - - [07/May/2022:14:56:39 +0800] "POST /task_1_run HTTP/1.1" 200 22 "http://10.100.80.14/task1" "Mozilla/5.0 (Windows NT 6.1; WOW64; Trident/7.0; rv:11.0) like Gecko"
10.100.81.105 - - [07/May/2022:14:56:39 +0800] "POST /task_1_run HTTP/1.1" 200 28 "http://10.100.80.14/task1" "Mozilla/5.0 (Windows NT 6.1; WOW64) AppleWebKit/537.36 (KHTML, like Gecko) Chrome/86.0.4240.198 Safari/537.36"
10.100.81.133 - - [07/May/2022:14:56:39 +0800] "POST /task_1_run HTTP/1.1" 200 28 "http://10.100.80.14/task1" "Mozilla/5.0 (Windows NT 6.1; WOW64; Trident/7.0; rv:11.0) like Gecko"
10.100.81.106 - - [07/May/2022:14:56:39 +0800] "POST /task_2_run HTTP/1.1" 200 22 "http://10.100.80.14/task1" "Mozilla/5.0 (Windows NT 6.1; WOW64; Trident/7.0; rv:11.0) like Gecko"
10.100.81.73 - - [07/May/2022:14:56:39 +0800] "POST /task_2_run HTTP/1.1" 200 22 "http://10.100.80.14/task1" "Mozilla/5.0 (Windows NT 6.1; Trident/7.0; rv:11.0) like Gecko"
10.100.81.116 - - [07/May/2022:14:56:39 +0800] "POST /task_2_run HTTP/1.1" 200 22 "http://10.100.80.14/task1" "Mozilla/5.0 (Windows NT 6.1; WOW64; Trident/7.0; rv:11.0) like Gecko"
10.100.81.133 - - [07/May/2022:14:56:40 +0800] "POST /task_1_run HTTP/1.1" 200 28 "http://10.100.80.14/task1" "Mozilla/5.0 (Windows NT 6.1; WOW64; Trident/7.0; rv:11.0) like Gecko"
10.100.81.73 - - [07/May/2022:14:56:40 +0800] "POST /task_2_run HTTP/1.1" 200 22 "http://10.100.80.14/task1" "Mozilla/5.0 (Windows NT 6.1; Trident/7.0; rv:11.0) like Gecko"
10.100.81.88 - - [07/May/2022:14:56:40 +0800] "POST /task_2_run HTTP/1.1" 200 22 "http://10.100.80.14/task1" "Mozilla/5.0 (Windows NT 6.1; Trident/7.0; rv:11.0) like Gecko"
10.100.81.73 - - [07/May/2022:14:56:40 +0800] "POST /task_2_run HTTP/1.1" 200 22 "http://10.100.80.14/task1" "Mozilla/5.0 (Windows NT 6.1; Trident/7.0; rv:11.0) like Gecko"
10.100.81.116 - - [07/May/2022:14:56:40 +0800] "POST /task_2_run HTTP/1.1" 200 22 "http://10.100.80.14/task1" "Mozilla/5.0 (Windows NT 6.1; WOW64; Trident/7.0; rv:11.0) like Gecko"
10.100.81.73 - - [07/May/2022:14:56:40 +0800] "POST /task_2_run HTTP/1.1" 200 22 "http://10.100.80.14/task1" "Mozilla/5.0 (Windows NT 6.1; Trident/7.0; rv:11.0) like Gecko"
10.100.81.116 - - [07/May/2022:14:56:40 +0800] "POST /task_2_run HTTP/1.1" 200 22 "http://10.100.80.14/task1" "Mozilla/5.0 (Windows NT 6.1; WOW64; Trident/7.0; rv:11.0) like Gecko"
10.100.81.73 - - [07/May/2022:14:56:40 +0800] "POST /task_2_run HTTP/1.1" 200 22 "http://10.100.80.14/task1" "Mozilla/5.0 (Windows NT 6.1; Trident/7.0; rv:11.0) like Gecko"
10.100.81.73 - - [07/May/2022:14:56:41 +0800] "POST /task_2_run HTTP/1.1" 200 22 "http://10.100.80.14/task1" "Mozilla/5.0 (Windows NT 6.1; Trident/7.0; rv:11.0) like Gecko"
10.100.81.117 - - [07/May/2022:14:56:41 +0800] "POST /task_2_run HTTP/1.1" 200 22 "http://10.100.80.14/task1" "Mozilla/5.0 (Windows NT 6.1; WOW64; Trident/7.0; rv:11.0) like Gecko"
10.100.81.128 - - [07/May/2022:14:56:45 +0800] "POST /task_1_run HTTP/1.1" 200 28 "http://10.100.80.14/task1" "Mozilla/5.0 (Windows NT 6.1; WOW64; Trident/7.0; rv:11.0) like Gecko"
10.100.81.102 - - [07/May/2022:14:56:45 +0800] "POST /task_1_run HTTP/1.1" 200 22 "http://10.100.80.14/task1" "Mozilla/5.0 (Windows NT 6.1; WOW64) AppleWebKit/537.36 (KHTML, like Gecko) Chrome/86.0.4240.198 Safari/537.36"
10.100.81.133 - - [07/May/2022:14:56:46 +0800] "POST /task_1_run HTTP/1.1" 200 28 "http://10.100.80.14/task1" "Mozilla/5.0 (Windows NT 6.1; WOW64; Trident/7.0; rv:11.0) like Gecko"
10.100.81.102 - - [07/May/2022:14:56:47 +0800] "POST /task_1_run HTTP/1.1" 200 22 "http://10.100.80.14/task1" "Mozilla/5.0 (Windows NT 6.1; WOW64) AppleWebKit/537.36 (KHTML, like Gecko) Chrome/86.0.4240.198 Safari/537.36"
10.100.81.133 - - [07/May/2022:14:56:47 +0800] "POST /task_1_run HTTP/1.1" 200 28 "http://10.100.80.14/task1" "Mozilla/5.0 (Windows NT 6.1; WOW64; Trident/7.0; rv:11.0) like Gecko"
10.100.81.102 - - [07/May/2022:14:56:47 +0800] "POST /task_1_run HTTP/1.1" 200 22 "http://10.100.80.14/task1" "Mozilla/5.0 (Windows NT 6.1; WOW64) AppleWebKit/537.36 (KHTML, like Gecko) Chrome/86.0.4240.198 Safari/537.36"
10.100.81.133 - - [07/May/2022:14:56:47 +0800] "POST /task_1_run HTTP/1.1" 200 28 "http://10.100.80.14/task1" "Mozilla/5.0 (Windows NT 6.1; WOW64; Trident/7.0; rv:11.0) like Gecko"
10.100.81.125 - - [07/May/2022:14:56:47 +0800] "POST /task_1_run HTTP/1.1" 200 22 "http://10.100.80.14/task1" "Mozilla/5.0 (Windows NT 6.1; WOW64; Trident/7.0; rv:11.0) like Gecko"
10.100.81.133 - - [07/May/2022:14:56:47 +0800] "POST /task_1_run HTTP/1.1" 200 28 "http://10.100.80.14/task1" "Mozilla/5.0 (Windows NT 6.1; WOW64; Trident/7.0; rv:11.0) like Gecko"
10.100.81.100 - - [07/May/2022:14:56:52 +0800] "POST /task_2_run HTTP/1.1" 200 22 "http://10.100.80.14/task1" "Mozilla/5.0 (Windows NT 6.1; WOW64; Trident/7.0; rv:11.0) like Gecko"
10.100.81.100 - - [07/May/2022:14:56:52 +0800] "POST /task_2_run HTTP/1.1" 200 22 "http://10.100.80.14/task1" "Mozilla/5.0 (Windows NT 6.1; WOW64; Trident/7.0; rv:11.0) like Gecko"
10.100.81.100 - - [07/May/2022:14:56:52 +0800] "POST /task_2_run HTTP/1.1" 200 22 "http://10.100.80.14/task1" "Mozilla/5.0 (Windows NT 6.1; WOW64; Trident/7.0; rv:11.0) like Gecko"
10.100.81.100 - - [07/May/2022:14:56:52 +0800] "POST /task_2_run HTTP/1.1" 200 22 "http://10.100.80.14/task1" "Mozilla/5.0 (Windows NT 6.1; WOW64; Trident/7.0; rv:11.0) like Gecko"
10.100.81.100 - - [07/May/2022:14:56:53 +0800] "POST /task_2_run HTTP/1.1" 200 22 "http://10.100.80.14/task1" "Mozilla/5.0 (Windows NT 6.1; WOW64; Trident/7.0; rv:11.0) like Gecko"
10.100.81.100 - - [07/May/2022:14:56:53 +0800] "POST /task_2_run HTTP/1.1" 200 22 "http://10.100.80.14/task1" "Mozilla/5.0 (Windows NT 6.1; WOW64; Trident/7.0; rv:11.0) like Gecko"
10.100.81.100 - - [07/May/2022:14:56:53 +0800] "POST /task_2_run HTTP/1.1" 200 22 "http://10.100.80.14/task1" "Mozilla/5.0 (Windows NT 6.1; WOW64; Trident/7.0; rv:11.0) like Gecko"
10.100.81.100 - - [07/May/2022:14:56:53 +0800] "POST /task_2_run HTTP/1.1" 200 22 "http://10.100.80.14/task1" "Mozilla/5.0 (Windows NT 6.1; WOW64; Trident/7.0; rv:11.0) like Gecko"
10.100.81.125 - - [07/May/2022:14:56:54 +0800] "POST /task_1_run HTTP/1.1" 200 22 "http://10.100.80.14/task1" "Mozilla/5.0 (Windows NT 6.1; WOW64; Trident/7.0; rv:11.0) like Gecko"
10.100.81.133 - - [07/May/2022:14:56:56 +0800] "POST /task_1_run HTTP/1.1" 200 28 "http://10.100.80.14/task1" "Mozilla/5.0 (Windows NT 6.1; WOW64; Trident/7.0; rv:11.0) like Gecko"
10.100.81.79 - - [07/May/2022:14:56:57 +0800] "POST /task_1_run HTTP/1.1" 200 28 "http://10.100.80.14/task1" "Mozilla/5.0 (Windows NT 6.1; Trident/7.0; rv:11.0) like Gecko"
10.100.81.79 - - [07/May/2022:14:56:58 +0800] "POST /task_1_run HTTP/1.1" 200 28 "http://10.100.80.14/task1" "Mozilla/5.0 (Windows NT 6.1; Trident/7.0; rv:11.0) like Gecko"
10.100.81.100 - - [07/May/2022:14:56:59 +0800] "POST /task_2_run HTTP/1.1" 200 22 "http://10.100.80.14/task1" "Mozilla/5.0 (Windows NT 6.1; WOW64; Trident/7.0; rv:11.0) like Gecko"
10.100.81.100 - - [07/May/2022:14:56:59 +0800] "POST /task_2_run HTTP/1.1" 200 22 "http://10.100.80.14/task1" "Mozilla/5.0 (Windows NT 6.1; WOW64; Trident/7.0; rv:11.0) like Gecko"
10.100.81.100 - - [07/May/2022:14:57:00 +0800] "POST /task_2_run HTTP/1.1" 200 22 "http://10.100.80.14/task1" "Mozilla/5.0 (Windows NT 6.1; WOW64; Trident/7.0; rv:11.0) like Gecko"
10.100.81.102 - - [07/May/2022:14:57:01 +0800] "POST /task_1_run HTTP/1.1" 200 22 "http://10.100.80.14/task1" "Mozilla/5.0 (Windows NT 6.1; WOW64) AppleWebKit/537.36 (KHTML, like Gecko) Chrome/86.0.4240.198 Safari/537.36"
10.100.81.102 - - [07/May/2022:14:57:01 +0800] "POST /task_1_run HTTP/1.1" 200 22 "http://10.100.80.14/task1" "Mozilla/5.0 (Windows NT 6.1; WOW64) AppleWebKit/537.36 (KHTML, like Gecko) Chrome/86.0.4240.198 Safari/537.36"
10.100.81.125 - - [07/May/2022:14:57:04 +0800] "POST /task_1_run HTTP/1.1" 200 22 "http://10.100.80.14/task1" "Mozilla/5.0 (Windows NT 6.1; WOW64; Trident/7.0; rv:11.0) like Gecko"
10.100.81.72 - - [07/May/2022:14:57:04 +0800] "POST /task_2_run HTTP/1.1" 200 22 "http://10.100.80.14/task1" "Mozilla/5.0 (Windows NT 6.1; Trident/7.0; rv:11.0) like Gecko"
10.100.81.129 - - [07/May/2022:14:57:05 +0800] "POST /task_1_run HTTP/1.1" 200 28 "http://10.100.80.14/task1" "Mozilla/5.0 (Windows NT 6.1; WOW64; Trident/7.0; rv:11.0) like Gecko"
10.100.81.107 - - [07/May/2022:14:57:07 +0800] "POST /task_2_run HTTP/1.1" 200 22 "http://10.100.80.14/task1" "Mozilla/5.0 (Windows NT 6.1; WOW64; Trident/7.0; rv:11.0) like Gecko"
10.100.81.72 - - [07/May/2022:14:57:14 +0800] "POST /task_2_run HTTP/1.1" 200 16 "http://10.100.80.14/task1" "Mozilla/5.0 (Windows NT 6.1; Trident/7.0; rv:11.0) like Gecko"
10.100.81.73 - - [07/May/2022:14:57:14 +0800] "POST /task_2_run HTTP/1.1" 200 22 "http://10.100.80.14/task1" "Mozilla/5.0 (Windows NT 6.1; Trident/7.0; rv:11.0) like Gecko"
10.100.81.102 - - [07/May/2022:14:57:15 +0800] "POST /task_1_run HTTP/1.1" 200 28 "http://10.100.80.14/task1" "Mozilla/5.0 (Windows NT 6.1; WOW64) AppleWebKit/537.36 (KHTML, like Gecko) Chrome/86.0.4240.198 Safari/537.36"
10.100.81.73 - - [07/May/2022:14:57:15 +0800] "POST /task_2_run HTTP/1.1" 200 22 "http://10.100.80.14/task1" "Mozilla/5.0 (Windows NT 6.1; Trident/7.0; rv:11.0) like Gecko"
10.100.81.102 - - [07/May/2022:14:57:15 +0800] "POST /task_1_run HTTP/1.1" 200 28 "http://10.100.80.14/task1" "Mozilla/5.0 (Windows NT 6.1; WOW64) AppleWebKit/537.36 (KHTML, like Gecko) Chrome/86.0.4240.198 Safari/537.36"
10.100.81.73 - - [07/May/2022:14:57:15 +0800] "POST /task_2_run HTTP/1.1" 200 22 "http://10.100.80.14/task1" "Mozilla/5.0 (Windows NT 6.1; Trident/7.0; rv:11.0) like Gecko"
10.100.81.73 - - [07/May/2022:14:57:15 +0800] "POST /task_2_run HTTP/1.1" 200 22 "http://10.100.80.14/task1" "Mozilla/5.0 (Windows NT 6.1; Trident/7.0; rv:11.0) like Gecko"
10.100.81.73 - - [07/May/2022:14:57:16 +0800] "POST /task_2_run HTTP/1.1" 200 22 "http://10.100.80.14/task1" "Mozilla/5.0 (Windows NT 6.1; Trident/7.0; rv:11.0) like Gecko"
10.100.81.85 - - [07/May/2022:14:57:16 +0800] "POST /task_1_run HTTP/1.1" 200 28 "http://10.100.80.14/task1" "Mozilla/5.0 (Windows NT 6.1; Trident/7.0; rv:11.0) like Gecko"
10.100.81.73 - - [07/May/2022:14:57:16 +0800] "POST /task_2_run HTTP/1.1" 200 22 "http://10.100.80.14/task1" "Mozilla/5.0 (Windows NT 6.1; Trident/7.0; rv:11.0) like Gecko"
10.100.81.73 - - [07/May/2022:14:57:17 +0800] "POST /task_2_run HTTP/1.1" 200 22 "http://10.100.80.14/task1" "Mozilla/5.0 (Windows NT 6.1; Trident/7.0; rv:11.0) like Gecko"
10.100.81.160 - - [07/May/2022:14:57:17 +0800] "POST /task_2_run HTTP/1.1" 200 16 "http://10.100.80.14/task1" "Mozilla/5.0 (Windows NT 6.1) AppleWebKit/537.36 (KHTML, like Gecko) Chrome/100.0.4896.127 Safari/537.36"
10.100.81.85 - - [07/May/2022:14:57:19 +0800] "POST /task_1_run HTTP/1.1" 200 28 "http://10.100.80.14/task1" "Mozilla/5.0 (Windows NT 6.1; Trident/7.0; rv:11.0) like Gecko"
10.100.81.85 - - [07/May/2022:14:57:19 +0800] "POST /task_1_run HTTP/1.1" 200 28 "http://10.100.80.14/task1" "Mozilla/5.0 (Windows NT 6.1; Trident/7.0; rv:11.0) like Gecko"
10.100.81.73 - - [07/May/2022:14:57:22 +0800] "POST /task_2_run HTTP/1.1" 200 22 "http://10.100.80.14/task1" "Mozilla/5.0 (Windows NT 6.1; Trident/7.0; rv:11.0) like Gecko"
10.100.81.73 - - [07/May/2022:14:57:22 +0800] "POST /task_2_run HTTP/1.1" 200 22 "http://10.100.80.14/task1" "Mozilla/5.0 (Windows NT 6.1; Trident/7.0; rv:11.0) like Gecko"
10.100.81.126 - - [07/May/2022:14:57:26 +0800] "POST /task_1_run HTTP/1.1" 200 22 "http://10.100.80.14/task1" "Mozilla/5.0 (Windows NT 6.1; WOW64; Trident/7.0; rv:11.0) like Gecko"
10.100.81.106 - - [07/May/2022:14:57:28 +0800] "POST /task_2_run HTTP/1.1" 200 22 "http://10.100.80.14/task1" "Mozilla/5.0 (Windows NT 6.1; WOW64; Trident/7.0; rv:11.0) like Gecko"
10.100.81.106 - - [07/May/2022:14:57:29 +0800] "POST /task_2_run HTTP/1.1" 200 22 "http://10.100.80.14/task1" "Mozilla/5.0 (Windows NT 6.1; WOW64; Trident/7.0; rv:11.0) like Gecko"
10.100.81.106 - - [07/May/2022:14:57:30 +0800] "POST /task_2_run HTTP/1.1" 200 22 "http://10.100.80.14/task1" "Mozilla/5.0 (Windows NT 6.1; WOW64; Trident/7.0; rv:11.0) like Gecko"
10.100.81.106 - - [07/May/2022:14:57:30 +0800] "POST /task_2_run HTTP/1.1" 200 22 "http://10.100.80.14/task1" "Mozilla/5.0 (Windows NT 6.1; WOW64; Trident/7.0; rv:11.0) like Gecko"
10.100.81.106 - - [07/May/2022:14:57:30 +0800] "POST /task_2_run HTTP/1.1" 200 22 "http://10.100.80.14/task1" "Mozilla/5.0 (Windows NT 6.1; WOW64; Trident/7.0; rv:11.0) like Gecko"
10.100.81.77 - - [07/May/2022:14:57:32 +0800] "POST /task_2_run HTTP/1.1" 200 22 "http://10.100.80.14/task1" "Mozilla/5.0 (Windows NT 6.1; Trident/7.0; rv:11.0) like Gecko"
10.100.81.100 - - [07/May/2022:14:57:33 +0800] "POST /task_2_run HTTP/1.1" 200 22 "http://10.100.80.14/task1" "Mozilla/5.0 (Windows NT 6.1; WOW64; Trident/7.0; rv:11.0) like Gecko"
10.100.81.100 - - [07/May/2022:14:57:33 +0800] "POST /task_2_run HTTP/1.1" 200 22 "http://10.100.80.14/task1" "Mozilla/5.0 (Windows NT 6.1; WOW64; Trident/7.0; rv:11.0) like Gecko"
10.100.81.100 - - [07/May/2022:14:57:33 +0800] "POST /task_2_run HTTP/1.1" 200 22 "http://10.100.80.14/task1" "Mozilla/5.0 (Windows NT 6.1; WOW64; Trident/7.0; rv:11.0) like Gecko"
10.100.81.77 - - [07/May/2022:14:57:33 +0800] "POST /task_2_run HTTP/1.1" 200 22 "http://10.100.80.14/task1" "Mozilla/5.0 (Windows NT 6.1; Trident/7.0; rv:11.0) like Gecko"
10.100.81.100 - - [07/May/2022:14:57:34 +0800] "POST /task_2_run HTTP/1.1" 200 22 "http://10.100.80.14/task1" "Mozilla/5.0 (Windows NT 6.1; WOW64; Trident/7.0; rv:11.0) like Gecko"
10.100.81.100 - - [07/May/2022:14:57:34 +0800] "POST /task_2_run HTTP/1.1" 200 22 "http://10.100.80.14/task1" "Mozilla/5.0 (Windows NT 6.1; WOW64; Trident/7.0; rv:11.0) like Gecko"
10.100.81.100 - - [07/May/2022:14:57:34 +0800] "POST /task_2_run HTTP/1.1" 200 22 "http://10.100.80.14/task1" "Mozilla/5.0 (Windows NT 6.1; WOW64; Trident/7.0; rv:11.0) like Gecko"
10.100.81.126 - - [07/May/2022:14:57:34 +0800] "POST /task_1_run HTTP/1.1" 200 28 "http://10.100.80.14/task1" "Mozilla/5.0 (Windows NT 6.1; WOW64; Trident/7.0; rv:11.0) like Gecko"
10.100.81.100 - - [07/May/2022:14:57:34 +0800] "POST /task_2_run HTTP/1.1" 200 22 "http://10.100.80.14/task1" "Mozilla/5.0 (Windows NT 6.1; WOW64; Trident/7.0; rv:11.0) like Gecko"
10.100.81.117 - - [07/May/2022:14:57:35 +0800] "POST /task_2_run HTTP/1.1" 200 22 "http://10.100.80.14/task1" "Mozilla/5.0 (Windows NT 6.1; WOW64; Trident/7.0; rv:11.0) like Gecko"
10.100.81.103 - - [07/May/2022:14:57:36 +0800] "POST /task_2_run HTTP/1.1" 200 22 "http://10.100.80.14/task1" "Mozilla/5.0 (Windows NT 6.1; WOW64) AppleWebKit/537.36 (KHTML, like Gecko) Chrome/86.0.4240.198 Safari/537.36"
10.100.81.89 - - [07/May/2022:14:57:36 +0800] "POST /task_2_run HTTP/1.1" 200 16 "http://10.100.80.14/task1" "Mozilla/5.0 (Windows NT 6.1; Trident/7.0; rv:11.0) like Gecko"
10.100.81.106 - - [07/May/2022:14:57:37 +0800] "POST /task_2_run HTTP/1.1" 200 22 "http://10.100.80.14/task1" "Mozilla/5.0 (Windows NT 6.1; WOW64; Trident/7.0; rv:11.0) like Gecko"
10.100.81.103 - - [07/May/2022:14:57:37 +0800] "POST /task_2_run HTTP/1.1" 200 22 "http://10.100.80.14/task1" "Mozilla/5.0 (Windows NT 6.1; WOW64) AppleWebKit/537.36 (KHTML, like Gecko) Chrome/86.0.4240.198 Safari/537.36"
10.100.81.106 - - [07/May/2022:14:57:37 +0800] "POST /task_2_run HTTP/1.1" 200 22 "http://10.100.80.14/task1" "Mozilla/5.0 (Windows NT 6.1; WOW64; Trident/7.0; rv:11.0) like Gecko"
10.100.81.77 - - [07/May/2022:14:57:37 +0800] "POST /task_2_run HTTP/1.1" 200 22 "http://10.100.80.14/task1" "Mozilla/5.0 (Windows NT 6.1; Trident/7.0; rv:11.0) like Gecko"
10.100.81.106 - - [07/May/2022:14:57:38 +0800] "POST /task_2_run HTTP/1.1" 200 22 "http://10.100.80.14/task1" "Mozilla/5.0 (Windows NT 6.1; WOW64; Trident/7.0; rv:11.0) like Gecko"
10.100.81.106 - - [07/May/2022:14:57:38 +0800] "POST /task_2_run HTTP/1.1" 200 22 "http://10.100.80.14/task1" "Mozilla/5.0 (Windows NT 6.1; WOW64; Trident/7.0; rv:11.0) like Gecko"
10.100.81.106 - - [07/May/2022:14:57:38 +0800] "POST /task_2_run HTTP/1.1" 200 22 "http://10.100.80.14/task1" "Mozilla/5.0 (Windows NT 6.1; WOW64; Trident/7.0; rv:11.0) like Gecko"
10.100.81.88 - - [07/May/2022:14:57:40 +0800] "POST /task_2_run HTTP/1.1" 200 16 "http://10.100.80.14/task1" "Mozilla/5.0 (Windows NT 6.1; Trident/7.0; rv:11.0) like Gecko"
10.100.81.73 - - [07/May/2022:14:57:40 +0800] "POST /task_2_run HTTP/1.1" 200 22 "http://10.100.80.14/task1" "Mozilla/5.0 (Windows NT 6.1; Trident/7.0; rv:11.0) like Gecko"
10.100.81.88 - - [07/May/2022:14:57:40 +0800] "POST /task_2_run HTTP/1.1" 200 16 "http://10.100.80.14/task1" "Mozilla/5.0 (Windows NT 6.1; Trident/7.0; rv:11.0) like Gecko"
10.100.81.73 - - [07/May/2022:14:57:41 +0800] "POST /task_2_run HTTP/1.1" 200 22 "http://10.100.80.14/task1" "Mozilla/5.0 (Windows NT 6.1; Trident/7.0; rv:11.0) like Gecko"
10.100.81.73 - - [07/May/2022:14:57:41 +0800] "POST /task_2_run HTTP/1.1" 200 22 "http://10.100.80.14/task1" "Mozilla/5.0 (Windows NT 6.1; Trident/7.0; rv:11.0) like Gecko"
10.100.81.73 - - [07/May/2022:14:57:41 +0800] "POST /task_2_run HTTP/1.1" 200 22 "http://10.100.80.14/task1" "Mozilla/5.0 (Windows NT 6.1; Trident/7.0; rv:11.0) like Gecko"
10.100.81.100 - - [07/May/2022:14:57:41 +0800] "POST /task_2_run HTTP/1.1" 200 22 "http://10.100.80.14/task1" "Mozilla/5.0 (Windows NT 6.1; WOW64; Trident/7.0; rv:11.0) like Gecko"
10.100.81.113 - - [07/May/2022:14:57:41 +0800] "GET / HTTP/1.1" 200 5613 "-" "Mozilla/5.0 (Windows NT 6.1; WOW64; Trident/7.0; rv:11.0) like Gecko"
10.100.81.73 - - [07/May/2022:14:57:41 +0800] "POST /task_2_run HTTP/1.1" 200 22 "http://10.100.80.14/task1" "Mozilla/5.0 (Windows NT 6.1; Trident/7.0; rv:11.0) like Gecko"
10.100.81.113 - - [07/May/2022:14:57:41 +0800] "GET /static/assets/css/main.css HTTP/1.1" 200 3918 "http://10.100.80.14/" "Mozilla/5.0 (Windows NT 6.1; WOW64; Trident/7.0; rv:11.0) like Gecko"
10.100.81.113 - - [07/May/2022:14:57:41 +0800] "GET /static/assets/js/hover.zoom.js HTTP/1.1" 200 2497 "http://10.100.80.14/" "Mozilla/5.0 (Windows NT 6.1; WOW64; Trident/7.0; rv:11.0) like Gecko"
10.100.81.113 - - [07/May/2022:14:57:41 +0800] "GET /static/assets/js/hover.zoom.conf.js HTTP/1.1" 200 1122 "http://10.100.80.14/" "Mozilla/5.0 (Windows NT 6.1; WOW64; Trident/7.0; rv:11.0) like Gecko"
10.100.81.113 - - [07/May/2022:14:57:41 +0800] "GET /static/assets/css/bootstrap.css HTTP/1.1" 200 122848 "http://10.100.80.14/" "Mozilla/5.0 (Windows NT 6.1; WOW64; Trident/7.0; rv:11.0) like Gecko"
10.100.81.113 - - [07/May/2022:14:57:41 +0800] "GET /static/index.js HTTP/1.1" 200 688 "http://10.100.80.14/" "Mozilla/5.0 (Windows NT 6.1; WOW64; Trident/7.0; rv:11.0) like Gecko"
10.100.81.113 - - [07/May/2022:14:57:41 +0800] "GET /static/jquery-3.6.0.min.js HTTP/1.1" 200 89501 "http://10.100.80.14/" "Mozilla/5.0 (Windows NT 6.1; WOW64; Trident/7.0; rv:11.0) like Gecko"
10.100.81.113 - - [07/May/2022:14:57:41 +0800] "GET /static/assets/img/python.png HTTP/1.1" 200 105539 "http://10.100.80.14/" "Mozilla/5.0 (Windows NT 6.1; WOW64; Trident/7.0; rv:11.0) like Gecko"
10.100.81.113 - - [07/May/2022:14:57:41 +0800] "GET /static/assets/js/bootstrap.min.js HTTP/1.1" 200 27822 "http://10.100.80.14/" "Mozilla/5.0 (Windows NT 6.1; WOW64; Trident/7.0; rv:11.0) like Gecko"
10.100.81.113 - - [07/May/2022:14:57:41 +0800] "GET /static/assets/img/example.jpg HTTP/1.1" 200 17901 "http://10.100.80.14/" "Mozilla/5.0 (Windows NT 6.1; WOW64; Trident/7.0; rv:11.0) like Gecko"
10.100.81.100 - - [07/May/2022:14:57:41 +0800] "POST /task_2_run HTTP/1.1" 200 22 "http://10.100.80.14/task1" "Mozilla/5.0 (Windows NT 6.1; WOW64; Trident/7.0; rv:11.0) like Gecko"
10.100.81.105 - - [07/May/2022:14:57:41 +0800] "POST /task_2_run HTTP/1.1" 200 22 "http://10.100.80.14/task1" "Mozilla/5.0 (Windows NT 6.1; WOW64) AppleWebKit/537.36 (KHTML, like Gecko) Chrome/86.0.4240.198 Safari/537.36"
10.100.81.113 - - [07/May/2022:14:57:41 +0800] "GET /favicon.ico HTTP/1.1" 404 232 "-" "Mozilla/5.0 (Windows NT 6.1; WOW64; Trident/7.0; rv:11.0) like Gecko"
10.100.81.73 - - [07/May/2022:14:57:41 +0800] "POST /task_2_run HTTP/1.1" 200 22 "http://10.100.80.14/task1" "Mozilla/5.0 (Windows NT 6.1; Trident/7.0; rv:11.0) like Gecko"
10.100.81.100 - - [07/May/2022:14:57:41 +0800] "POST /task_2_run HTTP/1.1" 200 22 "http://10.100.80.14/task1" "Mozilla/5.0 (Windows NT 6.1; WOW64; Trident/7.0; rv:11.0) like Gecko"
10.100.81.100 - - [07/May/2022:14:57:42 +0800] "POST /task_2_run HTTP/1.1" 200 22 "http://10.100.80.14/task1" "Mozilla/5.0 (Windows NT 6.1; WOW64; Trident/7.0; rv:11.0) like Gecko"
10.100.81.73 - - [07/May/2022:14:57:42 +0800] "POST /task_2_run HTTP/1.1" 200 22 "http://10.100.80.14/task1" "Mozilla/5.0 (Windows NT 6.1; Trident/7.0; rv:11.0) like Gecko"
10.100.81.100 - - [07/May/2022:14:57:42 +0800] "POST /task_2_run HTTP/1.1" 200 22 "http://10.100.80.14/task1" "Mozilla/5.0 (Windows NT 6.1; WOW64; Trident/7.0; rv:11.0) like Gecko"
10.100.81.106 - - [07/May/2022:14:57:42 +0800] "POST /task_2_run HTTP/1.1" 200 22 "http://10.100.80.14/task1" "Mozilla/5.0 (Windows NT 6.1; WOW64; Trident/7.0; rv:11.0) like Gecko"
10.100.81.73 - - [07/May/2022:14:57:42 +0800] "POST /task_2_run HTTP/1.1" 200 22 "http://10.100.80.14/task1" "Mozilla/5.0 (Windows NT 6.1; Trident/7.0; rv:11.0) like Gecko"
10.100.81.113 - - [07/May/2022:14:57:42 +0800] "GET /favicon.ico HTTP/1.1" 404 232 "-" "Mozilla/5.0 (Windows NT 6.1; WOW64) AppleWebKit/537.36 (KHTML, like Gecko) Chrome/78.0.3904.108 Safari/537.36"
10.100.81.106 - - [07/May/2022:14:57:42 +0800] "POST /task_2_run HTTP/1.1" 200 22 "http://10.100.80.14/task1" "Mozilla/5.0 (Windows NT 6.1; WOW64; Trident/7.0; rv:11.0) like Gecko"
10.100.81.106 - - [07/May/2022:14:57:42 +0800] "POST /task_2_run HTTP/1.1" 200 22 "http://10.100.80.14/task1" "Mozilla/5.0 (Windows NT 6.1; WOW64; Trident/7.0; rv:11.0) like Gecko"
10.100.81.100 - - [07/May/2022:14:57:42 +0800] "POST /task_2_run HTTP/1.1" 200 22 "http://10.100.80.14/task1" "Mozilla/5.0 (Windows NT 6.1; WOW64; Trident/7.0; rv:11.0) like Gecko"
10.100.81.100 - - [07/May/2022:14:57:43 +0800] "POST /task_2_run HTTP/1.1" 200 22 "http://10.100.80.14/task1" "Mozilla/5.0 (Windows NT 6.1; WOW64; Trident/7.0; rv:11.0) like Gecko"
10.100.81.100 - - [07/May/2022:14:57:43 +0800] "POST /task_2_run HTTP/1.1" 200 22 "http://10.100.80.14/task1" "Mozilla/5.0 (Windows NT 6.1; WOW64; Trident/7.0; rv:11.0) like Gecko"
10.100.81.100 - - [07/May/2022:14:57:43 +0800] "POST /task_2_run HTTP/1.1" 200 22 "http://10.100.80.14/task1" "Mozilla/5.0 (Windows NT 6.1; WOW64; Trident/7.0; rv:11.0) like Gecko"
10.100.81.100 - - [07/May/2022:14:57:43 +0800] "POST /task_2_run HTTP/1.1" 200 22 "http://10.100.80.14/task1" "Mozilla/5.0 (Windows NT 6.1; WOW64; Trident/7.0; rv:11.0) like Gecko"
10.100.81.113 - - [07/May/2022:14:57:45 +0800] "GET /task1 HTTP/1.1" 200 7342 "http://10.100.80.14/" "Mozilla/5.0 (Windows NT 6.1; WOW64; Trident/7.0; rv:11.0) like Gecko"
10.100.81.113 - - [07/May/2022:14:57:45 +0800] "GET /static/assets/css/bootstrap.css HTTP/1.1" 304 0 "http://10.100.80.14/task1" "Mozilla/5.0 (Windows NT 6.1; WOW64; Trident/7.0; rv:11.0) like Gecko"
10.100.81.113 - - [07/May/2022:14:57:45 +0800] "GET /static/assets/css/main.css HTTP/1.1" 304 0 "http://10.100.80.14/task1" "Mozilla/5.0 (Windows NT 6.1; WOW64; Trident/7.0; rv:11.0) like Gecko"
10.100.81.113 - - [07/May/2022:14:57:45 +0800] "GET /static/jquery-3.6.0.min.js HTTP/1.1" 304 0 "http://10.100.80.14/task1" "Mozilla/5.0 (Windows NT 6.1; WOW64; Trident/7.0; rv:11.0) like Gecko"
10.100.81.113 - - [07/May/2022:14:57:45 +0800] "GET /static/assets/js/hover.zoom.js HTTP/1.1" 304 0 "http://10.100.80.14/task1" "Mozilla/5.0 (Windows NT 6.1; WOW64; Trident/7.0; rv:11.0) like Gecko"
10.100.81.113 - - [07/May/2022:14:57:45 +0800] "GET /static/assets/js/hover.zoom.conf.js HTTP/1.1" 304 0 "http://10.100.80.14/task1" "Mozilla/5.0 (Windows NT 6.1; WOW64; Trident/7.0; rv:11.0) like Gecko"
10.100.81.113 - - [07/May/2022:14:57:45 +0800] "GET /static/assets/js/bootstrap.min.js HTTP/1.1" 304 0 "http://10.100.80.14/task1" "Mozilla/5.0 (Windows NT 6.1; WOW64; Trident/7.0; rv:11.0) like Gecko"
10.100.81.113 - - [07/May/2022:14:57:45 +0800] "GET /static/index.js HTTP/1.1" 304 0 "http://10.100.80.14/task1" "Mozilla/5.0 (Windows NT 6.1; WOW64; Trident/7.0; rv:11.0) like Gecko"
10.100.81.113 - - [07/May/2022:14:57:45 +0800] "GET /favicon.ico HTTP/1.1" 404 232 "-" "Mozilla/5.0 (Windows NT 6.1; WOW64; Trident/7.0; rv:11.0) like Gecko"
10.100.81.88 - - [07/May/2022:14:57:46 +0800] "POST /task_2_run HTTP/1.1" 200 16 "http://10.100.80.14/task1" "Mozilla/5.0 (Windows NT 6.1; Trident/7.0; rv:11.0) like Gecko"
10.100.81.88 - - [07/May/2022:14:57:46 +0800] "POST /task_2_run HTTP/1.1" 200 16 "http://10.100.80.14/task1" "Mozilla/5.0 (Windows NT 6.1; Trident/7.0; rv:11.0) like Gecko"
10.100.81.125 - - [07/May/2022:14:57:48 +0800] "POST /task_1_run HTTP/1.1" 200 22 "http://10.100.80.14/task1" "Mozilla/5.0 (Windows NT 6.1; WOW64; Trident/7.0; rv:11.0) like Gecko"
10.100.81.105 - - [07/May/2022:14:57:49 +0800] "POST /task_2_run HTTP/1.1" 200 22 "http://10.100.80.14/task1" "Mozilla/5.0 (Windows NT 6.1; WOW64) AppleWebKit/537.36 (KHTML, like Gecko) Chrome/86.0.4240.198 Safari/537.36"
10.100.81.122 - - [07/May/2022:14:57:50 +0800] "POST /task_1_run HTTP/1.1" 200 22 "http://10.100.80.14/task1" "Mozilla/5.0 (Windows NT 6.1; WOW64; Trident/7.0; rv:11.0) like Gecko"
10.100.81.117 - - [07/May/2022:14:57:50 +0800] "POST /task_2_run HTTP/1.1" 200 16 "http://10.100.80.14/task1" "Mozilla/5.0 (Windows NT 6.1; WOW64; Trident/7.0; rv:11.0) like Gecko"
10.100.81.105 - - [07/May/2022:14:57:51 +0800] "POST /task_2_run HTTP/1.1" 200 22 "http://10.100.80.14/task1" "Mozilla/5.0 (Windows NT 6.1; WOW64) AppleWebKit/537.36 (KHTML, like Gecko) Chrome/86.0.4240.198 Safari/537.36"
10.100.81.105 - - [07/May/2022:14:57:51 +0800] "POST /task_2_run HTTP/1.1" 200 22 "http://10.100.80.14/task1" "Mozilla/5.0 (Windows NT 6.1; WOW64) AppleWebKit/537.36 (KHTML, like Gecko) Chrome/86.0.4240.198 Safari/537.36"
10.100.81.122 - - [07/May/2022:14:57:51 +0800] "POST /task_1_run HTTP/1.1" 200 22 "http://10.100.80.14/task1" "Mozilla/5.0 (Windows NT 6.1; WOW64; Trident/7.0; rv:11.0) like Gecko"
10.100.81.105 - - [07/May/2022:14:57:51 +0800] "POST /task_2_run HTTP/1.1" 200 22 "http://10.100.80.14/task1" "Moz