10.100.81.110 - - [07/May/2022:14:52:40 +0800] "GET /static/index.js HTTP/1.1" 304 0 "http://10.100.80.14/index" "Mozilla/5.0 (Windows NT 6.1; WOW64) AppleWebKit/537.36 (KHTML, like Gecko) Chrome/86.0.4240.198 Safari/537.36"
10.100.81.110 - - [07/May/2022:14:52:40 +0800] "GET /static/assets/img/python.png HTTP/1.1" 304 0 "http://10.100.80.14/index" "Mozilla/5.0 (Windows NT 6.1; WOW64) AppleWebKit/537.36 (KHTML, like Gecko) Chrome/86.0.4240.198 Safari/537.36"
10.100.81.110 - - [07/May/2022:14:52:40 +0800] "GET /static/assets/img/example.jpg HTTP/1.1" 304 0 "http://10.100.80.14/index" "Mozilla/5.0 (Windows NT 6.1; WOW64) AppleWebKit/537.36 (KHTML, like Gecko) Chrome/86.0.4240.198 Safari/537.36"
10.100.81.100 - - [07/May/2022:14:52:43 +0800] "GET /task1 HTTP/1.1" 200 7342 "http://10.100.80.14/" "Mozilla/5.0 (Windows NT 6.1; WOW64; Trident/7.0; rv:11.0) like Gecko"
10.100.81.100 - - [07/May/2022:14:52:43 +0800] "GET /static/assets/css/bootstrap.css HTTP/1.1" 304 0 "http://10.100.80.14/task1" "Mozilla/5.0 (Windows NT 6.1; WOW64; Trident/7.0; rv:11.0) like Gecko"
10.100.81.100 - - [07/May/2022:14:52:43 +0800] "GET /static/assets/css/main.css HTTP/1.1" 304 0 "http://10.100.80.14/task1" "Mozilla/5.0 (Windows NT 6.1; WOW64; Trident/7.0; rv:11.0) like Gecko"
10.100.81.100 - - [07/May/2022:14:52:43 +0800] "GET /static/jquery-3.6.0.min.js HTTP/1.1" 304 0 "http://10.100.80.14/task1" "Mozilla/5.0 (Windows NT 6.1; WOW64; Trident/7.0; rv:11.0) like Gecko"
10.100.81.100 - - [07/May/2022:14:52:43 +0800] "GET /static/assets/js/hover.zoom.js HTTP/1.1" 304 0 "http://10.100.80.14/task1" "Mozilla/5.0 (Windows NT 6.1; WOW64; Trident/7.0; rv:11.0) like Gecko"
10.100.81.100 - - [07/May/2022:14:52:43 +0800] "GET /static/assets/js/hover.zoom.conf.js HTTP/1.1" 304 0 "http://10.100.80.14/task1" "Mozilla/5.0 (Windows NT 6.1; WOW64; Trident/7.0; rv:11.0) like Gecko"
10.100.81.100 - - [07/May/2022:14:52:43 +0800] "GET /static/assets/js/bootstrap.min.js HTTP/1.1" 304 0 "http://10.100.80.14/task1" "Mozilla/5.0 (Windows NT 6.1; WOW64; Trident/7.0; rv:11.0) like Gecko"
10.100.81.100 - - [07/May/2022:14:52:43 +0800] "GET /static/index.js HTTP/1.1" 304 0 "http://10.100.80.14/task1" "Mozilla/5.0 (Windows NT 6.1; WOW64; Trident/7.0; rv:11.0) like Gecko"
10.100.81.72 - - [07/May/2022:14:52:43 +0800] "POST /task_1_run HTTP/1.1" 200 22 "http://10.100.80.14/task1" "Mozilla/5.0 (Windows NT 6.1; Trident/7.0; rv:11.0) like Gecko"
10.100.81.100 - - [07/May/2022:14:52:43 +0800] "GET /favicon.ico HTTP/1.1" 404 232 "-" "Mozilla/5.0 (Windows NT 6.1; WOW64; Trident/7.0; rv:11.0) like Gecko"
10.100.81.122 - - [07/May/2022:14:52:43 +0800] "POST /task_1_run HTTP/1.1" 200 22 "http://10.100.80.14/task1" "Mozilla/5.0 (Windows NT 6.1; WOW64; Trident/7.0; rv:11.0) like Gecko"
10.100.81.107 - - [07/May/2022:14:52:46 +0800] "GET /favicon.ico HTTP/1.1" 404 232 "-" "Mozilla/5.0 (Windows NT 6.1; WOW64; Trident/7.0; rv:11.0) like Gecko"
10.100.81.122 - - [07/May/2022:14:52:47 +0800] "POST /task_1_run HTTP/1.1" 200 22 "http://10.100.80.14/task1" "Mozilla/5.0 (Windows NT 6.1; WOW64; Trident/7.0; rv:11.0) like Gecko"
10.100.81.72 - - [07/May/2022:14:52:48 +0800] "POST /task_1_run HTTP/1.1" 200 22 "http://10.100.80.14/task1" "Mozilla/5.0 (Windows NT 6.1; Trident/7.0; rv:11.0) like Gecko"
10.100.81.72 - - [07/May/2022:14:52:50 +0800] "POST /task_1_run HTTP/1.1" 200 22 "http://10.100.80.14/task1" "Mozilla/5.0 (Windows NT 6.1; Trident/7.0; rv:11.0) like Gecko"
10.100.81.106 - - [07/May/2022:14:52:52 +0800] "POST /task_1_run HTTP/1.1" 200 22 "http://10.100.80.14/task1" "Mozilla/5.0 (Windows NT 6.1; WOW64; Trident/7.0; rv:11.0) like Gecko"
10.100.81.122 - - [07/May/2022:14:52:52 +0800] "POST /task_1_run HTTP/1.1" 200 22 "http://10.100.80.14/task1" "Mozilla/5.0 (Windows NT 6.1; WOW64; Trident/7.0; rv:11.0) like Gecko"
10.100.81.122 - - [07/May/2022:14:52:53 +0800] "POST /task_1_run HTTP/1.1" 200 22 "http://10.100.80.14/task1" "Mozilla/5.0 (Windows NT 6.1; WOW64; Trident/7.0; rv:11.0) like Gecko"
10.100.81.107 - - [07/May/2022:14:52:54 +0800] "GET /task1 HTTP/1.1" 200 7342 "http://10.100.80.14/" "Mozilla/5.0 (Windows NT 6.1; WOW64; Trident/7.0; rv:11.0) like Gecko"
10.100.81.107 - - [07/May/2022:14:52:54 +0800] "GET /static/assets/css/bootstrap.css HTTP/1.1" 304 0 "http://10.100.80.14/task1" "Mozilla/5.0 (Windows NT 6.1; WOW64; Trident/7.0; rv:11.0) like Gecko"
10.100.81.107 - - [07/May/2022:14:52:54 +0800] "GET /static/jquery-3.6.0.min.js HTTP/1.1" 304 0 "http://10.100.80.14/task1" "Mozilla/5.0 (Windows NT 6.1; WOW64; Trident/7.0; rv:11.0) like Gecko"
10.100.81.107 - - [07/May/2022:14:52:54 +0800] "GET /static/assets/js/hover.zoom.js HTTP/1.1" 304 0 "http://10.100.80.14/task1" "Mozilla/5.0 (Windows NT 6.1; WOW64; Trident/7.0; rv:11.0) like Gecko"
10.100.81.107 - - [07/May/2022:14:52:54 +0800] "GET /static/assets/css/main.css HTTP/1.1" 304 0 "http://10.100.80.14/task1" "Mozilla/5.0 (Windows NT 6.1; WOW64; Trident/7.0; rv:11.0) like Gecko"
10.100.81.107 - - [07/May/2022:14:52:54 +0800] "GET /static/assets/js/hover.zoom.conf.js HTTP/1.1" 304 0 "http://10.100.80.14/task1" "Mozilla/5.0 (Windows NT 6.1; WOW64; Trident/7.0; rv:11.0) like Gecko"
10.100.81.107 - - [07/May/2022:14:52:54 +0800] "GET /static/assets/js/bootstrap.min.js HTTP/1.1" 304 0 "http://10.100.80.14/task1" "Mozilla/5.0 (Windows NT 6.1; WOW64; Trident/7.0; rv:11.0) like Gecko"
10.100.81.107 - - [07/May/2022:14:52:54 +0800] "GET /static/index.js HTTP/1.1" 304 0 "http://10.100.80.14/task1" "Mozilla/5.0 (Windows NT 6.1; WOW64; Trident/7.0; rv:11.0) like Gecko"
10.100.81.100 - - [07/May/2022:14:52:54 +0800] "GET /favicon.ico HTTP/1.1" 404 232 "-" "Mozilla/5.0 (Windows NT 6.1; WOW64) AppleWebKit/537.36 (KHTML, like Gecko) Chrome/78.0.3904.108 Safari/537.36"
10.100.81.107 - - [07/May/2022:14:52:54 +0800] "GET /favicon.ico HTTP/1.1" 404 232 "-" "Mozilla/5.0 (Windows NT 6.1; WOW64; Trident/7.0; rv:11.0) like Gecko"
10.100.81.100 - - [07/May/2022:14:52:55 +0800] "GET /favicon.ico HTTP/1.1" 404 232 "-" "Mozilla/5.0 (Windows NT 6.1; WOW64) AppleWebKit/537.36 (KHTML, like Gecko) Chrome/78.0.3904.108 Safari/537.36"
10.100.81.100 - - [07/May/2022:14:52:55 +0800] "GET / HTTP/1.1" 200 5613 "-" "Mozilla/5.0 (Windows NT 6.1; WOW64; Trident/7.0; rv:11.0) like Gecko"
10.100.81.100 - - [07/May/2022:14:52:55 +0800] "GET /static/assets/css/bootstrap.css HTTP/1.1" 304 0 "http://10.100.80.14/" "Mozilla/5.0 (Windows NT 6.1; WOW64; Trident/7.0; rv:11.0) like Gecko"
10.100.81.100 - - [07/May/2022:14:52:55 +0800] "GET /static/assets/css/main.css HTTP/1.1" 304 0 "http://10.100.80.14/" "Mozilla/5.0 (Windows NT 6.1; WOW64; Trident/7.0; rv:11.0) like Gecko"
10.100.81.100 - - [07/May/2022:14:52:55 +0800] "GET /static/jquery-3.6.0.min.js HTTP/1.1" 304 0 "http://10.100.80.14/" "Mozilla/5.0 (Windows NT 6.1; WOW64; Trident/7.0; rv:11.0) like Gecko"
10.100.81.100 - - [07/May/2022:14:52:55 +0800] "GET /static/assets/js/hover.zoom.js HTTP/1.1" 304 0 "http://10.100.80.14/" "Mozilla/5.0 (Windows NT 6.1; WOW64; Trident/7.0; rv:11.0) like Gecko"
10.100.81.100 - - [07/May/2022:14:52:55 +0800] "GET /static/assets/js/hover.zoom.conf.js HTTP/1.1" 304 0 "http://10.100.80.14/" "Mozilla/5.0 (Windows NT 6.1; WOW64; Trident/7.0; rv:11.0) like Gecko"
10.100.81.100 - - [07/May/2022:14:52:55 +0800] "GET /static/assets/img/python.png HTTP/1.1" 304 0 "http://10.100.80.14/" "Mozilla/5.0 (Windows NT 6.1; WOW64; Trident/7.0; rv:11.0) like Gecko"
10.100.81.100 - - [07/May/2022:14:52:55 +0800] "GET /static/assets/img/example.jpg HTTP/1.1" 304 0 "http://10.100.80.14/" "Mozilla/5.0 (Windows NT 6.1; WOW64; Trident/7.0; rv:11.0) like Gecko"
10.100.81.100 - - [07/May/2022:14:52:55 +0800] "GET /static/assets/js/bootstrap.min.js HTTP/1.1" 304 0 "http://10.100.80.14/" "Mozilla/5.0 (Windows NT 6.1; WOW64; Trident/7.0; rv:11.0) like Gecko"
10.100.81.100 - - [07/May/2022:14:52:55 +0800] "GET /static/index.js HTTP/1.1" 304 0 "http://10.100.80.14/" "Mozilla/5.0 (Windows NT 6.1; WOW64; Trident/7.0; rv:11.0) like Gecko"
10.100.81.100 - - [07/May/2022:14:52:55 +0800] "GET /favicon.ico HTTP/1.1" 404 232 "-" "Mozilla/5.0 (Windows NT 6.1; WOW64; Trident/7.0; rv:11.0) like Gecko"
10.100.81.122 - - [07/May/2022:14:52:56 +0800] "GET /favicon.ico HTTP/1.1" 404 232 "-" "Mozilla/5.0 (Windows NT 6.1; WOW64; Trident/7.0; rv:11.0) like Gecko"
10.100.81.122 - - [07/May/2022:14:52:56 +0800] "GET /favicon.ico HTTP/1.1" 404 232 "-" "Mozilla/5.0 (Windows NT 6.1; WOW64; Trident/7.0; rv:11.0) like Gecko"
10.100.81.116 - - [07/May/2022:14:52:58 +0800] "POST /task_1_run HTTP/1.1" 200 22 "http://10.100.80.14/task1" "Mozilla/5.0 (Windows NT 6.1; WOW64; Trident/7.0; rv:11.0) like Gecko"
10.100.81.106 - - [07/May/2022:14:53:00 +0800] "POST /task_1_run HTTP/1.1" 200 22 "http://10.100.80.14/task1" "Mozilla/5.0 (Windows NT 6.1; WOW64; Trident/7.0; rv:11.0) like Gecko"
10.100.81.106 - - [07/May/2022:14:53:01 +0800] "POST /task_1_run HTTP/1.1" 200 22 "http://10.100.80.14/task1" "Mozilla/5.0 (Windows NT 6.1; WOW64; Trident/7.0; rv:11.0) like Gecko"
10.100.81.79 - - [07/May/2022:14:53:03 +0800] "GET /index HTTP/1.1" 200 5613 "http://10.100.80.14/task1" "Mozilla/5.0 (Windows NT 6.1; Trident/7.0; rv:11.0) like Gecko"
10.100.81.79 - - [07/May/2022:14:53:03 +0800] "GET /static/assets/css/bootstrap.css HTTP/1.1" 304 0 "http://10.100.80.14/index" "Mozilla/5.0 (Windows NT 6.1; Trident/7.0; rv:11.0) like Gecko"
10.100.81.79 - - [07/May/2022:14:53:03 +0800] "GET /static/assets/css/main.css HTTP/1.1" 304 0 "http://10.100.80.14/index" "Mozilla/5.0 (Windows NT 6.1; Trident/7.0; rv:11.0) like Gecko"
10.100.81.79 - - [07/May/2022:14:53:03 +0800] "GET /static/jquery-3.6.0.min.js HTTP/1.1" 304 0 "http://10.100.80.14/index" "Mozilla/5.0 (Windows NT 6.1; Trident/7.0; rv:11.0) like Gecko"
10.100.81.79 - - [07/May/2022:14:53:03 +0800] "GET /static/assets/js/hover.zoom.js HTTP/1.1" 304 0 "http://10.100.80.14/index" "Mozilla/5.0 (Windows NT 6.1; Trident/7.0; rv:11.0) like Gecko"
10.100.81.79 - - [07/May/2022:14:53:03 +0800] "GET /static/assets/js/hover.zoom.conf.js HTTP/1.1" 304 0 "http://10.100.80.14/index" "Mozilla/5.0 (Windows NT 6.1; Trident/7.0; rv:11.0) like Gecko"
10.100.81.79 - - [07/May/2022:14:53:03 +0800] "GET /static/assets/img/python.png HTTP/1.1" 304 0 "http://10.100.80.14/index" "Mozilla/5.0 (Windows NT 6.1; Trident/7.0; rv:11.0) like Gecko"
10.100.81.79 - - [07/May/2022:14:53:03 +0800] "GET /static/assets/img/example.jpg HTTP/1.1" 304 0 "http://10.100.80.14/index" "Mozilla/5.0 (Windows NT 6.1; Trident/7.0; rv:11.0) like Gecko"
10.100.81.79 - - [07/May/2022:14:53:03 +0800] "GET /static/assets/js/bootstrap.min.js HTTP/1.1" 304 0 "http://10.100.80.14/index" "Mozilla/5.0 (Windows NT 6.1; Trident/7.0; rv:11.0) like Gecko"
10.100.81.79 - - [07/May/2022:14:53:03 +0800] "GET /static/index.js HTTP/1.1" 304 0 "http://10.100.80.14/index" "Mozilla/5.0 (Windows NT 6.1; Trident/7.0; rv:11.0) like Gecko"
10.100.81.79 - - [07/May/2022:14:53:03 +0800] "GET /favicon.ico HTTP/1.1" 404 232 "-" "Mozilla/5.0 (Windows NT 6.1; Trident/7.0; rv:11.0) like Gecko"
10.100.81.122 - - [07/May/2022:14:53:03 +0800] "GET /task1 HTTP/1.1" 200 7342 "http://10.100.80.14/task4" "Mozilla/5.0 (Windows NT 6.1; WOW64; Trident/7.0; rv:11.0) like Gecko"
10.100.81.122 - - [07/May/2022:14:53:03 +0800] "GET /static/assets/css/bootstrap.css HTTP/1.1" 304 0 "http://10.100.80.14/task1" "Mozilla/5.0 (Windows NT 6.1; WOW64; Trident/7.0; rv:11.0) like Gecko"
10.100.81.122 - - [07/May/2022:14:53:03 +0800] "GET /static/assets/css/main.css HTTP/1.1" 304 0 "http://10.100.80.14/task1" "Mozilla/5.0 (Windows NT 6.1; WOW64; Trident/7.0; rv:11.0) like Gecko"
10.100.81.122 - - [07/May/2022:14:53:03 +0800] "GET /static/jquery-3.6.0.min.js HTTP/1.1" 304 0 "http://10.100.80.14/task1" "Mozilla/5.0 (Windows NT 6.1; WOW64; Trident/7.0; rv:11.0) like Gecko"
10.100.81.122 - - [07/May/2022:14:53:03 +0800] "GET /static/assets/js/hover.zoom.js HTTP/1.1" 304 0 "http://10.100.80.14/task1" "Mozilla/5.0 (Windows NT 6.1; WOW64; Trident/7.0; rv:11.0) like Gecko"
10.100.81.122 - - [07/May/2022:14:53:03 +0800] "GET /static/assets/js/hover.zoom.conf.js HTTP/1.1" 304 0 "http://10.100.80.14/task1" "Mozilla/5.0 (Windows NT 6.1; WOW64; Trident/7.0; rv:11.0) like Gecko"
10.100.81.122 - - [07/May/2022:14:53:03 +0800] "GET /static/assets/js/bootstrap.min.js HTTP/1.1" 304 0 "http://10.100.80.14/task1" "Mozilla/5.0 (Windows NT 6.1; WOW64; Trident/7.0; rv:11.0) like Gecko"
10.100.81.122 - - [07/May/2022:14:53:03 +0800] "GET /static/index.js HTTP/1.1" 304 0 "http://10.100.80.14/task1" "Mozilla/5.0 (Windows NT 6.1; WOW64; Trident/7.0; rv:11.0) like Gecko"
10.100.81.122 - - [07/May/2022:14:53:03 +0800] "GET /favicon.ico HTTP/1.1" 404 232 "-" "Mozilla/5.0 (Windows NT 6.1; WOW64; Trident/7.0; rv:11.0) like Gecko"
10.100.81.106 - - [07/May/2022:14:53:04 +0800] "POST /task_1_run HTTP/1.1" 200 22 "http://10.100.80.14/task1" "Mozilla/5.0 (Windows NT 6.1; WOW64; Trident/7.0; rv:11.0) like Gecko"
10.100.81.122 - - [07/May/2022:14:53:05 +0800] "POST /task_1_run HTTP/1.1" 200 22 "http://10.100.80.14/task1" "Mozilla/5.0 (Windows NT 6.1; WOW64; Trident/7.0; rv:11.0) like Gecko"
10.100.81.77 - - [07/May/2022:14:53:05 +0800] "POST /task_1_run HTTP/1.1" 200 22 "http://10.100.80.14/task1" "Mozilla/5.0 (Windows NT 6.1; Trident/7.0; rv:11.0) like Gecko"
10.100.81.122 - - [07/May/2022:14:53:05 +0800] "POST /task_1_run HTTP/1.1" 200 22 "http://10.100.80.14/task1" "Mozilla/5.0 (Windows NT 6.1; WOW64; Trident/7.0; rv:11.0) like Gecko"
10.100.81.122 - - [07/May/2022:14:53:06 +0800] "POST /task_1_run HTTP/1.1" 200 22 "http://10.100.80.14/task1" "Mozilla/5.0 (Windows NT 6.1; WOW64; Trident/7.0; rv:11.0) like Gecko"
10.100.81.100 - - [07/May/2022:14:53:06 +0800] "GET /task1 HTTP/1.1" 200 7342 "http://10.100.80.14/" "Mozilla/5.0 (Windows NT 6.1; WOW64; Trident/7.0; rv:11.0) like Gecko"
10.100.81.100 - - [07/May/2022:14:53:06 +0800] "GET /static/assets/css/bootstrap.css HTTP/1.1" 304 0 "http://10.100.80.14/task1" "Mozilla/5.0 (Windows NT 6.1; WOW64; Trident/7.0; rv:11.0) like Gecko"
10.100.81.100 - - [07/May/2022:14:53:06 +0800] "GET /static/assets/css/main.css HTTP/1.1" 304 0 "http://10.100.80.14/task1" "Mozilla/5.0 (Windows NT 6.1; WOW64; Trident/7.0; rv:11.0) like Gecko"
10.100.81.100 - - [07/May/2022:14:53:06 +0800] "GET /static/jquery-3.6.0.min.js HTTP/1.1" 304 0 "http://10.100.80.14/task1" "Mozilla/5.0 (Windows NT 6.1; WOW64; Trident/7.0; rv:11.0) like Gecko"
10.100.81.100 - - [07/May/2022:14:53:06 +0800] "GET /static/assets/js/hover.zoom.js HTTP/1.1" 304 0 "http://10.100.80.14/task1" "Mozilla/5.0 (Windows NT 6.1; WOW64; Trident/7.0; rv:11.0) like Gecko"
10.100.81.100 - - [07/May/2022:14:53:06 +0800] "GET /static/assets/js/hover.zoom.conf.js HTTP/1.1" 304 0 "http://10.100.80.14/task1" "Mozilla/5.0 (Windows NT 6.1; WOW64; Trident/7.0; rv:11.0) like Gecko"
10.100.81.100 - - [07/May/2022:14:53:06 +0800] "GET /static/assets/js/bootstrap.min.js HTTP/1.1" 304 0 "http://10.100.80.14/task1" "Mozilla/5.0 (Windows NT 6.1; WOW64; Trident/7.0; rv:11.0) like Gecko"
10.100.81.100 - - [07/May/2022:14:53:06 +0800] "GET /static/index.js HTTP/1.1" 304 0 "http://10.100.80.14/task1" "Mozilla/5.0 (Windows NT 6.1; WOW64; Trident/7.0; rv:11.0) like Gecko"
10.100.81.122 - - [07/May/2022:14:53:06 +0800] "POST /task_1_run HTTP/1.1" 200 22 "http://10.100.80.14/task1" "Mozilla/5.0 (Windows NT 6.1; WOW64; Trident/7.0; rv:11.0) like Gecko"
10.100.81.100 - - [07/May/2022:14:53:06 +0800] "GET /favicon.ico HTTP/1.1" 404 232 "-" "Mozilla/5.0 (Windows NT 6.1; WOW64; Trident/7.0; rv:11.0) like Gecko"
10.100.81.122 - - [07/May/2022:14:53:06 +0800] "POST /task_1_run HTTP/1.1" 200 22 "http://10.100.80.14/task1" "Mozilla/5.0 (Windows NT 6.1; WOW64; Trident/7.0; rv:11.0) like Gecko"
10.100.81.122 - - [07/May/2022:14:53:06 +0800] "POST /task_1_run HTTP/1.1" 200 22 "http://10.100.80.14/task1" "Mozilla/5.0 (Windows NT 6.1; WOW64; Trident/7.0; rv:11.0) like Gecko"
10.100.81.122 - - [07/May/2022:14:53:07 +0800] "POST /task_2_run HTTP/1.1" 200 22 "http://10.100.80.14/task1" "Mozilla/5.0 (Windows NT 6.1; WOW64; Trident/7.0; rv:11.0) like Gecko"
10.100.81.89 - - [07/May/2022:14:53:07 +0800] "POST /task_1_run HTTP/1.1" 200 22 "http://10.100.80.14/task1" "Mozilla/5.0 (Windows NT 6.1; Trident/7.0; rv:11.0) like Gecko"
10.100.81.122 - - [07/May/2022:14:53:07 +0800] "POST /task_2_run HTTP/1.1" 200 22 "http://10.100.80.14/task1" "Mozilla/5.0 (Windows NT 6.1; WOW64; Trident/7.0; rv:11.0) like Gecko"
10.100.81.122 - - [07/May/2022:14:53:07 +0800] "POST /task_2_run HTTP/1.1" 200 22 "http://10.100.80.14/task1" "Mozilla/5.0 (Windows NT 6.1; WOW64; Trident/7.0; rv:11.0) like Gecko"
10.100.81.122 - - [07/May/2022:14:53:07 +0800] "POST /task_2_run HTTP/1.1" 200 22 "http://10.100.80.14/task1" "Mozilla/5.0 (Windows NT 6.1; WOW64; Trident/7.0; rv:11.0) like Gecko"
10.100.81.106 - - [07/May/2022:14:53:08 +0800] "POST /task_1_run HTTP/1.1" 200 22 "http://10.100.80.14/task1" "Mozilla/5.0 (Windows NT 6.1; WOW64; Trident/7.0; rv:11.0) like Gecko"
10.100.81.122 - - [07/May/2022:14:53:08 +0800] "POST /task_2_run HTTP/1.1" 200 22 "http://10.100.80.14/task1" "Mozilla/5.0 (Windows NT 6.1; WOW64; Trident/7.0; rv:11.0) like Gecko"
10.100.81.122 - - [07/May/2022:14:53:08 +0800] "POST /task_2_run HTTP/1.1" 200 22 "http://10.100.80.14/task1" "Mozilla/5.0 (Windows NT 6.1; WOW64; Trident/7.0; rv:11.0) like Gecko"
10.100.81.122 - - [07/May/2022:14:53:08 +0800] "POST /task_2_run HTTP/1.1" 200 22 "http://10.100.80.14/task1" "Mozilla/5.0 (Windows NT 6.1; WOW64; Trident/7.0; rv:11.0) like Gecko"
10.100.81.122 - - [07/May/2022:14:53:08 +0800] "POST /task_2_run HTTP/1.1" 200 22 "http://10.100.80.14/task1" "Mozilla/5.0 (Windows NT 6.1; WOW64; Trident/7.0; rv:11.0) like Gecko"
10.100.81.122 - - [07/May/2022:14:53:10 +0800] "GET /task1 HTTP/1.1" 200 7342 "http://10.100.80.14/task1" "Mozilla/5.0 (Windows NT 6.1; WOW64; Trident/7.0; rv:11.0) like Gecko"
10.100.81.122 - - [07/May/2022:14:53:10 +0800] "GET /static/assets/css/bootstrap.css HTTP/1.1" 304 0 "http://10.100.80.14/task1" "Mozilla/5.0 (Windows NT 6.1; WOW64; Trident/7.0; rv:11.0) like Gecko"
10.100.81.122 - - [07/May/2022:14:53:10 +0800] "GET /static/assets/css/main.css HTTP/1.1" 304 0 "http://10.100.80.14/task1" "Mozilla/5.0 (Windows NT 6.1; WOW64; Trident/7.0; rv:11.0) like Gecko"
10.100.81.122 - - [07/May/2022:14:53:10 +0800] "GET /static/jquery-3.6.0.min.js HTTP/1.1" 304 0 "http://10.100.80.14/task1" "Mozilla/5.0 (Windows NT 6.1; WOW64; Trident/7.0; rv:11.0) like Gecko"
10.100.81.122 - - [07/May/2022:14:53:10 +0800] "GET /static/assets/js/hover.zoom.js HTTP/1.1" 304 0 "http://10.100.80.14/task1" "Mozilla/5.0 (Windows NT 6.1; WOW64; Trident/7.0; rv:11.0) like Gecko"
10.100.81.122 - - [07/May/2022:14:53:10 +0800] "GET /static/assets/js/hover.zoom.conf.js HTTP/1.1" 304 0 "http://10.100.80.14/task1" "Mozilla/5.0 (Windows NT 6.1; WOW64; Trident/7.0; rv:11.0) like Gecko"
10.100.81.122 - - [07/May/2022:14:53:10 +0800] "GET /static/assets/js/bootstrap.min.js HTTP/1.1" 304 0 "http://10.100.80.14/task1" "Mozilla/5.0 (Windows NT 6.1; WOW64; Trident/7.0; rv:11.0) like Gecko"
10.100.81.122 - - [07/May/2022:14:53:10 +0800] "GET /static/index.js HTTP/1.1" 304 0 "http://10.100.80.14/task1" "Mozilla/5.0 (Windows NT 6.1; WOW64; Trident/7.0; rv:11.0) like Gecko"
10.100.81.110 - - [07/May/2022:14:53:12 +0800] "GET /task1 HTTP/1.1" 200 7342 "http://10.100.80.14/index" "Mozilla/5.0 (Windows NT 6.1; WOW64) AppleWebKit/537.36 (KHTML, like Gecko) Chrome/86.0.4240.198 Safari/537.36"
10.100.81.110 - - [07/May/2022:14:53:12 +0800] "GET /static/assets/css/bootstrap.css HTTP/1.1" 304 0 "http://10.100.80.14/task1" "Mozilla/5.0 (Windows NT 6.1; WOW64) AppleWebKit/537.36 (KHTML, like Gecko) Chrome/86.0.4240.198 Safari/537.36"
10.100.81.110 - - [07/May/2022:14:53:12 +0800] "GET /static/assets/css/main.css HTTP/1.1" 304 0 "http://10.100.80.14/task1" "Mozilla/5.0 (Windows NT 6.1; WOW64) AppleWebKit/537.36 (KHTML, like Gecko) Chrome/86.0.4240.198 Safari/537.36"
10.100.81.110 - - [07/May/2022:14:53:12 +0800] "GET /static/jquery-3.6.0.min.js HTTP/1.1" 304 0 "http://10.100.80.14/task1" "Mozilla/5.0 (Windows NT 6.1; WOW64) AppleWebKit/537.36 (KHTML, like Gecko) Chrome/86.0.4240.198 Safari/537.36"
10.100.81.110 - - [07/May/2022:14:53:12 +0800] "GET /static/assets/js/hover.zoom.conf.js HTTP/1.1" 304 0 "http://10.100.80.14/task1" "Mozilla/5.0 (Windows NT 6.1; WOW64) AppleWebKit/537.36 (KHTML, like Gecko) Chrome/86.0.4240.198 Safari/537.36"
10.100.81.110 - - [07/May/2022:14:53:12 +0800] "GET /static/assets/js/bootstrap.min.js HTTP/1.1" 304 0 "http://10.100.80.14/task1" "Mozilla/5.0 (Windows NT 6.1; WOW64) AppleWebKit/537.36 (KHTML, like Gecko) Chrome/86.0.4240.198 Safari/537.36"
10.100.81.110 - - [07/May/2022:14:53:12 +0800] "GET /static/assets/js/hover.zoom.js HTTP/1.1" 304 0 "http://10.100.80.14/task1" "Mozilla/5.0 (Windows NT 6.1; WOW64) AppleWebKit/537.36 (KHTML, like Gecko) Chrome/86.0.4240.198 Safari/537.36"
10.100.81.110 - - [07/May/2022:14:53:12 +0800] "GET /static/index.js HTTP/1.1" 304 0 "http://10.100.80.14/task1" "Mozilla/5.0 (Windows NT 6.1; WOW64) AppleWebKit/537.36 (KHTML, like Gecko) Chrome/86.0.4240.198 Safari/537.36"
10.100.81.71 - - [07/May/2022:14:53:12 +0800] "POST /task_2_run HTTP/1.1" 200 22 "http://10.100.80.14/task1" "Mozilla/5.0 (Windows NT 6.1; Trident/7.0; rv:11.0) like Gecko"
10.100.81.116 - - [07/May/2022:14:53:15 +0800] "POST /task_1_run HTTP/1.1" 200 22 "http://10.100.80.14/task1" "Mozilla/5.0 (Windows NT 6.1; WOW64; Trident/7.0; rv:11.0) like Gecko"
10.100.81.116 - - [07/May/2022:14:53:15 +0800] "POST /task_1_run HTTP/1.1" 200 22 "http://10.100.80.14/task1" "Mozilla/5.0 (Windows NT 6.1; WOW64; Trident/7.0; rv:11.0) like Gecko"
10.100.81.71 - - [07/May/2022:14:53:16 +0800] "POST /task_2_run HTTP/1.1" 200 22 "http://10.100.80.14/task1" "Mozilla/5.0 (Windows NT 6.1; Trident/7.0; rv:11.0) like Gecko"
10.100.81.71 - - [07/May/2022:14:53:17 +0800] "POST /task_2_run HTTP/1.1" 200 22 "http://10.100.80.14/task1" "Mozilla/5.0 (Windows NT 6.1; Trident/7.0; rv:11.0) like Gecko"
10.100.81.71 - - [07/May/2022:14:53:17 +0800] "POST /task_2_run HTTP/1.1" 200 22 "http://10.100.80.14/task1" "Mozilla/5.0 (Windows NT 6.1; Trident/7.0; rv:11.0) like Gecko"
10.100.81.71 - - [07/May/2022:14:53:18 +0800] "POST /task_2_run HTTP/1.1" 200 22 "http://10.100.80.14/task1" "Mozilla/5.0 (Windows NT 6.1; Trident/7.0; rv:11.0) like Gecko"
10.100.81.71 - - [07/May/2022:14:53:18 +0800] "POST /task_2_run HTTP/1.1" 200 22 "http://10.100.80.14/task1" "Mozilla/5.0 (Windows NT 6.1; Trident/7.0; rv:11.0) like Gecko"
10.100.81.72 - - [07/May/2022:14:53:18 +0800] "POST /task_1_run HTTP/1.1" 200 22 "http://10.100.80.14/task1" "Mozilla/5.0 (Windows NT 6.1; Trident/7.0; rv:11.0) like Gecko"
10.100.81.71 - - [07/May/2022:14:53:18 +0800] "POST /task_2_run HTTP/1.1" 200 22 "http://10.100.80.14/task1" "Mozilla/5.0 (Windows NT 6.1; Trident/7.0; rv:11.0) like Gecko"
10.100.81.72 - - [07/May/2022:14:53:19 +0800] "POST /task_1_run HTTP/1.1" 200 22 "http://10.100.80.14/task1" "Mozilla/5.0 (Windows NT 6.1; Trident/7.0; rv:11.0) like Gecko"
10.100.81.116 - - [07/May/2022:14:53:28 +0800] "POST /task_1_run HTTP/1.1" 200 22 "http://10.100.80.14/task1" "Mozilla/5.0 (Windows NT 6.1; WOW64; Trident/7.0; rv:11.0) like Gecko"
10.100.81.116 - - [07/May/2022:14:53:29 +0800] "POST /task_1_run HTTP/1.1" 200 22 "http://10.100.80.14/task1" "Mozilla/5.0 (Windows NT 6.1; WOW64; Trident/7.0; rv:11.0) like Gecko"
10.100.81.79 - - [07/May/2022:14:53:36 +0800] "GET /task1 HTTP/1.1" 200 7342 "http://10.100.80.14/index" "Mozilla/5.0 (Windows NT 6.1; Trident/7.0; rv:11.0) like Gecko"
10.100.81.79 - - [07/May/2022:14:53:36 +0800] "GET /static/assets/css/main.css HTTP/1.1" 304 0 "http://10.100.80.14/task1" "Mozilla/5.0 (Windows NT 6.1; Trident/7.0; rv:11.0) like Gecko"
10.100.81.79 - - [07/May/2022:14:53:36 +0800] "GET /static/jquery-3.6.0.min.js HTTP/1.1" 304 0 "http://10.100.80.14/task1" "Mozilla/5.0 (Windows NT 6.1; Trident/7.0; rv:11.0) like Gecko"
10.100.81.79 - - [07/May/2022:14:53:36 +0800] "GET /static/assets/js/hover.zoom.js HTTP/1.1" 304 0 "http://10.100.80.14/task1" "Mozilla/5.0 (Windows NT 6.1; Trident/7.0; rv:11.0) like Gecko"
10.100.81.79 - - [07/May/2022:14:53:36 +0800] "GET /static/assets/js/hover.zoom.conf.js HTTP/1.1" 304 0 "http://10.100.80.14/task1" "Mozilla/5.0 (Windows NT 6.1; Trident/7.0; rv:11.0) like Gecko"
10.100.81.79 - - [07/May/2022:14:53:36 +0800] "GET /static/assets/js/bootstrap.min.js HTTP/1.1" 304 0 "http://10.100.80.14/task1" "Mozilla/5.0 (Windows NT 6.1; Trident/7.0; rv:11.0) like Gecko"
10.100.81.79 - - [07/May/2022:14:53:36 +0800] "GET /static/index.js HTTP/1.1" 304 0 "http://10.100.80.14/task1" "Mozilla/5.0 (Windows NT 6.1; Trident/7.0; rv:11.0) like Gecko"
10.100.81.79 - - [07/May/2022:14:53:37 +0800] "GET /static/assets/css/bootstrap.css HTTP/1.1" 304 0 "http://10.100.80.14/task1" "Mozilla/5.0 (Windows NT 6.1; Trident/7.0; rv:11.0) like Gecko"
10.100.81.79 - - [07/May/2022:14:53:37 +0800] "GET /favicon.ico HTTP/1.1" 404 232 "-" "Mozilla/5.0 (Windows NT 6.1; Trident/7.0; rv:11.0) like Gecko"
10.100.81.89 - - [07/May/2022:14:53:38 +0800] "POST /task_1_run HTTP/1.1" 200 22 "http://10.100.80.14/task1" "Mozilla/5.0 (Windows NT 6.1; Trident/7.0; rv:11.0) like Gecko"
10.100.81.89 - - [07/May/2022:14:53:39 +0800] "POST /task_1_run HTTP/1.1" 200 22 "http://10.100.80.14/task1" "Mozilla/5.0 (Windows NT 6.1; Trident/7.0; rv:11.0) like Gecko"
10.100.81.89 - - [07/May/2022:14:53:41 +0800] "POST /task_1_run HTTP/1.1" 200 22 "http://10.100.80.14/task1" "Mozilla/5.0 (Windows NT 6.1; Trident/7.0; rv:11.0) like Gecko"
10.100.81.90 - - [07/May/2022:14:53:44 +0800] "GET /favicon.ico HTTP/1.1" 404 232 "-" "Mozilla/5.0 (Windows NT 6.1; Trident/7.0; rv:11.0) like Gecko"
10.100.81.106 - - [07/May/2022:14:53:44 +0800] "POST /task_1_run HTTP/1.1" 200 22 "http://10.100.80.14/task1" "Mozilla/5.0 (Windows NT 6.1; WOW64; Trident/7.0; rv:11.0) like Gecko"
10.100.81.160 - - [07/May/2022:14:53:47 +0800] "POST /task_1_run HTTP/1.1" 200 28 "http://10.100.80.14/task1" "Mozilla/5.0 (Windows NT 6.1) AppleWebKit/537.36 (KHTML, like Gecko) Chrome/100.0.4896.127 Safari/537.36"
10.100.81.160 - - [07/May/2022:14:53:51 +0800] "POST /task_1_run HTTP/1.1" 200 28 "http://10.100.80.14/task1" "Mozilla/5.0 (Windows NT 6.1) AppleWebKit/537.36 (KHTML, like Gecko) Chrome/100.0.4896.127 Safari/537.36"
10.100.81.106 - - [07/May/2022:14:53:52 +0800] "POST /task_1_run HTTP/1.1" 200 22 "http://10.100.80.14/task1" "Mozilla/5.0 (Windows NT 6.1; WOW64; Trident/7.0; rv:11.0) like Gecko"
10.100.81.117 - - [07/May/2022:14:53:53 +0800] "POST /task_1_run HTTP/1.1" 200 22 "http://10.100.80.14/task1" "Mozilla/5.0 (Windows NT 6.1; WOW64; Trident/7.0; rv:11.0) like Gecko"
10.100.81.106 - - [07/May/2022:14:53:53 +0800] "POST /task_1_run HTTP/1.1" 200 22 "http://10.100.80.14/task1" "Mozilla/5.0 (Windows NT 6.1; WOW64; Trident/7.0; rv:11.0) like Gecko"
10.100.81.106 - - [07/May/2022:14:53:53 +0800] "POST /task_1_run HTTP/1.1" 200 22 "http://10.100.80.14/task1" "Mozilla/5.0 (Windows NT 6.1; WOW64; Trident/7.0; rv:11.0) like Gecko"
10.100.81.107 - - [07/May/2022:14:53:53 +0800] "POST /task_1_run HTTP/1.1" 200 22 "http://10.100.80.14/task1" "Mozilla/5.0 (Windows NT 6.1; WOW64; Trident/7.0; rv:11.0) like Gecko"
10.100.81.72 - - [07/May/2022:14:53:53 +0800] "POST /task_1_run HTTP/1.1" 200 22 "http://10.100.80.14/task1" "Mozilla/5.0 (Windows NT 6.1; Trident/7.0; rv:11.0) like Gecko"
10.100.81.72 - - [07/May/2022:14:53:53 +0800] "POST /task_1_run HTTP/1.1" 200 22 "http://10.100.80.14/task1" "Mozilla/5.0 (Windows NT 6.1; Trident/7.0; rv:11.0) like Gecko"
10.100.81.100 - - [07/May/2022:14:53:54 +0800] "POST /task_1_run HTTP/1.1" 200 28 "http://10.100.80.14/task1" "Mozilla/5.0 (Windows NT 6.1; WOW64; Trident/7.0; rv:11.0) like Gecko"
10.100.81.100 - - [07/May/2022:14:53:54 +0800] "POST /task_1_run HTTP/1.1" 200 28 "http://10.100.80.14/task1" "Mozilla/5.0 (Windows NT 6.1; WOW64; Trident/7.0; rv:11.0) like Gecko"
10.100.81.100 - - [07/May/2022:14:53:54 +0800] "POST /task_1_run HTTP/1.1" 200 28 "http://10.100.80.14/task1" "Mozilla/5.0 (Windows NT 6.1; WOW64; Trident/7.0; rv:11.0) like Gecko"
10.100.81.100 - - [07/May/2022:14:53:54 +0800] "POST /task_1_run HTTP/1.1" 200 28 "http://10.100.80.14/task1" "Mozilla/5.0 (Windows NT 6.1; WOW64; Trident/7.0; rv:11.0) like Gecko"
10.100.81.105 - - [07/May/2022:14:53:54 +0800] "POST /task_1_run HTTP/1.1" 200 28 "http://10.100.80.14/task1" "Mozilla/5.0 (Windows NT 6.1; WOW64) AppleWebKit/537.36 (KHTML, like Gecko) Chrome/86.0.4240.198 Safari/537.36"
10.100.81.100 - - [07/May/2022:14:53:54 +0800] "POST /task_1_run HTTP/1.1" 200 28 "http://10.100.80.14/task1" "Mozilla/5.0 (Windows NT 6.1; WOW64; Trident/7.0; rv:11.0) like Gecko"
10.100.81.90 - - [07/May/2022:14:53:55 +0800] "GET /task1 HTTP/1.1" 200 7342 "http://10.100.80.14/" "Mozilla/5.0 (Windows NT 6.1; Trident/7.0; rv:11.0) like Gecko"
10.100.81.90 - - [07/May/2022:14:53:55 +0800] "GET /static/assets/css/bootstrap.css HTTP/1.1" 304 0 "http://10.100.80.14/task1" "Mozilla/5.0 (Windows NT 6.1; Trident/7.0; rv:11.0) like Gecko"
10.100.81.90 - - [07/May/2022:14:53:55 +0800] "GET /static/assets/css/main.css HTTP/1.1" 304 0 "http://10.100.80.14/task1" "Mozilla/5.0 (Windows NT 6.1; Trident/7.0; rv:11.0) like Gecko"
10.100.81.90 - - [07/May/2022:14:53:55 +0800] "GET /static/index.js HTTP/1.1" 304 0 "http://10.100.80.14/task1" "Mozilla/5.0 (Windows NT 6.1; Trident/7.0; rv:11.0) like Gecko"
10.100.81.90 - - [07/May/2022:14:53:55 +0800] "GET /static/jquery-3.6.0.min.js HTTP/1.1" 304 0 "http://10.100.80.14/task1" "Mozilla/5.0 (Windows NT 6.1; Trident/7.0; rv:11.0) like Gecko"
10.100.81.90 - - [07/May/2022:14:53:55 +0800] "GET /static/assets/js/hover.zoom.js HTTP/1.1" 304 0 "http://10.100.80.14/task1" "Mozilla/5.0 (Windows NT 6.1; Trident/7.0; rv:11.0) like Gecko"
10.100.81.90 - - [07/May/2022:14:53:55 +0800] "GET /static/assets/js/bootstrap.min.js HTTP/1.1" 304 0 "http://10.100.80.14/task1" "Mozilla/5.0 (Windows NT 6.1; Trident/7.0; rv:11.0) like Gecko"
10.100.81.90 - - [07/May/2022:14:53:55 +0800] "GET /static/assets/js/hover.zoom.conf.js HTTP/1.1" 304 0 "http://10.100.80.14/task1" "Mozilla/5.0 (Windows NT 6.1; Trident/7.0; rv:11.0) like Gecko"
10.100.81.90 - - [07/May/2022:14:53:55 +0800] "GET /favicon.ico HTTP/1.1" 404 232 "-" "Mozilla/5.0 (Windows NT 6.1; Trident/7.0; rv:11.0) like Gecko"
10.100.81.77 - - [07/May/2022:14:53:56 +0800] "POST /task_1_run HTTP/1.1" 200 28 "http://10.100.80.14/task1" "Mozilla/5.0 (Windows NT 6.1; Trident/7.0; rv:11.0) like Gecko"
10.100.81.72 - - [07/May/2022:14:53:57 +0800] "POST /task_1_run HTTP/1.1" 200 22 "http://10.100.80.14/task1" "Mozilla/5.0 (Windows NT 6.1; Trident/7.0; rv:11.0) like Gecko"
10.100.81.160 - - [07/May/2022:14:53:57 +0800] "POST /task_1_run HTTP/1.1" 200 28 "http://10.100.80.14/task1" "Mozilla/5.0 (Windows NT 6.1) AppleWebKit/537.36 (KHTML, like Gecko) Chrome/100.0.4896.127 Safari/537.36"
10.100.81.71 - - [07/May/2022:14:53:57 +0800] "POST /task_2_run HTTP/1.1" 200 22 "http://10.100.80.14/task1" "Mozilla/5.0 (Windows NT 6.1; Trident/7.0; rv:11.0) like Gecko"
10.100.81.105 - - [07/May/2022:14:53:57 +0800] "POST /task_1_run HTTP/1.1" 200 28 "http://10.100.80.14/task1" "Mozilla/5.0 (Windows NT 6.1; WOW64) AppleWebKit/537.36 (KHTML, like Gecko) Chrome/86.0.4240.198 Safari/537.36"
10.100.81.117 - - [07/May/2022:14:53:57 +0800] "POST /task_1_run HTTP/1.1" 200 22 "http://10.100.80.14/task1" "Mozilla/5.0 (Windows NT 6.1; WOW64; Trident/7.0; rv:11.0) like Gecko"
10.100.81.117 - - [07/May/2022:14:53:57 +0800] "POST /task_1_run HTTP/1.1" 200 22 "http://10.100.80.14/task1" "Mozilla/5.0 (Windows NT 6.1; WOW64; Trident/7.0; rv:11.0) like Gecko"
10.100.81.83 - - [07/May/2022:14:53:58 +0800] "POST /task_1_run HTTP/1.1" 200 28 "http://10.100.80.14/task1" "Mozilla/5.0 (Windows NT 6.1; Trident/7.0; rv:11.0) like Gecko"
10.100.81.100 - - [07/May/2022:14:53:59 +0800] "POST /task_1_run HTTP/1.1" 200 28 "http://10.100.80.14/task1" "Mozilla/5.0 (Windows NT 6.1; WOW64; Trident/7.0; rv:11.0) like Gecko"
10.100.81.70 - - [07/May/2022:14:54:00 +0800] "GET /task1 HTTP/1.1" 200 7342 "http://10.100.80.14/" "Mozilla/5.0 (Windows NT 6.1; Trident/7.0; rv:11.0) like Gecko"
10.100.81.70 - - [07/May/2022:14:54:00 +0800] "GET /static/assets/css/bootstrap.css HTTP/1.1" 304 0 "http://10.100.80.14/task1" "Mozilla/5.0 (Windows NT 6.1; Trident/7.0; rv:11.0) like Gecko"
10.100.81.70 - - [07/May/2022:14:54:00 +0800] "GET /static/assets/css/main.css HTTP/1.1" 304 0 "http://10.100.80.14/task1" "Mozilla/5.0 (Windows NT 6.1; Trident/7.0; rv:11.0) like Gecko"
10.100.81.70 - - [07/May/2022:14:54:00 +0800] "GET /static/jquery-3.6.0.min.js HTTP/1.1" 304 0 "http://10.100.80.14/task1" "Mozilla/5.0 (Windows NT 6.1; Trident/7.0; rv:11.0) like Gecko"
10.100.81.70 - - [07/May/2022:14:54:00 +0800] "GET /static/assets/js/hover.zoom.conf.js HTTP/1.1" 304 0 "http://10.100.80.14/task1" "Mozilla/5.0 (Windows NT 6.1; Trident/7.0; rv:11.0) like Gecko"
10.100.81.70 - - [07/May/2022:14:54:00 +0800] "GET /static/assets/js/hover.zoom.js HTTP/1.1" 304 0 "http://10.100.80.14/task1" "Mozilla/5.0 (Windows NT 6.1; Trident/7.0; rv:11.0) like Gecko"
10.100.81.70 - - [07/May/2022:14:54:00 +0800] "GET /static/assets/js/bootstrap.min.js HTTP/1.1" 304 0 "http://10.100.80.14/task1" "Mozilla/5.0 (Windows NT 6.1; Trident/7.0; rv:11.0) like Gecko"
10.100.81.70 - - [07/May/2022:14:54:00 +0800] "GET /static/index.js HTTP/1.1" 304 0 "http://10.100.80.14/task1" "Mozilla/5.0 (Windows NT 6.1; Trident/7.0; rv:11.0) like Gecko"
10.100.81.89 - - [07/May/2022:14:54:01 +0800] "POST /task_1_run HTTP/1.1" 200 28 "http://10.100.80.14/task1" "Mozilla/5.0 (Windows NT 6.1; Trident/7.0; rv:11.0) like Gecko"
10.100.81.70 - - [07/May/2022:14:54:01 +0800] "GET /favicon.ico HTTP/1.1" 404 232 "-" "Mozilla/5.0 (Windows NT 6.1; Trident/7.0; rv:11.0) like Gecko"
10.100.81.106 - - [07/May/2022:14:54:01 +0800] "POST /task_1_run HTTP/1.1" 200 28 "http://10.100.80.14/task1" "Mozilla/5.0 (Windows NT 6.1; WOW64; Trident/7.0; rv:11.0) like Gecko"
10.100.81.71 - - [07/May/2022:14:54:01 +0800] "POST /task_2_run HTTP/1.1" 200 22 "http://10.100.80.14/task1" "Mozilla/5.0 (Windows NT 6.1; Trident/7.0; rv:11.0) like Gecko"
10.100.81.122 - - [07/May/2022:14:54:02 +0800] "POST /task_1_run HTTP/1.1" 200 22 "http://10.100.80.14/task1" "Mozilla/5.0 (Windows NT 6.1; WOW64; Trident/7.0; rv:11.0) like Gecko"
10.100.81.105 - - [07/May/2022:14:54:04 +0800] "POST /task_1_run HTTP/1.1" 200 28 "http://10.100.80.14/task1" "Mozilla/5.0 (Windows NT 6.1; WOW64) AppleWebKit/537.36 (KHTML, like Gecko) Chrome/86.0.4240.198 Safari/537.36"
10.100.81.107 - - [07/May/2022:14:54:06 +0800] "POST /task_1_run HTTP/1.1" 200 22 "http://10.100.80.14/task1" "Mozilla/5.0 (Windows NT 6.1; WOW64; Trident/7.0; rv:11.0) like Gecko"
10.100.81.72 - - [07/May/2022:14:54:06 +0800] "POST /task_1_run HTTP/1.1" 200 28 "http://10.100.80.14/task1" "Mozilla/5.0 (Windows NT 6.1; Trident/7.0; rv:11.0) like Gecko"
10.100.81.88 - - [07/May/2022:14:54:07 +0800] "POST /task_1_run HTTP/1.1" 200 22 "http://10.100.80.14/task1" "Mozilla/5.0 (Windows NT 6.1; Trident/7.0; rv:11.0) like Gecko"
10.100.81.116 - - [07/May/2022:14:54:07 +0800] "POST /task_1_run HTTP/1.1" 200 22 "http://10.100.80.14/task1" "Mozilla/5.0 (Windows NT 6.1; WOW64; Trident/7.0; rv:11.0) like Gecko"
10.100.81.116 - - [07/May/2022:14:54:07 +0800] "POST /task_1_run HTTP/1.1" 200 22 "http://10.100.80.14/task1" "Mozilla/5.0 (Windows NT 6.1; WOW64; Trident/7.0; rv:11.0) like Gecko"
10.100.81.117 - - [07/May/2022:14:54:14 +0800] "POST /task_1_run HTTP/1.1" 200 28 "http://10.100.80.14/task1" "Mozilla/5.0 (Windows NT 6.1; WOW64; Trident/7.0; rv:11.0) like Gecko"
10.100.81.88 - - [07/May/2022:14:54:15 +0800] "POST /task_1_run HTTP/1.1" 200 22 "http://10.100.80.14/task1" "Mozilla/5.0 (Windows NT 6.1; Trident/7.0; rv:11.0) like Gecko"
10.100.81.88 - - [07/May/2022:14:54:16 +0800] "POST /task_1_run HTTP/1.1" 200 22 "http://10.100.80.14/task1" "Mozilla/5.0 (Windows NT 6.1; Trident/7.0; rv:11.0) like Gecko"
10.100.81.116 - - [07/May/2022:14:54:16 +0800] "POST /task_1_run HTTP/1.1" 200 28 "http://10.100.80.14/task1" "Mozilla/5.0 (Windows NT 6.1; WOW64; Trident/7.0; rv:11.0) like Gecko"
10.100.81.104 - - [07/May/2022:14:54:17 +0800] "POST /task_1_run HTTP/1.1" 200 22 "http://10.100.80.14/task1" "Mozilla/5.0 (Windows NT 6.1; WOW64; Trident/7.0; rv:11.0) like Gecko"
10.100.81.71 - - [07/May/2022:14:54:20 +0800] "POST /task_2_run HTTP/1.1" 200 22 "http://10.100.80.14/task1" "Mozilla/5.0 (Windows NT 6.1; Trident/7.0; rv:11.0) like Gecko"
10.100.81.103 - - [07/May/2022:14:54:22 +0800] "POST /task_1_run HTTP/1.1" 200 28 "http://10.100.80.14/task1" "Mozilla/5.0 (Windows NT 6.1; WOW64) AppleWebKit/537.36 (KHTML, like Gecko) Chrome/86.0.4240.198 Safari/537.36"
10.100.81.77 - - [07/May/2022:14:54:24 +0800] "POST /task_1_run HTTP/1.1" 200 28 "http://10.100.80.14/task1" "Mozilla/5.0 (Windows NT 6.1; Trident/7.0; rv:11.0) like Gecko"
10.100.81.104 - - [07/May/2022:14:54:25 +0800] "POST /task_1_run HTTP/1.1" 200 22 "http://10.100.80.14/task1" "Mozilla/5.0 (Windows NT 6.1; WOW64; Trident/7.0; rv:11.0) like Gecko"
10.100.81.104 - - [07/May/2022:14:54:25 +0800] "POST /task_1_run HTTP/1.1" 200 22 "http://10.100.80.14/task1" "Mozilla/5.0 (Windows NT 6.1; WOW64; Trident/7.0; rv:11.0) like Gecko"
10.100.81.104 - - [07/May/2022:14:54:25 +0800] "POST /task_1_run HTTP/1.1" 200 22 "http://10.100.80.14/task1" "Mozilla/5.0 (Windows NT 6.1; WOW64; Trident/7.0; rv:11.0) like Gecko"
10.100.81.107 - - [07/May/2022:14:54:26 +0800] "POST /task_1_run HTTP/1.1" 200 22 "http://10.100.80.14/task1" "Mozilla/5.0 (Windows NT 6.1; WOW64; Trident/7.0; rv:11.0) like Gecko"
10.100.81.107 - - [07/May/2022:14:54:27 +0800] "POST /task_1_run HTTP/1.1" 200 22 "http://10.100.80.14/task1" "Mozilla/5.0 (Windows NT 6.1; WOW64; Trident/7.0; rv:11.0) like Gecko"
10.100.81.107 - - [07/May/2022:14:54:27 +0800] "POST /task_1_run HTTP/1.1" 200 22 "http://10.100.80.14/task1" "Mozilla/5.0 (Windows NT 6.1; WOW64; Trident/7.0; rv:11.0) like Gecko"
10.100.81.107 - - [07/May/2022:14:54:28 +0800] "POST /task_1_run HTTP/1.1" 200 22 "http://10.100.80.14/task1" "Mozilla/5.0 (Windows NT 6.1; WOW64; Trident/7.0; rv:11.0) like Gecko"
10.100.81.71 - - [07/May/2022:14:54:30 +0800] "POST /task_2_run HTTP/1.1" 200 22 "http://10.100.80.14/task1" "Mozilla/5.0 (Windows NT 6.1; Trident/7.0; rv:11.0) like Gecko"
10.100.81.100 - - [07/May/2022:14:54:30 +0800] "POST /task_2_run HTTP/1.1" 200 22 "http://10.100.80.14/task1" "Mozilla/5.0 (Windows NT 6.1; WOW64; Trident/7.0; rv:11.0) like Gecko"
10.100.81.100 - - [07/May/2022:14:54:31 +0800] "POST /task_2_run HTTP/1.1" 200 22 "http://10.100.80.14/task1" "Mozilla/5.0 (Windows NT 6.1; WOW64; Trident/7.0; rv:11.0) like Gecko"
10.100.81.100 - - [07/May/2022:14:54:31 +0800] "POST /task_2_run HTTP/1.1" 200 22 "http://10.100.80.14/task1" "Mozilla/5.0 (Windows NT 6.1; WOW64; Trident/7.0; rv:11.0) like Gecko"
10.100.81.117 - - [07/May/2022:14:54:31 +0800] "POST /task_1_run HTTP/1.1" 200 28 "http://10.100.80.14/task1" "Mozilla/5.0 (Windows NT 6.1; WOW64; Trident/7.0; rv:11.0) like Gecko"
10.100.81.100 - - [07/May/2022:14:54:31 +0800] "POST /task_2_run HTTP/1.1" 200 22 "http://10.100.80.14/task1" "Mozilla/5.0 (Windows NT 6.1; WOW64; Trident/7.0; rv:11.0) like Gecko"
10.100.81.104 - - [07/May/2022:14:54:31 +0800] "POST /task_1_run HTTP/1.1" 200 22 "http://10.100.80.14/task1" "Mozilla/5.0 (Windows NT 6.1; WOW64; Trident/7.0; rv:11.0) like Gecko"
10.100.81.104 - - [07/May/2022:14:54:32 +0800] "POST /task_1_run HTTP/1.1" 200 22 "http://10.100.80.14/task1" "Mozilla/5.0 (Windows NT 6.1; WOW64; Trident/7.0; rv:11.0) like Gecko"
10.100.81.104 - - [07/May/2022:14:54:32 +0800] "POST /task_1_run HTTP/1.1" 200 22 "http://10.100.80.14/task1" "Mozilla/5.0 (Windows NT 6.1; WOW64; Trident/7.0; rv:11.0) like Gecko"
10.100.81.82 - - [07/May/2022:14:54:32 +0800] "POST /task_1_run HTTP/1.1" 200 22 "http://10.100.80.14/task1" "Mozilla/5.0 (Windows NT 6.1; WOW64; Trident/7.0; rv:11.0) like Gecko"
10.100.81.104 - - [07/May/2022:14:54:32 +0800] "POST /task_1_run HTTP/1.1" 200 22 "http://10.100.80.14/task1" "Mozilla/5.0 (Windows NT 6.1; WOW64; Trident/7.0; rv:11.0) like Gecko"
10.100.81.104 - - [07/May/2022:14:54:32 +0800] "POST /task_1_run HTTP/1.1" 200 22 "http://10.100.80.14/task1" "Mozilla/5.0 (Windows NT 6.1; WOW64; Trident/7.0; rv:11.0) like Gecko"
10.100.81.104 - - [07/May/2022:14:54:32 +0800] "POST /task_1_run HTTP/1.1" 200 22 "http://10.100.80.14/task1" "Mozilla/5.0 (Windows NT 6.1; WOW64; Trident/7.0; rv:11.0) like Gecko"
10.100.81.104 - - [07/May/2022:14:54:33 +0800] "POST /task_1_run HTTP/1.1" 200 22 "http://10.100.80.14/task1" "Mozilla/5.0 (Windows NT 6.1; WOW64; Trident/7.0; rv:11.0) like Gecko"
10.100.81.122 - - [07/May/2022:14:54:33 +0800] "POST /task_1_run HTTP/1.1" 200 22 "http://10.100.80.14/task1" "Mozilla/5.0 (Windows NT 6.1; WOW64; Trident/7.0; rv:11.0) like Gecko"
10.100.81.88 - - [07/May/2022:14:54:34 +0800] "POST /task_1_run HTTP/1.1" 200 22 "http://10.100.80.14/task1" "Mozilla/5.0 (Windows NT 6.1; Trident/7.0; rv:11.0) like Gecko"
10.100.81.107 - - [07/May/2022:14:54:39 +0800] "POST /task_1_run HTTP/1.1" 200 22 "http://10.100.80.14/task1" "Mozilla/5.0 (Windows NT 6.1; WOW64; Trident/7.0; rv:11.0) like Gecko"
10.100.81.133 - - [07/May/2022:14:54:40 +0800] "POST /task_1_run HTTP/1.1" 200 22 "http://10.100.80.14/task1" "Mozilla/5.0 (Windows NT 6.1; WOW64; Trident/7.0; rv:11.0) like Gecko"
10.100.81.109 - - [07/May/2022:14:54:41 +0800] "POST /task_1_run HTTP/1.1" 200 22 "http://10.100.80.14/task1" "Mozilla/5.0 (Windows NT 6.1; WOW64; Trident/7.0; rv:11.0) like Gecko"
10.100.81.133 - - [07/May/2022:14:54:41 +0800] "POST /task_1_run HTTP/1.1" 200 22 "http://10.100.80.14/task1" "Mozilla/5.0 (Windows NT 6.1; WOW64; Trident/7.0; rv:11.0) like Gecko"
10.100.81.102 - - [07/May/2022:14:54:41 +0800] "POST /task_1_run HTTP/1.1" 200 22 "http://10.100.80.14/task1" "Mozilla/5.0 (Windows NT 6.1; WOW64) AppleWebKit/537.36 (KHTML, like Gecko) Chrome/86.0.4240.198 Safari/537.36"
10.100.81.82 - - [07/May/2022:14:54:42 +0800] "POST /task_1_run HTTP/1.1" 200 22 "http://10.100.80.14/task1" "Mozilla/5.0 (Windows NT 6.1; WOW64; Trident/7.0; rv:11.0) like Gecko"
10.100.81.71 - - [07/May/2022:14:54:42 +0800] "POST /task_2_run HTTP/1.1" 200 22 "http://10.100.80.14/task1" "Mozilla/5.0 (Windows NT 6.1; Trident/7.0; rv:11.0) like Gecko"
10.100.81.107 - - [07/May/2022:14:54:43 +0800] "POST /task_1_run HTTP/1.1" 200 22 "http://10.100.80.14/task1" "Mozilla/5.0 (Windows NT 6.1; WOW64; Trident/7.0; rv:11.0) like Gecko"
10.100.81.100 - - [07/May/2022:14:54:44 +0800] "GET /favicon.ico HTTP/1.1" 404 232 "-" "Mozilla/5.0 (Windows NT 6.1; WOW64) AppleWebKit/537.36 (KHTML, like Gecko) Chrome/78.0.3904.108 Safari/537.36"
10.100.81.71 - - [07/May/2022:14:54:44 +0800] "POST /task_2_run HTTP/1.1" 200 22 "http://10.100.80.14/task1" "Mozilla/5.0 (Windows NT 6.1; Trident/7.0; rv:11.0) like Gecko"
10.100.81.71 - - [07/May/2022:14:54:44 +0800] "POST /task_2_run HTTP/1.1" 200 22 "http://10.100.80.14/task1" "Mozilla/5.0 (Windows NT 6.1; Trident/7.0; rv:11.0) like Gecko"
10.100.81.71 - - [07/May/2022:14:54:44 +0800] "POST /task_2_run HTTP/1.1" 200 22 "http://10.100.80.14/task1" "Mozilla/5.0 (Windows NT 6.1; Trident/7.0; rv:11.0) like Gecko"
10.100.81.100 - - [07/May/2022:14:54:44 +0800] "GET /favicon.ico HTTP/1.1" 404 232 "-" "Mozilla/5.0 (Windows NT 6.1; WOW64) AppleWebKit/537.36 (KHTML, like Gecko) Chrome/78.0.3904.108 Safari/537.36"
10.100.81.110 - - [07/May/2022:14:54:45 +0800] "POST /task_1_run HTTP/1.1" 200 22 "http://10.100.80.14/task1" "Mozilla/5.0 (Windows NT 6.1; WOW64) AppleWebKit/537.36 (KHTML, like Gecko) Chrome/86.0.4240.198 Safari/537.36"
10.100.81.126 - - [07/May/2022:14:54:45 +0800] "GET /task1 HTTP/1.1" 200 7342 "http://10.100.80.14/task1" "Mozilla/5.0 (Windows NT 6.1; WOW64; Trident/7.0; rv:11.0) like Gecko"
10.100.81.126 - - [07/May/2022:14:54:45 +0800] "GET /static/assets/css/bootstrap.css HTTP/1.1" 304 0 "http://10.100.80.14/task1" "Mozilla/5.0 (Windows NT 6.1; WOW64; Trident/7.0; rv:11.0) like Gecko"
10.100.81.126 - - [07/May/2022:14:54:45 +0800] "GET /static/assets/css/main.css HTTP/1.1" 304 0 "http://10.100.80.14/task1" "Mozilla/5.0 (Windows NT 6.1; WOW64; Trident/7.0; rv:11.0) like Gecko"
10.100.81.126 - - [07/May/2022:14:54:45 +0800] "GET /static/jquery-3.6.0.min.js HTTP/1.1" 304 0 "http://10.100.80.14/task1" "Mozilla/5.0 (Windows NT 6.1; WOW64; Trident/7.0; rv:11.0) like Gecko"
10.100.81.126 - - [07/May/2022:14:54:45 +0800] "GET /static/assets/js/bootstrap.min.js HTTP/1.1" 304 0 "http://10.100.80.14/task1" "Mozilla/5.0 (Windows NT 6.1; WOW64; Trident/7.0; rv:11.0) like Gecko"
10.100.81.126 - - [07/May/2022:14:54:45 +0800] "GET /static/assets/js/hover.zoom.conf.js HTTP/1.1" 304 0 "http://10.100.80.14/task1" "Mozilla/5.0 (Windows NT 6.1; WOW64; Trident/7.0; rv:11.0) like Gecko"
10.100.81.126 - - [07/May/2022:14:54:45 +0800] "GET /static/assets/js/hover.zoom.js HTTP/1.1" 304 0 "http://10.100.80.14/task1" "Mozilla/5.0 (Windows NT 6.1; WOW64; Trident/7.0; rv:11.0) like Gecko"
10.100.81.126 - - [07/May/2022:14:54:45 +0800] "GET /static/index.js HTTP/1.1" 304 0 "http://10.100.80.14/task1" "Mozilla/5.0 (Windows NT 6.1; WOW64; Trident/7.0; rv:11.0) like Gecko"
10.100.81.100 - - [07/May/2022:14:54:45 +0800] "GET /favicon.ico HTTP/1.1" 404 232 "-" "Mozilla/5.0 (Windows NT 6.1; WOW64) AppleWebKit/537.36 (KHTML, like Gecko) Chrome/78.0.3904.108 Safari/537.36"
10.100.81.100 - - [07/May/2022:14:54:45 +0800] "GET / HTTP/1.1" 200 5613 "-" "Mozilla/5.0 (Windows NT 6.1; WOW64; Trident/7.0; rv:11.0) like Gecko"
10.100.81.100 - - [07/May/2022:14:54:45 +0800] "GET /static/assets/css/bootstrap.css HTTP/1.1" 304 0 "http://10.100.80.14/" "Mozilla/5.0 (Windows NT 6.1; WOW64; Trident/7.0; rv:11.0) like Gecko"
10.100.81.100 - - [07/May/2022:14:54:45 +0800] "GET /static/assets/css/main.css HTTP/1.1" 304 0 "http://10.100.80.14/" "Mozilla/5.0 (Windows NT 6.1; WOW64; Trident/7.0; rv:11.0) like Gecko"
10.100.81.100 - - [07/May/2022:14:54:45 +0800] "GET /static/jquery-3.6.0.min.js HTTP/1.1" 304 0 "http://10.100.80.14/" "Mozilla/5.0 (Windows NT 6.1; WOW64; Trident/7.0; rv:11.0) like Gecko"
10.100.81.100 - - [07/May/2022:14:54:45 +0800] "GET /static/assets/js/hover.zoom.js HTTP/1.1" 304 0 "http://10.100.80.14/" "Mozilla/5.0 (Windows NT 6.1; WOW64; Trident/7.0; rv:11.0) like Gecko"
10.100.81.100 - - [07/May/2022:14:54:45 +0800] "GET /static/assets/js/hover.zoom.conf.js HTTP/1.1" 304 0 "http://10.100.80.14/" "Mozilla/5.0 (Windows NT 6.1; WOW64; Trident/7.0; rv:11.0) like Gecko"
10.100.81.100 - - [07/May/2022:14:54:45 +0800] "GET /static/assets/img/example.jpg HTTP/1.1" 304 0 "http://10.100.80.14/" "Mozilla/5.0 (Windows NT 6.1; WOW64; Trident/7.0; rv:11.0) like Gecko"
10.100.81.100 - - [07/May/2022:14:54:45 +0800] "GET /static/assets/img/python.png HTTP/1.1" 304 0 "http://10.100.80.14/" "Mozilla/5.0 (Windows NT 6.1; WOW64; Trident/7.0; rv:11.0) like Gecko"
10.100.81.100 - - [07/May/2022:14:54:45 +0800] "GET /static/assets/js/bootstrap.min.js HTTP/1.1" 304 0 "http://10.100.80.14/" "Mozilla/5.0 (Windows NT 6.1; WOW64; Trident/7.0; rv:11.0) like Gecko"
10.100.81.100 - - [07/May/2022:14:54:45 +0800] "GET /static/index.js HTTP/1.1" 304 0 "http://10.100.80.14/" "Mozilla/5.0 (Windows NT 6.1; WOW64; Trident/7.0; rv:11.0) like Gecko"
10.100.81.104 - - [07/May/2022:14:54:45 +0800] "POST /task_1_run HTTP/1.1" 200 28 "http://10.100.80.14/task1" "Mozilla/5.0 (Windows NT 6.1; WOW64; Trident/7.0; rv:11.0) like Gecko"
10.100.81.100 - - [07/May/2022:14:54:45 +0800] "GET /favicon.ico HTTP/1.1" 404 232 "-" "Mozilla/5.0 (Windows NT 6.1; WOW64; Trident/7.0; rv:11.0) like Gecko"
10.100.81.82 - - [07/May/2022:14:54:51 +0800] "POST /task_1_run HTTP/1.1" 200 22 "http://10.100.80.14/task1" "Mozilla/5.0 (Windows NT 6.1; WOW64; Trident/7.0; rv:11.0) like Gecko"
10.100.81.79 - - [07/May/2022:14:54:54 +0800] "POST /task_1_run HTTP/1.1" 200 22 "http://10.100.80.14/task1" "Mozilla/5.0 (Windows NT 6.1; Trident/7.0; rv:11.0) like Gecko"
10.100.81.79 - - [07/May/2022:14:54:57 +0800] "POST /task_1_run HTTP/1.1" 200 22 "http://10.100.80.14/task1" "Mozilla/5.0 (Windows NT 6.1; Trident/7.0; rv:11.0) like Gecko"
10.100.81.79 - - [07/May/2022:14:54:57 +0800] "POST /task_1_run HTTP/1.1" 200 22 "http://10.100.80.14/task1" "Mozilla/5.0 (Windows NT 6.1; Trident/7.0; rv:11.0) like Gecko"
10.100.81.106 - - [07/May/2022:14:54:57 +0800] "POST /task_2_run HTTP/1.1" 200 22 "http://10.100.80.14/task1" "Mozilla/5.0 (Windows NT 6.1; WOW64; Trident/7.0; rv:11.0) like Gecko"
10.100.81.100 - - [07/May/2022:14:54:58 +0800] "GET /task1 HTTP/1.1" 200 7342 "http://10.100.80.14/" "Mozilla/5.0 (Windows NT 6.1; WOW64; Trident/7.0; rv:11.0) like Gecko"
10.100.81.100 - - [07/May/2022:14:54:58 +0800] "GET /static/assets/css/bootstrap.css HTTP/1.1" 304 0 "http://10.100.80.14/task1" "Mozilla/5.0 (Windows NT 6.1; WOW64; Trident/7.0; rv:11.0) like Gecko"
10.100.81.100 - - [07/May/2022:14:54:58 +0800] "GET /static/assets/css/main.css HTTP/1.1" 304 0 "http://10.100.80.14/task1" "Mozilla/5.0 (Windows NT 6.1; WOW64; Trident/7.0; rv:11.0) like Gecko"
10.100.81.100 - - [07/May/2022:14:54:58 +0800] "GET /static/assets/js/hover.zoom.js HTTP/1.1" 304 0 "http://10.100.80.14/task1" "Mozilla/5.0 (Windows NT 6.1; WOW64; Trident/7.0; rv:11.0) like Gecko"
10.100.81.100 - - [07/May/2022:14:54:58 +0800] "GET /static/jquery-3.6.0.min.js HTTP/1.1" 304 0 "http://10.100.80.14/task1" "Mozilla/5.0 (Windows NT 6.1; WOW64; Trident/7.0; rv:11.0) like Gecko"
10.100.81.100 - - [07/May/2022:14:54:58 +0800] "GET /static/assets/js/hover.zoom.conf.js HTTP/1.1" 304 0 "http://10.100.80.14/task1" "Mozilla/5.0 (Windows NT 6.1; WOW64; Trident/7.0; rv:11.0) like Gecko"
10.100.81.100 - - [07/May/2022:14:54:58 +0800] "GET /static/assets/js/bootstrap.min.js HTTP/1.1" 304 0 "http://10.100.80.14/task1" "Mozilla/5.0 (Windows NT 6.1; WOW64; Trident/7.0; rv:11.0) like Gecko"
