10.100.81.79 - - [07/May/2022:14:48:20 +0800] "POST /single_or_double HTTP/1.1" 200 22 "http://10.100.80.14/" "Mozilla/5.0 (Windows NT 6.1; Trident/7.0; rv:11.0) like Gecko"
10.100.81.79 - - [07/May/2022:14:48:21 +0800] "POST /single_or_double HTTP/1.1" 200 22 "http://10.100.80.14/" "Mozilla/5.0 (Windows NT 6.1; Trident/7.0; rv:11.0) like Gecko"
10.100.81.128 - - [07/May/2022:14:48:21 +0800] "GET / HTTP/1.1" 200 5613 "http://10.100.80.14/" "Mozilla/5.0 (Windows NT 6.1; WOW64; Trident/7.0; rv:11.0) like Gecko"
10.100.81.128 - - [07/May/2022:14:48:21 +0800] "GET /static/assets/css/bootstrap.css HTTP/1.1" 304 0 "http://10.100.80.14/" "Mozilla/5.0 (Windows NT 6.1; WOW64; Trident/7.0; rv:11.0) like Gecko"
10.100.81.128 - - [07/May/2022:14:48:21 +0800] "GET /static/assets/css/main.css HTTP/1.1" 304 0 "http://10.100.80.14/" "Mozilla/5.0 (Windows NT 6.1; WOW64; Trident/7.0; rv:11.0) like Gecko"
10.100.81.128 - - [07/May/2022:14:48:21 +0800] "GET /static/jquery-3.6.0.min.js HTTP/1.1" 304 0 "http://10.100.80.14/" "Mozilla/5.0 (Windows NT 6.1; WOW64; Trident/7.0; rv:11.0) like Gecko"
10.100.81.128 - - [07/May/2022:14:48:21 +0800] "GET /static/assets/js/hover.zoom.js HTTP/1.1" 304 0 "http://10.100.80.14/" "Mozilla/5.0 (Windows NT 6.1; WOW64; Trident/7.0; rv:11.0) like Gecko"
10.100.81.128 - - [07/May/2022:14:48:21 +0800] "GET /static/assets/js/hover.zoom.conf.js HTTP/1.1" 304 0 "http://10.100.80.14/" "Mozilla/5.0 (Windows NT 6.1; WOW64; Trident/7.0; rv:11.0) like Gecko"
10.100.81.128 - - [07/May/2022:14:48:21 +0800] "GET /static/assets/img/python.png HTTP/1.1" 304 0 "http://10.100.80.14/" "Mozilla/5.0 (Windows NT 6.1; WOW64; Trident/7.0; rv:11.0) like Gecko"
10.100.81.128 - - [07/May/2022:14:48:21 +0800] "GET /static/assets/img/example.jpg HTTP/1.1" 304 0 "http://10.100.80.14/" "Mozilla/5.0 (Windows NT 6.1; WOW64; Trident/7.0; rv:11.0) like Gecko"
10.100.81.128 - - [07/May/2022:14:48:21 +0800] "GET /static/assets/js/bootstrap.min.js HTTP/1.1" 304 0 "http://10.100.80.14/" "Mozilla/5.0 (Windows NT 6.1; WOW64; Trident/7.0; rv:11.0) like Gecko"
10.100.81.128 - - [07/May/2022:14:48:21 +0800] "GET /static/index.js HTTP/1.1" 304 0 "http://10.100.80.14/" "Mozilla/5.0 (Windows NT 6.1; WOW64; Trident/7.0; rv:11.0) like Gecko"
10.100.81.78 - - [07/May/2022:14:48:21 +0800] "POST /single_or_double HTTP/1.1" 200 22 "http://10.100.80.14/" "Mozilla/5.0 (Windows NT 6.1; Trident/7.0; rv:11.0) like Gecko"
10.100.81.78 - - [07/May/2022:14:48:22 +0800] "POST /single_or_double HTTP/1.1" 200 22 "http://10.100.80.14/" "Mozilla/5.0 (Windows NT 6.1; Trident/7.0; rv:11.0) like Gecko"
10.100.81.78 - - [07/May/2022:14:48:22 +0800] "POST /single_or_double HTTP/1.1" 200 22 "http://10.100.80.14/" "Mozilla/5.0 (Windows NT 6.1; Trident/7.0; rv:11.0) like Gecko"
10.100.81.78 - - [07/May/2022:14:48:22 +0800] "POST /single_or_double HTTP/1.1" 200 22 "http://10.100.80.14/" "Mozilla/5.0 (Windows NT 6.1; Trident/7.0; rv:11.0) like Gecko"
10.100.81.133 - - [07/May/2022:14:48:23 +0800] "POST /single_or_double HTTP/1.1" 200 24 "http://10.100.80.14/" "Mozilla/5.0 (Windows NT 6.1; WOW64; Trident/7.0; rv:11.0) like Gecko"
10.100.81.78 - - [07/May/2022:14:48:23 +0800] "POST /single_or_double HTTP/1.1" 200 22 "http://10.100.80.14/" "Mozilla/5.0 (Windows NT 6.1; Trident/7.0; rv:11.0) like Gecko"
10.100.81.88 - - [07/May/2022:14:48:23 +0800] "GET / HTTP/1.1" 200 5613 "-" "Mozilla/5.0 (Windows NT 6.1; Trident/7.0; rv:11.0) like Gecko"
10.100.81.88 - - [07/May/2022:14:48:24 +0800] "GET /static/assets/css/main.css HTTP/1.1" 200 3918 "http://10.100.80.14/" "Mozilla/5.0 (Windows NT 6.1; Trident/7.0; rv:11.0) like Gecko"
10.100.81.88 - - [07/May/2022:14:48:24 +0800] "GET /static/assets/css/bootstrap.css HTTP/1.1" 200 122848 "http://10.100.80.14/" "Mozilla/5.0 (Windows NT 6.1; Trident/7.0; rv:11.0) like Gecko"
10.100.81.88 - - [07/May/2022:14:48:24 +0800] "GET /static/assets/js/hover.zoom.js HTTP/1.1" 200 2497 "http://10.100.80.14/" "Mozilla/5.0 (Windows NT 6.1; Trident/7.0; rv:11.0) like Gecko"
10.100.81.88 - - [07/May/2022:14:48:24 +0800] "GET /static/assets/js/hover.zoom.conf.js HTTP/1.1" 200 1122 "http://10.100.80.14/" "Mozilla/5.0 (Windows NT 6.1; Trident/7.0; rv:11.0) like Gecko"
10.100.81.88 - - [07/May/2022:14:48:24 +0800] "GET /static/assets/js/bootstrap.min.js HTTP/1.1" 200 27822 "http://10.100.80.14/" "Mozilla/5.0 (Windows NT 6.1; Trident/7.0; rv:11.0) like Gecko"
10.100.81.88 - - [07/May/2022:14:48:24 +0800] "GET /static/jquery-3.6.0.min.js HTTP/1.1" 200 89501 "http://10.100.80.14/" "Mozilla/5.0 (Windows NT 6.1; Trident/7.0; rv:11.0) like Gecko"
10.100.81.88 - - [07/May/2022:14:48:25 +0800] "GET /favicon.ico HTTP/1.1" 404 232 "-" "Mozilla/5.0 (Windows NT 6.1; Trident/7.0; rv:11.0) like Gecko"
10.100.81.122 - - [07/May/2022:14:48:26 +0800] "POST /single_or_double HTTP/1.1" 200 22 "http://10.100.80.14/" "Mozilla/5.0 (Windows NT 6.1; WOW64; Trident/7.0; rv:11.0) like Gecko"
10.100.81.78 - - [07/May/2022:14:48:26 +0800] "POST /single_or_double HTTP/1.1" 200 24 "http://10.100.80.14/" "Mozilla/5.0 (Windows NT 6.1; Trident/7.0; rv:11.0) like Gecko"
10.100.81.78 - - [07/May/2022:14:48:27 +0800] "POST /single_or_double HTTP/1.1" 200 24 "http://10.100.80.14/" "Mozilla/5.0 (Windows NT 6.1; Trident/7.0; rv:11.0) like Gecko"
10.100.81.100 - - [07/May/2022:14:48:27 +0800] "POST /single_or_double HTTP/1.1" 200 22 "http://10.100.80.14/" "Mozilla/5.0 (Windows NT 6.1; WOW64; Trident/7.0; rv:11.0) like Gecko"
10.100.81.88 - - [07/May/2022:14:48:27 +0800] "GET /static/index.js HTTP/1.1" 200 688 "http://10.100.80.14/" "Mozilla/5.0 (Windows NT 6.1; Trident/7.0; rv:11.0) like Gecko"
10.100.81.88 - - [07/May/2022:14:48:27 +0800] "GET /static/assets/img/example.jpg HTTP/1.1" 200 17901 "http://10.100.80.14/" "Mozilla/5.0 (Windows NT 6.1; Trident/7.0; rv:11.0) like Gecko"
10.100.81.88 - - [07/May/2022:14:48:27 +0800] "GET /static/assets/img/python.png HTTP/1.1" 200 105539 "http://10.100.80.14/" "Mozilla/5.0 (Windows NT 6.1; Trident/7.0; rv:11.0) like Gecko"
10.100.81.100 - - [07/May/2022:14:48:27 +0800] "POST /single_or_double HTTP/1.1" 200 22 "http://10.100.80.14/" "Mozilla/5.0 (Windows NT 6.1; WOW64; Trident/7.0; rv:11.0) like Gecko"
10.100.81.128 - - [07/May/2022:14:48:27 +0800] "POST /single_or_double HTTP/1.1" 200 22 "http://10.100.80.14/" "Mozilla/5.0 (Windows NT 6.1; WOW64; Trident/7.0; rv:11.0) like Gecko"
10.100.81.100 - - [07/May/2022:14:48:27 +0800] "POST /single_or_double HTTP/1.1" 200 22 "http://10.100.80.14/" "Mozilla/5.0 (Windows NT 6.1; WOW64; Trident/7.0; rv:11.0) like Gecko"
10.100.81.100 - - [07/May/2022:14:48:28 +0800] "POST /single_or_double HTTP/1.1" 200 22 "http://10.100.80.14/" "Mozilla/5.0 (Windows NT 6.1; WOW64; Trident/7.0; rv:11.0) like Gecko"
10.100.81.100 - - [07/May/2022:14:48:28 +0800] "POST /single_or_double HTTP/1.1" 200 22 "http://10.100.80.14/" "Mozilla/5.0 (Windows NT 6.1; WOW64; Trident/7.0; rv:11.0) like Gecko"
10.100.81.100 - - [07/May/2022:14:48:28 +0800] "POST /single_or_double HTTP/1.1" 200 22 "http://10.100.80.14/" "Mozilla/5.0 (Windows NT 6.1; WOW64; Trident/7.0; rv:11.0) like Gecko"
10.100.81.100 - - [07/May/2022:14:48:28 +0800] "POST /single_or_double HTTP/1.1" 200 22 "http://10.100.80.14/" "Mozilla/5.0 (Windows NT 6.1; WOW64; Trident/7.0; rv:11.0) like Gecko"
10.100.81.100 - - [07/May/2022:14:48:28 +0800] "POST /single_or_double HTTP/1.1" 200 22 "http://10.100.80.14/" "Mozilla/5.0 (Windows NT 6.1; WOW64; Trident/7.0; rv:11.0) like Gecko"
10.100.81.89 - - [07/May/2022:14:48:28 +0800] "POST /single_or_double HTTP/1.1" 200 24 "http://10.100.80.14/" "Mozilla/5.0 (Windows NT 6.1; Trident/7.0; rv:11.0) like Gecko"
10.100.81.100 - - [07/May/2022:14:48:28 +0800] "POST /single_or_double HTTP/1.1" 200 22 "http://10.100.80.14/" "Mozilla/5.0 (Windows NT 6.1; WOW64; Trident/7.0; rv:11.0) like Gecko"
10.100.81.122 - - [07/May/2022:14:48:29 +0800] "POST /single_or_double HTTP/1.1" 200 24 "http://10.100.80.14/" "Mozilla/5.0 (Windows NT 6.1; WOW64; Trident/7.0; rv:11.0) like Gecko"
10.100.81.100 - - [07/May/2022:14:48:29 +0800] "POST /single_or_double HTTP/1.1" 200 22 "http://10.100.80.14/" "Mozilla/5.0 (Windows NT 6.1; WOW64; Trident/7.0; rv:11.0) like Gecko"
10.100.81.100 - - [07/May/2022:14:48:29 +0800] "POST /single_or_double HTTP/1.1" 200 22 "http://10.100.80.14/" "Mozilla/5.0 (Windows NT 6.1; WOW64; Trident/7.0; rv:11.0) like Gecko"
10.100.81.100 - - [07/May/2022:14:48:29 +0800] "POST /single_or_double HTTP/1.1" 200 22 "http://10.100.80.14/" "Mozilla/5.0 (Windows NT 6.1; WOW64; Trident/7.0; rv:11.0) like Gecko"
10.100.81.100 - - [07/May/2022:14:48:29 +0800] "POST /single_or_double HTTP/1.1" 200 22 "http://10.100.80.14/" "Mozilla/5.0 (Windows NT 6.1; WOW64; Trident/7.0; rv:11.0) like Gecko"
10.100.81.100 - - [07/May/2022:14:48:29 +0800] "POST /single_or_double HTTP/1.1" 200 22 "http://10.100.80.14/" "Mozilla/5.0 (Windows NT 6.1; WOW64; Trident/7.0; rv:11.0) like Gecko"
10.100.81.100 - - [07/May/2022:14:48:29 +0800] "POST /single_or_double HTTP/1.1" 200 22 "http://10.100.80.14/" "Mozilla/5.0 (Windows NT 6.1; WOW64; Trident/7.0; rv:11.0) like Gecko"
10.100.81.133 - - [07/May/2022:14:48:32 +0800] "POST /single_or_double HTTP/1.1" 200 24 "http://10.100.80.14/" "Mozilla/5.0 (Windows NT 6.1; WOW64; Trident/7.0; rv:11.0) like Gecko"
10.100.81.73 - - [07/May/2022:14:48:34 +0800] "POST /single_or_double HTTP/1.1" 200 24 "http://10.100.80.14/" "Mozilla/5.0 (Windows NT 6.1; Trident/7.0; rv:11.0) like Gecko"
10.100.81.73 - - [07/May/2022:14:48:35 +0800] "POST /single_or_double HTTP/1.1" 200 24 "http://10.100.80.14/" "Mozilla/5.0 (Windows NT 6.1; Trident/7.0; rv:11.0) like Gecko"
10.100.81.73 - - [07/May/2022:14:48:36 +0800] "POST /single_or_double HTTP/1.1" 200 24 "http://10.100.80.14/" "Mozilla/5.0 (Windows NT 6.1; Trident/7.0; rv:11.0) like Gecko"
10.100.81.85 - - [07/May/2022:14:48:36 +0800] "GET /task1 HTTP/1.1" 200 7342 "http://10.100.80.14/" "Mozilla/5.0 (Windows NT 6.1; Trident/7.0; rv:11.0) like Gecko"
10.100.81.85 - - [07/May/2022:14:48:36 +0800] "GET /static/assets/css/bootstrap.css HTTP/1.1" 304 0 "http://10.100.80.14/task1" "Mozilla/5.0 (Windows NT 6.1; Trident/7.0; rv:11.0) like Gecko"
10.100.81.85 - - [07/May/2022:14:48:36 +0800] "GET /static/jquery-3.6.0.min.js HTTP/1.1" 304 0 "http://10.100.80.14/task1" "Mozilla/5.0 (Windows NT 6.1; Trident/7.0; rv:11.0) like Gecko"
10.100.81.85 - - [07/May/2022:14:48:36 +0800] "GET /static/assets/js/hover.zoom.js HTTP/1.1" 304 0 "http://10.100.80.14/task1" "Mozilla/5.0 (Windows NT 6.1; Trident/7.0; rv:11.0) like Gecko"
10.100.81.85 - - [07/May/2022:14:48:36 +0800] "GET /static/assets/js/hover.zoom.conf.js HTTP/1.1" 304 0 "http://10.100.80.14/task1" "Mozilla/5.0 (Windows NT 6.1; Trident/7.0; rv:11.0) like Gecko"
10.100.81.85 - - [07/May/2022:14:48:37 +0800] "GET /static/assets/js/bootstrap.min.js HTTP/1.1" 304 0 "http://10.100.80.14/task1" "Mozilla/5.0 (Windows NT 6.1; Trident/7.0; rv:11.0) like Gecko"
10.100.81.85 - - [07/May/2022:14:48:37 +0800] "GET /static/index.js HTTP/1.1" 304 0 "http://10.100.80.14/task1" "Mozilla/5.0 (Windows NT 6.1; Trident/7.0; rv:11.0) like Gecko"
10.100.81.72 - - [07/May/2022:14:48:38 +0800] "POST /single_or_double HTTP/1.1" 200 24 "http://10.100.80.14/" "Mozilla/5.0 (Windows NT 6.1; Trident/7.0; rv:11.0) like Gecko"
10.100.81.73 - - [07/May/2022:14:48:38 +0800] "GET /static/assets/img/python.png HTTP/1.1" 304 0 "http://10.100.80.14/" "Mozilla/5.0 (Windows NT 6.1; Trident/7.0; rv:11.0) like Gecko"
10.100.81.73 - - [07/May/2022:14:48:38 +0800] "GET /static/assets/img/python.png HTTP/1.1" 200 105539 "http://10.100.80.14/" "Mozilla/5.0 (Windows NT 6.1) AppleWebKit/537.36 (KHTML, like Gecko) Chrome/78.0.3904.108 Safari/537.36"
10.100.81.73 - - [07/May/2022:14:48:38 +0800] "GET /favicon.ico HTTP/1.1" 404 232 "-" "Mozilla/5.0 (Windows NT 6.1; Trident/7.0; rv:11.0) like Gecko"
10.100.81.85 - - [07/May/2022:14:48:39 +0800] "GET /static/assets/css/main.css HTTP/1.1" 304 0 "http://10.100.80.14/task1" "Mozilla/5.0 (Windows NT 6.1; Trident/7.0; rv:11.0) like Gecko"
10.100.81.85 - - [07/May/2022:14:48:39 +0800] "GET /favicon.ico HTTP/1.1" 404 232 "-" "Mozilla/5.0 (Windows NT 6.1; Trident/7.0; rv:11.0) like Gecko"
10.100.81.133 - - [07/May/2022:14:48:41 +0800] "POST /single_or_double HTTP/1.1" 200 24 "http://10.100.80.14/" "Mozilla/5.0 (Windows NT 6.1; WOW64; Trident/7.0; rv:11.0) like Gecko"
10.100.81.128 - - [07/May/2022:14:48:43 +0800] "POST /single_or_double HTTP/1.1" 200 24 "http://10.100.80.14/" "Mozilla/5.0 (Windows NT 6.1; WOW64; Trident/7.0; rv:11.0) like Gecko"
10.100.81.122 - - [07/May/2022:14:48:44 +0800] "POST /single_or_double HTTP/1.1" 200 22 "http://10.100.80.14/" "Mozilla/5.0 (Windows NT 6.1; WOW64; Trident/7.0; rv:11.0) like Gecko"
10.100.81.73 - - [07/May/2022:14:48:45 +0800] "GET /task2 HTTP/1.1" 200 8101 "http://10.100.80.14/" "Mozilla/5.0 (Windows NT 6.1; Trident/7.0; rv:11.0) like Gecko"
10.100.81.73 - - [07/May/2022:14:48:45 +0800] "GET /static/assets/css/bootstrap.css HTTP/1.1" 304 0 "http://10.100.80.14/task2" "Mozilla/5.0 (Windows NT 6.1; Trident/7.0; rv:11.0) like Gecko"
10.100.81.73 - - [07/May/2022:14:48:45 +0800] "GET /static/assets/css/main.css HTTP/1.1" 304 0 "http://10.100.80.14/task2" "Mozilla/5.0 (Windows NT 6.1; Trident/7.0; rv:11.0) like Gecko"
10.100.81.73 - - [07/May/2022:14:48:45 +0800] "GET /static/jquery-3.6.0.min.js HTTP/1.1" 304 0 "http://10.100.80.14/task2" "Mozilla/5.0 (Windows NT 6.1; Trident/7.0; rv:11.0) like Gecko"
10.100.81.73 - - [07/May/2022:14:48:45 +0800] "GET /static/assets/js/hover.zoom.js HTTP/1.1" 304 0 "http://10.100.80.14/task2" "Mozilla/5.0 (Windows NT 6.1; Trident/7.0; rv:11.0) like Gecko"
10.100.81.73 - - [07/May/2022:14:48:45 +0800] "GET /static/assets/js/hover.zoom.conf.js HTTP/1.1" 304 0 "http://10.100.80.14/task2" "Mozilla/5.0 (Windows NT 6.1; Trident/7.0; rv:11.0) like Gecko"
10.100.81.73 - - [07/May/2022:14:48:46 +0800] "GET /static/assets/js/bootstrap.min.js HTTP/1.1" 304 0 "http://10.100.80.14/task2" "Mozilla/5.0 (Windows NT 6.1; Trident/7.0; rv:11.0) like Gecko"
10.100.81.73 - - [07/May/2022:14:48:46 +0800] "GET /static/task2.js HTTP/1.1" 200 617 "http://10.100.80.14/task2" "Mozilla/5.0 (Windows NT 6.1; Trident/7.0; rv:11.0) like Gecko"
10.100.81.73 - - [07/May/2022:14:48:46 +0800] "GET /favicon.ico HTTP/1.1" 404 232 "-" "Mozilla/5.0 (Windows NT 6.1; Trident/7.0; rv:11.0) like Gecko"
10.100.81.122 - - [07/May/2022:14:48:47 +0800] "GET / HTTP/1.1" 200 5613 "http://10.100.80.14/" "Mozilla/5.0 (Windows NT 6.1; WOW64; Trident/7.0; rv:11.0) like Gecko"
10.100.81.122 - - [07/May/2022:14:48:47 +0800] "GET /static/assets/css/bootstrap.css HTTP/1.1" 304 0 "http://10.100.80.14/" "Mozilla/5.0 (Windows NT 6.1; WOW64; Trident/7.0; rv:11.0) like Gecko"
10.100.81.122 - - [07/May/2022:14:48:47 +0800] "GET /static/jquery-3.6.0.min.js HTTP/1.1" 304 0 "http://10.100.80.14/" "Mozilla/5.0 (Windows NT 6.1; WOW64; Trident/7.0; rv:11.0) like Gecko"
10.100.81.122 - - [07/May/2022:14:48:47 +0800] "GET /static/assets/js/hover.zoom.conf.js HTTP/1.1" 304 0 "http://10.100.80.14/" "Mozilla/5.0 (Windows NT 6.1; WOW64; Trident/7.0; rv:11.0) like Gecko"
10.100.81.122 - - [07/May/2022:14:48:47 +0800] "GET /static/assets/js/hover.zoom.js HTTP/1.1" 304 0 "http://10.100.80.14/" "Mozilla/5.0 (Windows NT 6.1; WOW64; Trident/7.0; rv:11.0) like Gecko"
10.100.81.122 - - [07/May/2022:14:48:47 +0800] "GET /static/assets/img/python.png HTTP/1.1" 304 0 "http://10.100.80.14/" "Mozilla/5.0 (Windows NT 6.1; WOW64; Trident/7.0; rv:11.0) like Gecko"
10.100.81.122 - - [07/May/2022:14:48:47 +0800] "GET /static/index.js HTTP/1.1" 304 0 "http://10.100.80.14/" "Mozilla/5.0 (Windows NT 6.1; WOW64; Trident/7.0; rv:11.0) like Gecko"
10.100.81.122 - - [07/May/2022:14:48:47 +0800] "GET /static/assets/js/bootstrap.min.js HTTP/1.1" 304 0 "http://10.100.80.14/" "Mozilla/5.0 (Windows NT 6.1; WOW64; Trident/7.0; rv:11.0) like Gecko"
10.100.81.122 - - [07/May/2022:14:48:47 +0800] "GET /static/assets/img/example.jpg HTTP/1.1" 304 0 "http://10.100.80.14/" "Mozilla/5.0 (Windows NT 6.1; WOW64; Trident/7.0; rv:11.0) like Gecko"
10.100.81.122 - - [07/May/2022:14:48:48 +0800] "GET /static/assets/css/main.css HTTP/1.1" 304 0 "http://10.100.80.14/" "Mozilla/5.0 (Windows NT 6.1; WOW64; Trident/7.0; rv:11.0) like Gecko"
10.100.81.128 - - [07/May/2022:14:48:48 +0800] "POST /single_or_double HTTP/1.1" 200 24 "http://10.100.80.14/" "Mozilla/5.0 (Windows NT 6.1; WOW64; Trident/7.0; rv:11.0) like Gecko"
10.100.81.128 - - [07/May/2022:14:48:49 +0800] "POST /single_or_double HTTP/1.1" 200 24 "http://10.100.80.14/" "Mozilla/5.0 (Windows NT 6.1; WOW64; Trident/7.0; rv:11.0) like Gecko"
10.100.81.128 - - [07/May/2022:14:48:49 +0800] "POST /single_or_double HTTP/1.1" 200 24 "http://10.100.80.14/" "Mozilla/5.0 (Windows NT 6.1; WOW64; Trident/7.0; rv:11.0) like Gecko"
10.100.81.128 - - [07/May/2022:14:48:49 +0800] "POST /single_or_double HTTP/1.1" 200 24 "http://10.100.80.14/" "Mozilla/5.0 (Windows NT 6.1; WOW64; Trident/7.0; rv:11.0) like Gecko"
10.100.81.128 - - [07/May/2022:14:48:49 +0800] "POST /single_or_double HTTP/1.1" 200 24 "http://10.100.80.14/" "Mozilla/5.0 (Windows NT 6.1; WOW64; Trident/7.0; rv:11.0) like Gecko"
10.100.81.128 - - [07/May/2022:14:48:49 +0800] "POST /single_or_double HTTP/1.1" 200 24 "http://10.100.80.14/" "Mozilla/5.0 (Windows NT 6.1; WOW64; Trident/7.0; rv:11.0) like Gecko"
10.100.81.128 - - [07/May/2022:14:48:50 +0800] "POST /single_or_double HTTP/1.1" 200 24 "http://10.100.80.14/" "Mozilla/5.0 (Windows NT 6.1; WOW64; Trident/7.0; rv:11.0) like Gecko"
10.100.81.128 - - [07/May/2022:14:48:50 +0800] "POST /single_or_double HTTP/1.1" 200 24 "http://10.100.80.14/" "Mozilla/5.0 (Windows NT 6.1; WOW64; Trident/7.0; rv:11.0) like Gecko"
10.100.81.128 - - [07/May/2022:14:48:50 +0800] "POST /single_or_double HTTP/1.1" 200 24 "http://10.100.80.14/" "Mozilla/5.0 (Windows NT 6.1; WOW64; Trident/7.0; rv:11.0) like Gecko"
10.100.81.128 - - [07/May/2022:14:48:50 +0800] "POST /single_or_double HTTP/1.1" 200 24 "http://10.100.80.14/" "Mozilla/5.0 (Windows NT 6.1; WOW64; Trident/7.0; rv:11.0) like Gecko"
10.100.81.128 - - [07/May/2022:14:48:50 +0800] "POST /single_or_double HTTP/1.1" 200 24 "http://10.100.80.14/" "Mozilla/5.0 (Windows NT 6.1; WOW64; Trident/7.0; rv:11.0) like Gecko"
10.100.81.128 - - [07/May/2022:14:48:50 +0800] "POST /single_or_double HTTP/1.1" 200 24 "http://10.100.80.14/" "Mozilla/5.0 (Windows NT 6.1; WOW64; Trident/7.0; rv:11.0) like Gecko"
10.100.81.128 - - [07/May/2022:14:48:51 +0800] "POST /single_or_double HTTP/1.1" 200 24 "http://10.100.80.14/" "Mozilla/5.0 (Windows NT 6.1; WOW64; Trident/7.0; rv:11.0) like Gecko"
10.100.81.78 - - [07/May/2022:14:48:52 +0800] "GET /static/assets/img/example.jpg HTTP/1.1" 304 0 "http://10.100.80.14/" "Mozilla/5.0 (Windows NT 6.1; Trident/7.0; rv:11.0) like Gecko"
10.100.81.78 - - [07/May/2022:14:48:52 +0800] "GET /favicon.ico HTTP/1.1" 404 232 "-" "Mozilla/5.0 (Windows NT 6.1; Trident/7.0; rv:11.0) like Gecko"
10.100.81.133 - - [07/May/2022:14:48:52 +0800] "POST /single_or_double HTTP/1.1" 200 24 "http://10.100.80.14/" "Mozilla/5.0 (Windows NT 6.1; WOW64; Trident/7.0; rv:11.0) like Gecko"
10.100.81.122 - - [07/May/2022:14:48:55 +0800] "POST /single_or_double HTTP/1.1" 200 22 "http://10.100.80.14/" "Mozilla/5.0 (Windows NT 6.1; WOW64; Trident/7.0; rv:11.0) like Gecko"
10.100.81.104 - - [07/May/2022:14:48:56 +0800] "POST /single_or_double HTTP/1.1" 200 24 "http://10.100.80.14/" "Mozilla/5.0 (Windows NT 6.1; WOW64; Trident/7.0; rv:11.0) like Gecko"
10.100.81.104 - - [07/May/2022:14:48:57 +0800] "POST /single_or_double HTTP/1.1" 200 24 "http://10.100.80.14/" "Mozilla/5.0 (Windows NT 6.1; WOW64; Trident/7.0; rv:11.0) like Gecko"
10.100.81.100 - - [07/May/2022:14:48:59 +0800] "POST /single_or_double HTTP/1.1" 200 22 "http://10.100.80.14/" "Mozilla/5.0 (Windows NT 6.1; WOW64; Trident/7.0; rv:11.0) like Gecko"
10.100.81.73 - - [07/May/2022:14:48:59 +0800] "POST /task_2_1 HTTP/1.1" 200 22 "http://10.100.80.14/task2" "Mozilla/5.0 (Windows NT 6.1; Trident/7.0; rv:11.0) like Gecko"
10.100.81.100 - - [07/May/2022:14:49:00 +0800] "POST /single_or_double HTTP/1.1" 200 22 "http://10.100.80.14/" "Mozilla/5.0 (Windows NT 6.1; WOW64; Trident/7.0; rv:11.0) like Gecko"
10.100.81.73 - - [07/May/2022:14:49:00 +0800] "POST /task_2_1 HTTP/1.1" 200 22 "http://10.100.80.14/task2" "Mozilla/5.0 (Windows NT 6.1; Trident/7.0; rv:11.0) like Gecko"
10.100.81.100 - - [07/May/2022:14:49:00 +0800] "POST /single_or_double HTTP/1.1" 200 22 "http://10.100.80.14/" "Mozilla/5.0 (Windows NT 6.1; WOW64; Trident/7.0; rv:11.0) like Gecko"
10.100.81.100 - - [07/May/2022:14:49:01 +0800] "POST /single_or_double HTTP/1.1" 200 22 "http://10.100.80.14/" "Mozilla/5.0 (Windows NT 6.1; WOW64; Trident/7.0; rv:11.0) like Gecko"
10.100.81.133 - - [07/May/2022:14:49:01 +0800] "POST /single_or_double HTTP/1.1" 200 24 "http://10.100.80.14/" "Mozilla/5.0 (Windows NT 6.1; WOW64; Trident/7.0; rv:11.0) like Gecko"
10.100.81.78 - - [07/May/2022:14:49:01 +0800] "GET /static/assets/img/example.jpg HTTP/1.1" 304 0 "http://10.100.80.14/static/assets/img/example.jpg" "Mozilla/5.0 (Windows NT 6.1; Trident/7.0; rv:11.0) like Gecko"
10.100.81.78 - - [07/May/2022:14:49:01 +0800] "GET /favicon.ico HTTP/1.1" 404 232 "-" "Mozilla/5.0 (Windows NT 6.1; Trident/7.0; rv:11.0) like Gecko"
10.100.81.133 - - [07/May/2022:14:49:02 +0800] "POST /single_or_double HTTP/1.1" 200 24 "http://10.100.80.14/" "Mozilla/5.0 (Windows NT 6.1; WOW64; Trident/7.0; rv:11.0) like Gecko"
10.100.81.107 - - [07/May/2022:14:49:02 +0800] "GET / HTTP/1.1" 200 5613 "-" "Mozilla/5.0 (Windows NT 6.1; WOW64; Trident/7.0; rv:11.0) like Gecko"
10.100.81.107 - - [07/May/2022:14:49:02 +0800] "GET /static/assets/css/bootstrap.css HTTP/1.1" 304 0 "http://10.100.80.14/" "Mozilla/5.0 (Windows NT 6.1; WOW64; Trident/7.0; rv:11.0) like Gecko"
10.100.81.107 - - [07/May/2022:14:49:02 +0800] "GET /static/assets/css/main.css HTTP/1.1" 304 0 "http://10.100.80.14/" "Mozilla/5.0 (Windows NT 6.1; WOW64; Trident/7.0; rv:11.0) like Gecko"
10.100.81.107 - - [07/May/2022:14:49:02 +0800] "GET /static/jquery-3.6.0.min.js HTTP/1.1" 304 0 "http://10.100.80.14/" "Mozilla/5.0 (Windows NT 6.1; WOW64; Trident/7.0; rv:11.0) like Gecko"
10.100.81.107 - - [07/May/2022:14:49:02 +0800] "GET /static/assets/js/hover.zoom.conf.js HTTP/1.1" 304 0 "http://10.100.80.14/" "Mozilla/5.0 (Windows NT 6.1; WOW64; Trident/7.0; rv:11.0) like Gecko"
10.100.81.107 - - [07/May/2022:14:49:02 +0800] "GET /static/assets/img/python.png HTTP/1.1" 304 0 "http://10.100.80.14/" "Mozilla/5.0 (Windows NT 6.1; WOW64; Trident/7.0; rv:11.0) like Gecko"
10.100.81.107 - - [07/May/2022:14:49:02 +0800] "GET /static/assets/js/hover.zoom.js HTTP/1.1" 304 0 "http://10.100.80.14/" "Mozilla/5.0 (Windows NT 6.1; WOW64; Trident/7.0; rv:11.0) like Gecko"
10.100.81.107 - - [07/May/2022:14:49:02 +0800] "GET /static/assets/img/example.jpg HTTP/1.1" 304 0 "http://10.100.80.14/" "Mozilla/5.0 (Windows NT 6.1; WOW64; Trident/7.0; rv:11.0) like Gecko"
10.100.81.107 - - [07/May/2022:14:49:02 +0800] "GET /static/assets/js/bootstrap.min.js HTTP/1.1" 304 0 "http://10.100.80.14/" "Mozilla/5.0 (Windows NT 6.1; WOW64; Trident/7.0; rv:11.0) like Gecko"
10.100.81.107 - - [07/May/2022:14:49:02 +0800] "GET /static/index.js HTTP/1.1" 304 0 "http://10.100.80.14/" "Mozilla/5.0 (Windows NT 6.1; WOW64; Trident/7.0; rv:11.0) like Gecko"
10.100.81.107 - - [07/May/2022:14:49:02 +0800] "GET /favicon.ico HTTP/1.1" 404 232 "-" "Mozilla/5.0 (Windows NT 6.1; WOW64; Trident/7.0; rv:11.0) like Gecko"
10.100.81.100 - - [07/May/2022:14:49:04 +0800] "POST /single_or_double HTTP/1.1" 200 22 "http://10.100.80.14/" "Mozilla/5.0 (Windows NT 6.1; WOW64; Trident/7.0; rv:11.0) like Gecko"
10.100.81.100 - - [07/May/2022:14:49:04 +0800] "POST /single_or_double HTTP/1.1" 200 22 "http://10.100.80.14/" "Mozilla/5.0 (Windows NT 6.1; WOW64; Trident/7.0; rv:11.0) like Gecko"
10.100.81.122 - - [07/May/2022:14:49:04 +0800] "GET /task2 HTTP/1.1" 200 8101 "http://10.100.80.14/" "Mozilla/5.0 (Windows NT 6.1; WOW64; Trident/7.0; rv:11.0) like Gecko"
10.100.81.122 - - [07/May/2022:14:49:04 +0800] "GET /static/assets/css/bootstrap.css HTTP/1.1" 304 0 "http://10.100.80.14/task2" "Mozilla/5.0 (Windows NT 6.1; WOW64; Trident/7.0; rv:11.0) like Gecko"
10.100.81.122 - - [07/May/2022:14:49:04 +0800] "GET /static/assets/css/main.css HTTP/1.1" 304 0 "http://10.100.80.14/task2" "Mozilla/5.0 (Windows NT 6.1; WOW64; Trident/7.0; rv:11.0) like Gecko"
10.100.81.122 - - [07/May/2022:14:49:04 +0800] "GET /static/assets/js/hover.zoom.js HTTP/1.1" 304 0 "http://10.100.80.14/task2" "Mozilla/5.0 (Windows NT 6.1; WOW64; Trident/7.0; rv:11.0) like Gecko"
10.100.81.122 - - [07/May/2022:14:49:04 +0800] "GET /static/jquery-3.6.0.min.js HTTP/1.1" 304 0 "http://10.100.80.14/task2" "Mozilla/5.0 (Windows NT 6.1; WOW64; Trident/7.0; rv:11.0) like Gecko"
10.100.81.100 - - [07/May/2022:14:49:04 +0800] "POST /single_or_double HTTP/1.1" 200 22 "http://10.100.80.14/" "Mozilla/5.0 (Windows NT 6.1; WOW64; Trident/7.0; rv:11.0) like Gecko"
10.100.81.122 - - [07/May/2022:14:49:04 +0800] "GET /static/assets/js/hover.zoom.conf.js HTTP/1.1" 304 0 "http://10.100.80.14/task2" "Mozilla/5.0 (Windows NT 6.1; WOW64; Trident/7.0; rv:11.0) like Gecko"
10.100.81.133 - - [07/May/2022:14:49:04 +0800] "POST /single_or_double HTTP/1.1" 200 24 "http://10.100.80.14/" "Mozilla/5.0 (Windows NT 6.1; WOW64; Trident/7.0; rv:11.0) like Gecko"
10.100.81.122 - - [07/May/2022:14:49:05 +0800] "GET /static/assets/js/bootstrap.min.js HTTP/1.1" 304 0 "http://10.100.80.14/task2" "Mozilla/5.0 (Windows NT 6.1; WOW64; Trident/7.0; rv:11.0) like Gecko"
10.100.81.122 - - [07/May/2022:14:49:05 +0800] "GET /static/task2.js HTTP/1.1" 200 617 "http://10.100.80.14/task2" "Mozilla/5.0 (Windows NT 6.1; WOW64; Trident/7.0; rv:11.0) like Gecko"
10.100.81.122 - - [07/May/2022:14:49:05 +0800] "GET /favicon.ico HTTP/1.1" 404 232 "-" "Mozilla/5.0 (Windows NT 6.1; WOW64; Trident/7.0; rv:11.0) like Gecko"
10.100.81.100 - - [07/May/2022:14:49:05 +0800] "POST /single_or_double HTTP/1.1" 200 22 "http://10.100.80.14/" "Mozilla/5.0 (Windows NT 6.1; WOW64; Trident/7.0; rv:11.0) like Gecko"
10.100.81.133 - - [07/May/2022:14:49:05 +0800] "POST /single_or_double HTTP/1.1" 200 24 "http://10.100.80.14/" "Mozilla/5.0 (Windows NT 6.1; WOW64; Trident/7.0; rv:11.0) like Gecko"
10.100.81.100 - - [07/May/2022:14:49:05 +0800] "POST /single_or_double HTTP/1.1" 200 22 "http://10.100.80.14/" "Mozilla/5.0 (Windows NT 6.1; WOW64; Trident/7.0; rv:11.0) like Gecko"
10.100.81.100 - - [07/May/2022:14:49:05 +0800] "POST /single_or_double HTTP/1.1" 200 22 "http://10.100.80.14/" "Mozilla/5.0 (Windows NT 6.1; WOW64; Trident/7.0; rv:11.0) like Gecko"
10.100.81.100 - - [07/May/2022:14:49:05 +0800] "POST /single_or_double HTTP/1.1" 200 22 "http://10.100.80.14/" "Mozilla/5.0 (Windows NT 6.1; WOW64; Trident/7.0; rv:11.0) like Gecko"
10.100.81.100 - - [07/May/2022:14:49:06 +0800] "POST /single_or_double HTTP/1.1" 200 22 "http://10.100.80.14/" "Mozilla/5.0 (Windows NT 6.1; WOW64; Trident/7.0; rv:11.0) like Gecko"
10.100.81.100 - - [07/May/2022:14:49:06 +0800] "POST /single_or_double HTTP/1.1" 200 22 "http://10.100.80.14/" "Mozilla/5.0 (Windows NT 6.1; WOW64; Trident/7.0; rv:11.0) like Gecko"
10.100.81.122 - - [07/May/2022:14:49:06 +0800] "GET /task1 HTTP/1.1" 200 7342 "http://10.100.80.14/task2" "Mozilla/5.0 (Windows NT 6.1; WOW64; Trident/7.0; rv:11.0) like Gecko"
10.100.81.122 - - [07/May/2022:14:49:06 +0800] "GET /static/assets/css/bootstrap.css HTTP/1.1" 304 0 "http://10.100.80.14/task1" "Mozilla/5.0 (Windows NT 6.1; WOW64; Trident/7.0; rv:11.0) like Gecko"
10.100.81.122 - - [07/May/2022:14:49:06 +0800] "GET /static/assets/css/main.css HTTP/1.1" 304 0 "http://10.100.80.14/task1" "Mozilla/5.0 (Windows NT 6.1; WOW64; Trident/7.0; rv:11.0) like Gecko"
10.100.81.122 - - [07/May/2022:14:49:06 +0800] "GET /static/jquery-3.6.0.min.js HTTP/1.1" 304 0 "http://10.100.80.14/task1" "Mozilla/5.0 (Windows NT 6.1; WOW64; Trident/7.0; rv:11.0) like Gecko"
10.100.81.122 - - [07/May/2022:14:49:06 +0800] "GET /static/assets/js/hover.zoom.js HTTP/1.1" 304 0 "http://10.100.80.14/task1" "Mozilla/5.0 (Windows NT 6.1; WOW64; Trident/7.0; rv:11.0) like Gecko"
10.100.81.122 - - [07/May/2022:14:49:06 +0800] "GET /static/assets/js/hover.zoom.conf.js HTTP/1.1" 304 0 "http://10.100.80.14/task1" "Mozilla/5.0 (Windows NT 6.1; WOW64; Trident/7.0; rv:11.0) like Gecko"
10.100.81.100 - - [07/May/2022:14:49:06 +0800] "POST /single_or_double HTTP/1.1" 200 22 "http://10.100.80.14/" "Mozilla/5.0 (Windows NT 6.1; WOW64; Trident/7.0; rv:11.0) like Gecko"
10.100.81.122 - - [07/May/2022:14:49:06 +0800] "GET /static/assets/js/bootstrap.min.js HTTP/1.1" 304 0 "http://10.100.80.14/task1" "Mozilla/5.0 (Windows NT 6.1; WOW64; Trident/7.0; rv:11.0) like Gecko"
10.100.81.122 - - [07/May/2022:14:49:06 +0800] "GET /static/index.js HTTP/1.1" 304 0 "http://10.100.80.14/task1" "Mozilla/5.0 (Windows NT 6.1; WOW64; Trident/7.0; rv:11.0) like Gecko"
10.100.81.122 - - [07/May/2022:14:49:06 +0800] "GET /favicon.ico HTTP/1.1" 404 232 "-" "Mozilla/5.0 (Windows NT 6.1; WOW64; Trident/7.0; rv:11.0) like Gecko"
10.100.81.100 - - [07/May/2022:14:49:06 +0800] "POST /single_or_double HTTP/1.1" 200 22 "http://10.100.80.14/" "Mozilla/5.0 (Windows NT 6.1; WOW64; Trident/7.0; rv:11.0) like Gecko"
10.100.81.110 - - [07/May/2022:14:49:07 +0800] "POST /single_or_double HTTP/1.1" 200 22 "http://10.100.80.14/" "Mozilla/5.0 (Windows NT 6.1; WOW64) AppleWebKit/537.36 (KHTML, like Gecko) Chrome/86.0.4240.198 Safari/537.36"
10.100.81.122 - - [07/May/2022:14:49:08 +0800] "GET /task1 HTTP/1.1" 200 7342 "http://10.100.80.14/task1" "Mozilla/5.0 (Windows NT 6.1; WOW64; Trident/7.0; rv:11.0) like Gecko"
10.100.81.122 - - [07/May/2022:14:49:08 +0800] "GET /static/assets/css/bootstrap.css HTTP/1.1" 304 0 "http://10.100.80.14/task1" "Mozilla/5.0 (Windows NT 6.1; WOW64; Trident/7.0; rv:11.0) like Gecko"
10.100.81.122 - - [07/May/2022:14:49:08 +0800] "GET /static/assets/css/main.css HTTP/1.1" 304 0 "http://10.100.80.14/task1" "Mozilla/5.0 (Windows NT 6.1; WOW64; Trident/7.0; rv:11.0) like Gecko"
10.100.81.122 - - [07/May/2022:14:49:08 +0800] "GET /static/jquery-3.6.0.min.js HTTP/1.1" 304 0 "http://10.100.80.14/task1" "Mozilla/5.0 (Windows NT 6.1; WOW64; Trident/7.0; rv:11.0) like Gecko"
10.100.81.122 - - [07/May/2022:14:49:08 +0800] "GET /static/assets/js/hover.zoom.js HTTP/1.1" 304 0 "http://10.100.80.14/task1" "Mozilla/5.0 (Windows NT 6.1; WOW64; Trident/7.0; rv:11.0) like Gecko"
10.100.81.122 - - [07/May/2022:14:49:08 +0800] "GET /static/assets/js/hover.zoom.conf.js HTTP/1.1" 304 0 "http://10.100.80.14/task1" "Mozilla/5.0 (Windows NT 6.1; WOW64; Trident/7.0; rv:11.0) like Gecko"
10.100.81.122 - - [07/May/2022:14:49:08 +0800] "GET /static/assets/js/bootstrap.min.js HTTP/1.1" 304 0 "http://10.100.80.14/task1" "Mozilla/5.0 (Windows NT 6.1; WOW64; Trident/7.0; rv:11.0) like Gecko"
10.100.81.122 - - [07/May/2022:14:49:08 +0800] "GET /static/index.js HTTP/1.1" 304 0 "http://10.100.80.14/task1" "Mozilla/5.0 (Windows NT 6.1; WOW64; Trident/7.0; rv:11.0) like Gecko"
10.100.81.72 - - [07/May/2022:14:49:09 +0800] "GET /static/assets/img/python.png HTTP/1.1" 304 0 "http://10.100.80.14/" "Mozilla/5.0 (Windows NT 6.1; Trident/7.0; rv:11.0) like Gecko"
10.100.81.72 - - [07/May/2022:14:49:09 +0800] "GET /static/assets/img/python.png HTTP/1.1" 200 105539 "http://10.100.80.14/" "Mozilla/5.0 (Windows NT 6.1) AppleWebKit/537.36 (KHTML, like Gecko) Chrome/78.0.3904.108 Safari/537.36"
10.100.81.72 - - [07/May/2022:14:49:10 +0800] "GET /favicon.ico HTTP/1.1" 404 232 "-" "Mozilla/5.0 (Windows NT 6.1; Trident/7.0; rv:11.0) like Gecko"
10.100.81.160 - - [07/May/2022:14:49:10 +0800] "POST /single_or_double HTTP/1.1" 200 24 "http://10.100.80.14/" "Mozilla/5.0 (Windows NT 6.1) AppleWebKit/537.36 (KHTML, like Gecko) Chrome/100.0.4896.127 Safari/537.36"
10.100.81.73 - - [07/May/2022:14:49:12 +0800] "POST /task_2_1 HTTP/1.1" 200 2 "http://10.100.80.14/task2" "Mozilla/5.0 (Windows NT 6.1; Trident/7.0; rv:11.0) like Gecko"
10.100.81.122 - - [07/May/2022:14:49:14 +0800] "GET /task2 HTTP/1.1" 200 8101 "http://10.100.80.14/task1" "Mozilla/5.0 (Windows NT 6.1; WOW64; Trident/7.0; rv:11.0) like Gecko"
10.100.81.122 - - [07/May/2022:14:49:14 +0800] "GET /static/assets/css/main.css HTTP/1.1" 304 0 "http://10.100.80.14/task2" "Mozilla/5.0 (Windows NT 6.1; WOW64; Trident/7.0; rv:11.0) like Gecko"
10.100.81.122 - - [07/May/2022:14:49:14 +0800] "GET /static/jquery-3.6.0.min.js HTTP/1.1" 304 0 "http://10.100.80.14/task2" "Mozilla/5.0 (Windows NT 6.1; WOW64; Trident/7.0; rv:11.0) like Gecko"
10.100.81.122 - - [07/May/2022:14:49:14 +0800] "GET /static/assets/js/hover.zoom.js HTTP/1.1" 304 0 "http://10.100.80.14/task2" "Mozilla/5.0 (Windows NT 6.1; WOW64; Trident/7.0; rv:11.0) like Gecko"
10.100.81.122 - - [07/May/2022:14:49:14 +0800] "GET /static/assets/js/hover.zoom.conf.js HTTP/1.1" 304 0 "http://10.100.80.14/task2" "Mozilla/5.0 (Windows NT 6.1; WOW64; Trident/7.0; rv:11.0) like Gecko"
10.100.81.122 - - [07/May/2022:14:49:14 +0800] "GET /static/assets/js/bootstrap.min.js HTTP/1.1" 304 0 "http://10.100.80.14/task2" "Mozilla/5.0 (Windows NT 6.1; WOW64; Trident/7.0; rv:11.0) like Gecko"
10.100.81.122 - - [07/May/2022:14:49:14 +0800] "GET /static/task2.js HTTP/1.1" 304 0 "http://10.100.80.14/task2" "Mozilla/5.0 (Windows NT 6.1; WOW64; Trident/7.0; rv:11.0) like Gecko"
10.100.81.133 - - [07/May/2022:14:49:14 +0800] "POST /single_or_double HTTP/1.1" 200 24 "http://10.100.80.14/" "Mozilla/5.0 (Windows NT 6.1; WOW64; Trident/7.0; rv:11.0) like Gecko"
10.100.81.122 - - [07/May/2022:14:49:15 +0800] "GET /static/assets/css/bootstrap.css HTTP/1.1" 304 0 "http://10.100.80.14/task2" "Mozilla/5.0 (Windows NT 6.1; WOW64; Trident/7.0; rv:11.0) like Gecko"
10.100.81.122 - - [07/May/2022:14:49:15 +0800] "GET /favicon.ico HTTP/1.1" 404 232 "-" "Mozilla/5.0 (Windows NT 6.1; WOW64; Trident/7.0; rv:11.0) like Gecko"
10.100.81.104 - - [07/May/2022:14:49:15 +0800] "POST /single_or_double HTTP/1.1" 200 24 "http://10.100.80.14/" "Mozilla/5.0 (Windows NT 6.1; WOW64; Trident/7.0; rv:11.0) like Gecko"
10.100.81.100 - - [07/May/2022:14:49:17 +0800] "POST /single_or_double HTTP/1.1" 200 24 "http://10.100.80.14/" "Mozilla/5.0 (Windows NT 6.1; WOW64; Trident/7.0; rv:11.0) like Gecko"
10.100.81.122 - - [07/May/2022:14:49:17 +0800] "GET /task3 HTTP/1.1" 200 8965 "http://10.100.80.14/task2" "Mozilla/5.0 (Windows NT 6.1; WOW64; Trident/7.0; rv:11.0) like Gecko"
10.100.81.122 - - [07/May/2022:14:49:17 +0800] "GET /static/assets/css/bootstrap.css HTTP/1.1" 304 0 "http://10.100.80.14/task3" "Mozilla/5.0 (Windows NT 6.1; WOW64; Trident/7.0; rv:11.0) like Gecko"
10.100.81.122 - - [07/May/2022:14:49:17 +0800] "GET /static/assets/css/main.css HTTP/1.1" 304 0 "http://10.100.80.14/task3" "Mozilla/5.0 (Windows NT 6.1; WOW64; Trident/7.0; rv:11.0) like Gecko"
10.100.81.122 - - [07/May/2022:14:49:17 +0800] "GET /static/jquery-3.6.0.min.js HTTP/1.1" 304 0 "http://10.100.80.14/task3" "Mozilla/5.0 (Windows NT 6.1; WOW64; Trident/7.0; rv:11.0) like Gecko"
10.100.81.122 - - [07/May/2022:14:49:17 +0800] "GET /static/assets/js/hover.zoom.js HTTP/1.1" 304 0 "http://10.100.80.14/task3" "Mozilla/5.0 (Windows NT 6.1; WOW64; Trident/7.0; rv:11.0) like Gecko"
10.100.81.122 - - [07/May/2022:14:49:17 +0800] "GET /static/assets/js/hover.zoom.conf.js HTTP/1.1" 304 0 "http://10.100.80.14/task3" "Mozilla/5.0 (Windows NT 6.1; WOW64; Trident/7.0; rv:11.0) like Gecko"
10.100.81.122 - - [07/May/2022:14:49:17 +0800] "GET /static/assets/js/bootstrap.min.js HTTP/1.1" 304 0 "http://10.100.80.14/task3" "Mozilla/5.0 (Windows NT 6.1; WOW64; Trident/7.0; rv:11.0) like Gecko"
10.100.81.122 - - [07/May/2022:14:49:17 +0800] "GET /static/task3.js HTTP/1.1" 200 625 "http://10.100.80.14/task3" "Mozilla/5.0 (Windows NT 6.1; WOW64; Trident/7.0; rv:11.0) like Gecko"
10.100.81.122 - - [07/May/2022:14:49:17 +0800] "GET /favicon.ico HTTP/1.1" 404 232 "-" "Mozilla/5.0 (Windows NT 6.1; WOW64; Trident/7.0; rv:11.0) like Gecko"
10.100.81.85 - - [07/May/2022:14:49:21 +0800] "GET / HTTP/1.1" 200 5613 "-" "Mozilla/5.0 (Windows NT 6.1; Trident/7.0; rv:11.0) like Gecko"
10.100.81.85 - - [07/May/2022:14:49:21 +0800] "GET /static/assets/css/bootstrap.css HTTP/1.1" 304 0 "http://10.100.80.14/" "Mozilla/5.0 (Windows NT 6.1; Trident/7.0; rv:11.0) like Gecko"
10.100.81.85 - - [07/May/2022:14:49:21 +0800] "GET /static/assets/css/main.css HTTP/1.1" 304 0 "http://10.100.80.14/" "Mozilla/5.0 (Windows NT 6.1; Trident/7.0; rv:11.0) like Gecko"
10.100.81.85 - - [07/May/2022:14:49:21 +0800] "GET /static/jquery-3.6.0.min.js HTTP/1.1" 304 0 "http://10.100.80.14/" "Mozilla/5.0 (Windows NT 6.1; Trident/7.0; rv:11.0) like Gecko"
10.100.81.85 - - [07/May/2022:14:49:21 +0800] "GET /static/assets/js/hover.zoom.js HTTP/1.1" 304 0 "http://10.100.80.14/" "Mozilla/5.0 (Windows NT 6.1; Trident/7.0; rv:11.0) like Gecko"
10.100.81.85 - - [07/May/2022:14:49:21 +0800] "GET /static/assets/js/hover.zoom.conf.js HTTP/1.1" 304 0 "http://10.100.80.14/" "Mozilla/5.0 (Windows NT 6.1; Trident/7.0; rv:11.0) like Gecko"
10.100.81.85 - - [07/May/2022:14:49:21 +0800] "GET /static/assets/img/python.png HTTP/1.1" 304 0 "http://10.100.80.14/" "Mozilla/5.0 (Windows NT 6.1; Trident/7.0; rv:11.0) like Gecko"
10.100.81.85 - - [07/May/2022:14:49:21 +0800] "GET /static/assets/img/example.jpg HTTP/1.1" 304 0 "http://10.100.80.14/" "Mozilla/5.0 (Windows NT 6.1; Trident/7.0; rv:11.0) like Gecko"
10.100.81.85 - - [07/May/2022:14:49:21 +0800] "GET /static/assets/js/bootstrap.min.js HTTP/1.1" 304 0 "http://10.100.80.14/" "Mozilla/5.0 (Windows NT 6.1; Trident/7.0; rv:11.0) like Gecko"
10.100.81.85 - - [07/May/2022:14:49:21 +0800] "GET /static/index.js HTTP/1.1" 304 0 "http://10.100.80.14/" "Mozilla/5.0 (Windows NT 6.1; Trident/7.0; rv:11.0) like Gecko"
10.100.81.85 - - [07/May/2022:14:49:21 +0800] "GET /favicon.ico HTTP/1.1" 404 232 "-" "Mozilla/5.0 (Windows NT 6.1; Trident/7.0; rv:11.0) like Gecko"
10.100.81.122 - - [07/May/2022:14:49:22 +0800] "GET /task4 HTTP/1.1" 200 7997 "http://10.100.80.14/task3" "Mozilla/5.0 (Windows NT 6.1; WOW64; Trident/7.0; rv:11.0) like Gecko"
10.100.81.122 - - [07/May/2022:14:49:22 +0800] "GET /static/assets/css/bootstrap.css HTTP/1.1" 304 0 "http://10.100.80.14/task4" "Mozilla/5.0 (Windows NT 6.1; WOW64; Trident/7.0; rv:11.0) like Gecko"
10.100.81.122 - - [07/May/2022:14:49:22 +0800] "GET /static/assets/css/main.css HTTP/1.1" 304 0 "http://10.100.80.14/task4" "Mozilla/5.0 (Windows NT 6.1; WOW64; Trident/7.0; rv:11.0) like Gecko"
10.100.81.122 - - [07/May/2022:14:49:22 +0800] "GET /static/jquery-3.6.0.min.js HTTP/1.1" 304 0 "http://10.100.80.14/task4" "Mozilla/5.0 (Windows NT 6.1; WOW64; Trident/7.0; rv:11.0) like Gecko"
10.100.81.122 - - [07/May/2022:14:49:22 +0800] "GET /static/assets/js/hover.zoom.conf.js HTTP/1.1" 304 0 "http://10.100.80.14/task4" "Mozilla/5.0 (Windows NT 6.1; WOW64; Trident/7.0; rv:11.0) like Gecko"
10.100.81.122 - - [07/May/2022:14:49:22 +0800] "GET /static/assets/js/hover.zoom.js HTTP/1.1" 304 0 "http://10.100.80.14/task4" "Mozilla/5.0 (Windows NT 6.1; WOW64; Trident/7.0; rv:11.0) like Gecko"
10.100.81.122 - - [07/May/2022:14:49:22 +0800] "GET /static/assets/js/bootstrap.min.js HTTP/1.1" 304 0 "http://10.100.80.14/task4" "Mozilla/5.0 (Windows NT 6.1; WOW64; Trident/7.0; rv:11.0) like Gecko"
10.100.81.122 - - [07/May/2022:14:49:22 +0800] "GET /static/task4.js HTTP/1.1" 200 509 "http://10.100.80.14/task4" "Mozilla/5.0 (Windows NT 6.1; WOW64; Trident/7.0; rv:11.0) like Gecko"
10.100.81.122 - - [07/May/2022:14:49:22 +0800] "GET /favicon.ico HTTP/1.1" 404 232 "-" "Mozilla/5.0 (Windows NT 6.1; WOW64; Trident/7.0; rv:11.0) like Gecko"
10.100.81.88 - - [07/May/2022:14:49:24 +0800] "POST /single_or_double HTTP/1.1" 200 24 "http://10.100.80.14/" "Mozilla/5.0 (Windows NT 6.1; Trident/7.0; rv:11.0) like Gecko"
10.100.81.122 - - [07/May/2022:14:49:24 +0800] "GET /task1 HTTP/1.1" 200 7342 "http://10.100.80.14/task4" "Mozilla/5.0 (Windows NT 6.1; WOW64; Trident/7.0; rv:11.0) like Gecko"
10.100.81.122 - - [07/May/2022:14:49:24 +0800] "GET /static/assets/css/bootstrap.css HTTP/1.1" 304 0 "http://10.100.80.14/task1" "Mozilla/5.0 (Windows NT 6.1; WOW64; Trident/7.0; rv:11.0) like Gecko"
10.100.81.122 - - [07/May/2022:14:49:24 +0800] "GET /static/jquery-3.6.0.min.js HTTP/1.1" 304 0 "http://10.100.80.14/task1" "Mozilla/5.0 (Windows NT 6.1; WOW64; Trident/7.0; rv:11.0) like Gecko"
10.100.81.122 - - [07/May/2022:14:49:24 +0800] "GET /static/assets/css/main.css HTTP/1.1" 304 0 "http://10.100.80.14/task1" "Mozilla/5.0 (Windows NT 6.1; WOW64; Trident/7.0; rv:11.0) like Gecko"
10.100.81.122 - - [07/May/2022:14:49:24 +0800] "GET /static/assets/js/bootstrap.min.js HTTP/1.1" 304 0 "http://10.100.80.14/task1" "Mozilla/5.0 (Windows NT 6.1; WOW64; Trident/7.0; rv:11.0) like Gecko"
10.100.81.122 - - [07/May/2022:14:49:24 +0800] "GET /static/assets/js/hover.zoom.conf.js HTTP/1.1" 304 0 "http://10.100.80.14/task1" "Mozilla/5.0 (Windows NT 6.1; WOW64; Trident/7.0; rv:11.0) like Gecko"
10.100.81.122 - - [07/May/2022:14:49:24 +0800] "GET /static/assets/js/hover.zoom.js HTTP/1.1" 304 0 "http://10.100.80.14/task1" "Mozilla/5.0 (Windows NT 6.1; WOW64; Trident/7.0; rv:11.0) like Gecko"
10.100.81.122 - - [07/May/2022:14:49:24 +0800] "GET /static/index.js HTTP/1.1" 304 0 "http://10.100.80.14/task1" "Mozilla/5.0 (Windows NT 6.1; WOW64; Trident/7.0; rv:11.0) like Gecko"
10.100.81.122 - - [07/May/2022:14:49:24 +0800] "GET /favicon.ico HTTP/1.1" 404 232 "-" "Mozilla/5.0 (Windows NT 6.1; WOW64; Trident/7.0; rv:11.0) like Gecko"
10.100.81.122 - - [07/May/2022:14:49:25 +0800] "GET /index HTTP/1.1" 200 5613 "http://10.100.80.14/task1" "Mozilla/5.0 (Windows NT 6.1; WOW64; Trident/7.0; rv:11.0) like Gecko"
10.100.81.122 - - [07/May/2022:14:49:26 +0800] "GET /static/assets/css/bootstrap.css HTTP/1.1" 304 0 "http://10.100.80.14/index" "Mozilla/5.0 (Windows NT 6.1; WOW64; Trident/7.0; rv:11.0) like Gecko"
10.100.81.122 - - [07/May/2022:14:49:26 +0800] "GET /static/assets/css/main.css HTTP/1.1" 304 0 "http://10.100.80.14/index" "Mozilla/5.0 (Windows NT 6.1; WOW64; Trident/7.0; rv:11.0) like Gecko"
10.100.81.122 - - [07/May/2022:14:49:26 +0800] "GET /static/assets/js/hover.zoom.conf.js HTTP/1.1" 304 0 "http://10.100.80.14/index" "Mozilla/5.0 (Windows NT 6.1; WOW64; Trident/7.0; rv:11.0) like Gecko"
10.100.81.122 - - [07/May/2022:14:49:26 +0800] "GET /static/assets/js/bootstrap.min.js HTTP/1.1" 304 0 "http://10.100.80.14/index" "Mozilla/5.0 (Windows NT 6.1; WOW64; Trident/7.0; rv:11.0) like Gecko"
10.100.81.122 - - [07/May/2022:14:49:26 +0800] "GET /static/assets/img/python.png HTTP/1.1" 304 0 "http://10.100.80.14/index" "Mozilla/5.0 (Windows NT 6.1; WOW64; Trident/7.0; rv:11.0) like Gecko"
10.100.81.122 - - [07/May/2022:14:49:26 +0800] "GET /static/assets/js/hover.zoom.js HTTP/1.1" 304 0 "http://10.100.80.14/index" "Mozilla/5.0 (Windows NT 6.1; WOW64; Trident/7.0; rv:11.0) like Gecko"
10.100.81.122 - - [07/May/2022:14:49:26 +0800] "GET /static/index.js HTTP/1.1" 304 0 "http://10.100.80.14/index" "Mozilla/5.0 (Windows NT 6.1; WOW64; Trident/7.0; rv:11.0) like Gecko"
10.100.81.122 - - [07/May/2022:14:49:26 +0800] "GET /static/assets/img/example.jpg HTTP/1.1" 304 0 "http://10.100.80.14/index" "Mozilla/5.0 (Windows NT 6.1; WOW64; Trident/7.0; rv:11.0) like Gecko"
10.100.81.79 - - [07/May/2022:14:49:26 +0800] "POST /single_or_double HTTP/1.1" 200 22 "http://10.100.80.14/" "Mozilla/5.0 (Windows NT 6.1; Trident/7.0; rv:11.0) like Gecko"
10.100.81.79 - - [07/May/2022:14:49:26 +0800] "POST /single_or_double HTTP/1.1" 200 22 "http://10.100.80.14/" "Mozilla/5.0 (Windows NT 6.1; Trident/7.0; rv:11.0) like Gecko"
10.100.81.122 - - [07/May/2022:14:49:27 +0800] "GET /static/jquery-3.6.0.min.js HTTP/1.1" 304 0 "http://10.100.80.14/index" "Mozilla/5.0 (Windows NT 6.1; WOW64; Trident/7.0; rv:11.0) like Gecko"
10.100.81.122 - - [07/May/2022:14:49:27 +0800] "GET /favicon.ico HTTP/1.1" 404 232 "-" "Mozilla/5.0 (Windows NT 6.1; WOW64; Trident/7.0; rv:11.0) like Gecko"
10.100.81.79 - - [07/May/2022:14:49:27 +0800] "POST /single_or_double HTTP/1.1" 200 22 "http://10.100.80.14/" "Mozilla/5.0 (Windows NT 6.1; Trident/7.0; rv:11.0) like Gecko"
10.100.81.79 - - [07/May/2022:14:49:27 +0800] "POST /single_or_double HTTP/1.1" 200 22 "http://10.100.80.14/" "Mozilla/5.0 (Windows NT 6.1; Trident/7.0; rv:11.0) like Gecko"
10.100.81.128 - - [07/May/2022:14:49:29 +0800] "POST /single_or_double HTTP/1.1" 200 22 "http://10.100.80.14/" "Mozilla/5.0 (Windows NT 6.1; WOW64; Trident/7.0; rv:11.0) like Gecko"
10.100.81.85 - - [07/May/2022:14:49:30 +0800] "POST /single_or_double HTTP/1.1" 200 24 "http://10.100.80.14/" "Mozilla/5.0 (Windows NT 6.1; Trident/7.0; rv:11.0) like Gecko"
10.100.81.79 - - [07/May/2022:14:49:31 +0800] "POST /single_or_double HTTP/1.1" 200 24 "http://10.100.80.14/" "Mozilla/5.0 (Windows NT 6.1; Trident/7.0; rv:11.0) like Gecko"
10.100.81.79 - - [07/May/2022:14:49:31 +0800] "POST /single_or_double HTTP/1.1" 200 24 "http://10.100.80.14/" "Mozilla/5.0 (Windows NT 6.1; Trident/7.0; rv:11.0) like Gecko"
10.100.81.79 - - [07/May/2022:14:49:32 +0800] "POST /single_or_double HTTP/1.1" 200 24 "http://10.100.80.14/" "Mozilla/5.0 (Windows NT 6.1; Trident/7.0; rv:11.0) like Gecko"
10.100.81.73 - - [07/May/2022:14:49:32 +0800] "POST /task_2_2 HTTP/1.1" 200 2 "http://10.100.80.14/task2" "Mozilla/5.0 (Windows NT 6.1; Trident/7.0; rv:11.0) like Gecko"
10.100.81.73 - - [07/May/2022:14:49:36 +0800] "GET /task3 HTTP/1.1" 200 8965 "http://10.100.80.14/task2" "Mozilla/5.0 (Windows NT 6.1; Trident/7.0; rv:11.0) like Gecko"
10.100.81.73 - - [07/May/2022:14:49:36 +0800] "GET /static/assets/css/bootstrap.css HTTP/1.1" 304 0 "http://10.100.80.14/task3" "Mozilla/5.0 (Windows NT 6.1; Trident/7.0; rv:11.0) like Gecko"
10.100.81.73 - - [07/May/2022:14:49:36 +0800] "GET /static/assets/css/main.css HTTP/1.1" 304 0 "http://10.100.80.14/task3" "Mozilla/5.0 (Windows NT 6.1; Trident/7.0; rv:11.0) like Gecko"
10.100.81.73 - - [07/May/2022:14:49:36 +0800] "GET /static/assets/js/hover.zoom.js HTTP/1.1" 304 0 "http://10.100.80.14/task3" "Mozilla/5.0 (Windows NT 6.1; Trident/7.0; rv:11.0) like Gecko"
10.100.81.73 - - [07/May/2022:14:49:36 +0800] "GET /static/jquery-3.6.0.min.js HTTP/1.1" 304 0 "http://10.100.80.14/task3" "Mozilla/5.0 (Windows NT 6.1; Trident/7.0; rv:11.0) like Gecko"
10.100.81.73 - - [07/May/2022:14:49:36 +0800] "GET /static/assets/js/bootstrap.min.js HTTP/1.1" 304 0 "http://10.100.80.14/task3" "Mozilla/5.0 (Windows NT 6.1; Trident/7.0; rv:11.0) like Gecko"
10.100.81.73 - - [07/May/2022:14:49:36 +0800] "GET /static/assets/js/hover.zoom.conf.js HTTP/1.1" 304 0 "http://10.100.80.14/task3" "Mozilla/5.0 (Windows NT 6.1; Trident/7.0; rv:11.0) like Gecko"
10.100.81.73 - - [07/May/2022:14:49:36 +0800] "GET /static/task3.js HTTP/1.1" 200 625 "http://10.100.80.14/task3" "Mozilla/5.0 (Windows NT 6.1; Trident/7.0; rv:11.0) like Gecko"
10.100.81.110 - - [07/May/2022:14:49:36 +0800] "POST /single_or_double HTTP/1.1" 200 22 "http://10.100.80.14/" "Mozilla/5.0 (Windows NT 6.1; WOW64) AppleWebKit/537.36 (KHTML, like Gecko) Chrome/86.0.4240.198 Safari/537.36"
10.100.81.73 - - [07/May/2022:14:49:36 +0800] "GET /favicon.ico HTTP/1.1" 404 232 "-" "Mozilla/5.0 (Windows NT 6.1; Trident/7.0; rv:11.0) like Gecko"
10.100.81.110 - - [07/May/2022:14:49:37 +0800] "POST /single_or_double HTTP/1.1" 200 22 "http://10.100.80.14/" "Mozilla/5.0 (Windows NT 6.1; WOW64) AppleWebKit/537.36 (KHTML, like Gecko) Chrome/86.0.4240.198 Safari/537.36"
10.100.81.110 - - [07/May/2022:14:49:37 +0800] "POST /single_or_double HTTP/1.1" 200 22 "http://10.100.80.14/" "Mozilla/5.0 (Windows NT 6.1; WOW64) AppleWebKit/537.36 (KHTML, like Gecko) Chrome/86.0.4240.198 Safari/537.36"
10.100.81.133 - - [07/May/2022:14:49:37 +0800] "POST /single_or_double HTTP/1.1" 200 24 "http://10.100.80.14/" "Mozilla/5.0 (Windows NT 6.1; WOW64; Trident/7.0; rv:11.0) like Gecko"
10.100.81.110 - - [07/May/2022:14:49:37 +0800] "POST /single_or_double HTTP/1.1" 200 22 "http://10.100.80.14/" "Mozilla/5.0 (Windows NT 6.1; WOW64) AppleWebKit/537.36 (KHTML, like Gecko) Chrome/86.0.4240.198 Safari/537.36"
10.100.81.128 - - [07/May/2022:14:49:37 +0800] "GET / HTTP/1.1" 200 5613 "http://10.100.80.14/" "Mozilla/5.0 (Windows NT 6.1; WOW64; Trident/7.0; rv:11.0) like Gecko"
10.100.81.128 - - [07/May/2022:14:49:37 +0800] "GET /static/assets/css/bootstrap.css HTTP/1.1" 304 0 "http://10.100.80.14/" "Mozilla/5.0 (Windows NT 6.1; WOW64; Trident/7.0; rv:11.0) like Gecko"
10.100.81.128 - - [07/May/2022:14:49:37 +0800] "GET /static/assets/css/main.css HTTP/1.1" 304 0 "http://10.100.80.14/" "Mozilla/5.0 (Windows NT 6.1; WOW64; Trident/7.0; rv:11.0) like Gecko"
10.100.81.128 - - [07/May/2022:14:49:37 +0800] "GET /static/jquery-3.6.0.min.js HTTP/1.1" 304 0 "http://10.100.80.14/" "Mozilla/5.0 (Windows NT 6.1; WOW64; Trident/7.0; rv:11.0) like Gecko"
10.100.81.128 - - [07/May/2022:14:49:37 +0800] "GET /static/assets/js/hover.zoom.conf.js HTTP/1.1" 304 0 "http://10.100.80.14/" "Mozilla/5.0 (Windows NT 6.1; WOW64; Trident/7.0; rv:11.0) like Gecko"
10.100.81.128 - - [07/May/2022:14:49:37 +0800] "GET /static/assets/img/example.jpg HTTP/1.1" 304 0 "http://10.100.80.14/" "Mozilla/5.0 (Windows NT 6.1; WOW64; Trident/7.0; rv:11.0) like Gecko"
10.100.81.128 - - [07/May/2022:14:49:37 +0800] "GET /static/assets/js/hover.zoom.js HTTP/1.1" 304 0 "http://10.100.80.14/" "Mozilla/5.0 (Windows NT 6.1; WOW64; Trident/7.0; rv:11.0) like Gecko"
10.100.81.128 - - [07/May/2022:14:49:37 +0800] "GET /static/assets/img/python.png HTTP/1.1" 304 0 "http://10.100.80.14/" "Mozilla/5.0 (Windows NT 6.1; WOW64; Trident/7.0; rv:11.0) like Gecko"
10.100.81.128 - - [07/May/2022:14:49:37 +0800] "GET /static/index.js HTTP/1.1" 304 0 "http://10.100.80.14/" "Mozilla/5.0 (Windows NT 6.1; WOW64; Trident/7.0; rv:11.0) like Gecko"
